Archive member included to satisfy reference by file (symbol)

../src/qtouch\libavrxmega6g1-4qt-k-0rs.a(burst_1_1_10_0.o)
                              src/qtouch/touch.o (burst_1_1_10_0)
../src/qtouch\libavrxmega6g1-4qt-k-0rs.a(touch_api.o)
                              src/qtouch/touch.o (qt_enable_key)
../src/qtouch\libavrxmega6g1-4qt-k-0rs.a(touch_process.o)
                              ../src/qtouch\libavrxmega6g1-4qt-k-0rs.a(touch_api.o) (start_cal_sensor)
../src/qtouch\libavrxmega6g1-4qt-k-0rs.a(touch_burst_qt.o)
                              ../src/qtouch\libavrxmega6g1-4qt-k-0rs.a(touch_api.o) (burst_init)
c:/program files (x86)/atmel/studio/7.0/toolchain/avr8/avr8-gnu-toolchain/bin/../lib/gcc/avr/5.4.0/../../../../avr/lib/avrxmega6\libm.a(addsf3.o)
                              src/adc_sensors.o (__addsf3)
c:/program files (x86)/atmel/studio/7.0/toolchain/avr8/avr8-gnu-toolchain/bin/../lib/gcc/avr/5.4.0/../../../../avr/lib/avrxmega6\libm.a(addsf3x.o)
                              c:/program files (x86)/atmel/studio/7.0/toolchain/avr8/avr8-gnu-toolchain/bin/../lib/gcc/avr/5.4.0/../../../../avr/lib/avrxmega6\libm.a(addsf3.o) (__addsf3x)
c:/program files (x86)/atmel/studio/7.0/toolchain/avr8/avr8-gnu-toolchain/bin/../lib/gcc/avr/5.4.0/../../../../avr/lib/avrxmega6\libm.a(fixsfsi.o)
                              src/adc_sensors.o (__fixsfsi)
c:/program files (x86)/atmel/studio/7.0/toolchain/avr8/avr8-gnu-toolchain/bin/../lib/gcc/avr/5.4.0/../../../../avr/lib/avrxmega6\libm.a(fixunssfsi.o)
                              src/ntc_sensor.o (__fixunssfsi)
c:/program files (x86)/atmel/studio/7.0/toolchain/avr8/avr8-gnu-toolchain/bin/../lib/gcc/avr/5.4.0/../../../../avr/lib/avrxmega6\libm.a(floatsisf.o)
                              src/adc_sensors.o (__floatunsisf)
c:/program files (x86)/atmel/studio/7.0/toolchain/avr8/avr8-gnu-toolchain/bin/../lib/gcc/avr/5.4.0/../../../../avr/lib/avrxmega6\libm.a(fp_inf.o)
                              c:/program files (x86)/atmel/studio/7.0/toolchain/avr8/avr8-gnu-toolchain/bin/../lib/gcc/avr/5.4.0/../../../../avr/lib/avrxmega6\libm.a(addsf3x.o) (__fp_inf)
c:/program files (x86)/atmel/studio/7.0/toolchain/avr8/avr8-gnu-toolchain/bin/../lib/gcc/avr/5.4.0/../../../../avr/lib/avrxmega6\libm.a(fp_nan.o)
                              c:/program files (x86)/atmel/studio/7.0/toolchain/avr8/avr8-gnu-toolchain/bin/../lib/gcc/avr/5.4.0/../../../../avr/lib/avrxmega6\libm.a(addsf3x.o) (__fp_nan)
c:/program files (x86)/atmel/studio/7.0/toolchain/avr8/avr8-gnu-toolchain/bin/../lib/gcc/avr/5.4.0/../../../../avr/lib/avrxmega6\libm.a(fp_pscA.o)
                              c:/program files (x86)/atmel/studio/7.0/toolchain/avr8/avr8-gnu-toolchain/bin/../lib/gcc/avr/5.4.0/../../../../avr/lib/avrxmega6\libm.a(addsf3x.o) (__fp_pscA)
c:/program files (x86)/atmel/studio/7.0/toolchain/avr8/avr8-gnu-toolchain/bin/../lib/gcc/avr/5.4.0/../../../../avr/lib/avrxmega6\libm.a(fp_pscB.o)
                              c:/program files (x86)/atmel/studio/7.0/toolchain/avr8/avr8-gnu-toolchain/bin/../lib/gcc/avr/5.4.0/../../../../avr/lib/avrxmega6\libm.a(addsf3x.o) (__fp_pscB)
c:/program files (x86)/atmel/studio/7.0/toolchain/avr8/avr8-gnu-toolchain/bin/../lib/gcc/avr/5.4.0/../../../../avr/lib/avrxmega6\libm.a(fp_round.o)
                              c:/program files (x86)/atmel/studio/7.0/toolchain/avr8/avr8-gnu-toolchain/bin/../lib/gcc/avr/5.4.0/../../../../avr/lib/avrxmega6\libm.a(addsf3.o) (__fp_round)
c:/program files (x86)/atmel/studio/7.0/toolchain/avr8/avr8-gnu-toolchain/bin/../lib/gcc/avr/5.4.0/../../../../avr/lib/avrxmega6\libm.a(fp_split3.o)
                              c:/program files (x86)/atmel/studio/7.0/toolchain/avr8/avr8-gnu-toolchain/bin/../lib/gcc/avr/5.4.0/../../../../avr/lib/avrxmega6\libm.a(addsf3x.o) (__fp_split3)
c:/program files (x86)/atmel/studio/7.0/toolchain/avr8/avr8-gnu-toolchain/bin/../lib/gcc/avr/5.4.0/../../../../avr/lib/avrxmega6\libm.a(fp_zero.o)
                              c:/program files (x86)/atmel/studio/7.0/toolchain/avr8/avr8-gnu-toolchain/bin/../lib/gcc/avr/5.4.0/../../../../avr/lib/avrxmega6\libm.a(addsf3x.o) (__fp_zero)
c:/program files (x86)/atmel/studio/7.0/toolchain/avr8/avr8-gnu-toolchain/bin/../lib/gcc/avr/5.4.0/../../../../avr/lib/avrxmega6\libm.a(mulsf3.o)
                              src/adc_sensors.o (__mulsf3)
c:/program files (x86)/atmel/studio/7.0/toolchain/avr8/avr8-gnu-toolchain/bin/../lib/gcc/avr/5.4.0/../../../../avr/lib/avrxmega6\libm.a(mulsf3x.o)
                              c:/program files (x86)/atmel/studio/7.0/toolchain/avr8/avr8-gnu-toolchain/bin/../lib/gcc/avr/5.4.0/../../../../avr/lib/avrxmega6\libm.a(mulsf3.o) (__mulsf3x)
c:/program files (x86)/atmel/studio/7.0/toolchain/avr8/avr8-gnu-toolchain/bin/../lib/gcc/avr/5.4.0/avrxmega6\libgcc.a(_udivmodhi4.o)
                              src/ASF/xmega/drivers/usb/usb_device.o (__udivmodhi4)
[...]
Memory Configuration

Name             Origin             Length             Attributes
text             0x00000000         0x00100000         xr
data             0x00802000         0x0000ffa0         rw !x
eeprom           0x00810000         0x00010000         rw !x
fuse             0x00820000         0x00000006         rw !x
lock             0x00830000         0x00000400         rw !x
signature        0x00840000         0x00000400         rw !x
user_signatures  0x00850000         0x00000400         rw !x
*default*        0x00000000         0xffffffff

Linker script and memory map

LOAD C:/Program Files (x86)/Atmel/Studio/7.0/Packs/atmel/XMEGAA_DFP/1.1.68/gcc/dev/atxmega256a3bu/avrxmega6/crtatxmega256a3bu.o
LOAD src/adc_sensors.o
LOAD src/ASF/common/components/display/st7565r/st7565r.o
LOAD src/ASF/common/services/calendar/calendar.o
LOAD src/ASF/common/services/clock/xmega/sysclk.o
LOAD src/ASF/common/services/gfx_mono/gfx_mono_c12832_a1z.o
LOAD src/ASF/common/services/gfx_mono/gfx_mono_framebuffer.o
LOAD src/ASF/common/services/gfx_mono/gfx_mono_generic.o
LOAD src/ASF/common/services/gfx_mono/gfx_mono_menu.o
LOAD src/ASF/common/services/gfx_mono/gfx_mono_spinctrl.o
LOAD src/ASF/common/services/gfx_mono/gfx_mono_text.o
LOAD src/ASF/common/services/gfx_mono/sysfont.o
LOAD src/ASF/common/services/ioport/xmega/ioport_compat.o
LOAD src/ASF/common/services/sleepmgr/xmega/sleepmgr.o
LOAD src/ASF/common/services/spi/xmega_usart_spi/usart_spi.o
LOAD src/ASF/common/services/usb/class/cdc/device/udi_cdc.o
LOAD src/ASF/common/services/usb/class/cdc/device/udi_cdc_desc.o
LOAD src/ASF/common/services/usb/udc/udc.o
LOAD src/ASF/xmega/boards/xmega_a3bu_xplained/init.o
LOAD src/ASF/xmega/drivers/adc/adc.o
LOAD src/ASF/xmega/drivers/adc/xmega_aau/adc_aau.o
LOAD src/ASF/xmega/drivers/cpu/ccp.o
LOAD src/ASF/xmega/drivers/nvm/nvm.o
LOAD src/ASF/xmega/drivers/nvm/nvm_asm.o
LOAD src/ASF/xmega/drivers/rtc32/rtc32.o
LOAD src/ASF/xmega/drivers/tc/tc.o
LOAD src/ASF/xmega/drivers/usart/usart.o
LOAD src/ASF/xmega/drivers/usb/usb_device.o
LOAD src/bitmaps.o
LOAD src/cdc.o
LOAD src/date_time.o
LOAD src/keyboard.o
LOAD src/lightsensor.o
LOAD src/main.o
LOAD src/ntc_sensor.o
LOAD src/production_date.o
LOAD src/qtouch/qt_asm_xmega.o
LOAD src/qtouch/touch.o
LOAD src/timezone.o
START GROUP
LOAD ../src/qtouch\libavrxmega6g1-4qt-k-0rs.a
LOAD c:/program files (x86)/atmel/studio/7.0/toolchain/avr8/avr8-gnu-toolchain/bin/../lib/gcc/avr/5.4.0/../../../../avr/lib/avrxmega6\libm.a
END GROUP
Address of section .BOOT set to 0x40000
START GROUP
LOAD c:/program files (x86)/atmel/studio/7.0/toolchain/avr8/avr8-gnu-toolchain/bin/../lib/gcc/avr/5.4.0/avrxmega6\libgcc.a
LOAD c:/program files (x86)/atmel/studio/7.0/toolchain/avr8/avr8-gnu-toolchain/bin/../lib/gcc/avr/5.4.0/../../../../avr/lib/avrxmega6\libm.a
LOAD c:/program files (x86)/atmel/studio/7.0/toolchain/avr8/avr8-gnu-toolchain/bin/../lib/gcc/avr/5.4.0/../../../../avr/lib/avrxmega6\libc.a
LOAD C:/Program Files (x86)/Atmel/Studio/7.0/Packs/atmel/XMEGAA_DFP/1.1.68/gcc/dev/atxmega256a3bu/avrxmega6\libatxmega256a3bu.a
END GROUP
                0x00100000                __TEXT_REGION_LENGTH__ = DEFINED (__TEXT_REGION_LENGTH__)?__TEXT_REGION_LENGTH__:0x100000
                0x0000ffa0                __DATA_REGION_LENGTH__ = DEFINED (__DATA_REGION_LENGTH__)?__DATA_REGION_LENGTH__:0xffa0
                0x00010000                __EEPROM_REGION_LENGTH__ = DEFINED (__EEPROM_REGION_LENGTH__)?__EEPROM_REGION_LENGTH__:0x10000
                [0x00000006]                __FUSE_REGION_LENGTH__ = DEFINED (__FUSE_REGION_LENGTH__)?__FUSE_REGION_LENGTH__:0x400
                0x00000400                __LOCK_REGION_LENGTH__ = DEFINED (__LOCK_REGION_LENGTH__)?__LOCK_REGION_LENGTH__:0x400
                0x00000400                __SIGNATURE_REGION_LENGTH__ = DEFINED (__SIGNATURE_REGION_LENGTH__)?__SIGNATURE_REGION_LENGTH__:0x400
                0x00000400                __USER_SIGNATURE_REGION_LENGTH__ = DEFINED (__USER_SIGNATURE_REGION_LENGTH__)?__USER_SIGNATURE_REGION_LENGTH__:0x400

.hash
 *(.hash)

.dynsym
 *(.dynsym)

.dynstr
 *(.dynstr)

.gnu.version
 *(.gnu.version)

.gnu.version_d
 *(.gnu.version_d)

.gnu.version_r
 *(.gnu.version_r)

.rel.init
 *(.rel.init)

.rela.init
 *(.rela.init)

.rel.text
 *(.rel.text)
 *(.rel.text.*)
 *(.rel.gnu.linkonce.t*)

.rela.text
 *(.rela.text)
 *(.rela.text.*)
 *(.rela.gnu.linkonce.t*)

.rel.fini
 *(.rel.fini)

.rela.fini
 *(.rela.fini)

.rel.rodata
 *(.rel.rodata)
 *(.rel.rodata.*)
 *(.rel.gnu.linkonce.r*)

.rela.rodata
 *(.rela.rodata)
 *(.rela.rodata.*)
 *(.rela.gnu.linkonce.r*)

.rel.data
 *(.rel.data)
 *(.rel.data.*)
 *(.rel.gnu.linkonce.d*)

.rela.data
 *(.rela.data)
 *(.rela.data.*)
 *(.rela.gnu.linkonce.d*)

.rel.ctors
 *(.rel.ctors)

.rela.ctors
 *(.rela.ctors)

.rel.dtors
 *(.rel.dtors)

.rela.dtors
 *(.rela.dtors)

.rel.got
 *(.rel.got)

.rela.got
 *(.rela.got)

.rel.bss
 *(.rel.bss)

.rela.bss
 *(.rela.bss)

.rel.plt
 *(.rel.plt)

.rela.plt
 *(.rela.plt)

.text           0x00000000     0x8aae
 *(.vectors)
 .vectors       0x00000000      0x1fc C:/Program Files (x86)/Atmel/Studio/7.0/Packs/atmel/XMEGAA_DFP/1.1.68/gcc/dev/atxmega256a3bu/avrxmega6/crtatxmega256a3bu.o
                0x00000000                __vector_default
                0x00000000                __vectors
 *(.vectors)
 *(.progmem.gcc*)
 .progmem.gcc_sw_table.udd_ep_get_size
                0x000001fc        0xe src/ASF/xmega/drivers/usb/usb_device.o
                0x0000020a                . = ALIGN (0x2)
                0x0000020a                __trampolines_start = .
 *(.trampolines)
 .trampolines   0x0000020a        0x0 linker stubs
 *(.trampolines*)
                0x0000020a                __trampolines_end = .
 *libprintf_flt.a:*(.progmem.data)
 *libc.a:*(.progmem.data)
 *(.progmem*)
 .progmem.data.arrow_right_data
                0x0000020a        0x4 src/ASF/common/services/gfx_mono/gfx_mono_menu.o
                0x0000020a                arrow_right_data
 .progmem.data.indicator_data
                0x0000020e        0x4 src/ASF/common/services/gfx_mono/gfx_mono_spinctrl.o
                0x0000020e                indicator_data
 .progmem.data.spin_indicator_data
                0x00000212        0x4 src/ASF/common/services/gfx_mono/gfx_mono_spinctrl.o
                0x00000212                spin_indicator_data
 .progmem.data.sysfont_glyphs
                0x00000216      0x292 src/ASF/common/services/gfx_mono/sysfont.o
 .progmem.data.sun_data
                0x000004a8        0xa src/bitmaps.o
                0x000004a8                sun_data
 .progmem.data.moon_data
                0x000004b2        0x5 src/bitmaps.o
                0x000004b2                moon_data
 .progmem.data.indoor_data
                0x000004b7        0x9 src/bitmaps.o
                0x000004b7                indoor_data
 .progmem.data.cloud_data
                0x000004c0        0xa src/bitmaps.o
                0x000004c0                cloud_data
 .progmem.data.cdc_help
                0x000004ca       0xb4 src/cdc.o
                0x000004ca                cdc_help
 .progmem.data.datetime_invalid_date_string
                0x0000057e        0xd src/date_time.o
                0x0000057e                datetime_invalid_date_string
 .progmem.data.datetime_date_spinner_string_minute
                0x0000058b        0x7 src/date_time.o
                0x0000058b                datetime_date_spinner_string_minute
 .progmem.data.datetime_date_spinner_string_hour
                0x00000592        0x5 src/date_time.o
                0x00000592                datetime_date_spinner_string_hour
 .progmem.data.datetime_date_spinner_string_day
                0x00000597        0x4 src/date_time.o
                0x00000597                datetime_date_spinner_string_day
 .progmem.data.datetime_date_spinner_string_month
                0x0000059b        0x6 src/date_time.o
                0x0000059b                datetime_date_spinner_string_month
 .progmem.data.datetime_date_spinner_string_year
                0x000005a1        0x5 src/date_time.o
                0x000005a1                datetime_date_spinner_string_year
 .progmem.data.datetime_menu_4
                0x000005a6        0xd src/date_time.o
                0x000005a6                datetime_menu_4
 .progmem.data.datetime_menu_3
                0x000005b3        0x9 src/date_time.o
                0x000005b3                datetime_menu_3
 .progmem.data.datetime_menu_2
                0x000005bc        0x9 src/date_time.o
                0x000005bc                datetime_menu_2
 .progmem.data.datetime_menu_1
                0x000005c5        0xf src/date_time.o
                0x000005c5                datetime_menu_1
 .progmem.data.datetime_menu_title
                0x000005d4        0xa src/date_time.o
                0x000005d4                datetime_menu_title
 .progmem.data.main_menu_5
                0x000005de       0x11 src/main.o
                0x000005de                main_menu_5
 .progmem.data.main_menu_4
                0x000005ef        0xc src/main.o
                0x000005ef                main_menu_4
 .progmem.data.main_menu_3
                0x000005fb       0x10 src/main.o
                0x000005fb                main_menu_3
 .progmem.data.main_menu_2
                0x0000060b        0xc src/main.o
                0x0000060b                main_menu_2
 .progmem.data.main_menu_1
                0x00000617        0xc src/main.o
                0x00000617                main_menu_1
 .progmem.data.main_menu_title
                0x00000623        0xa src/main.o
                0x00000623                main_menu_title
 .progmem.data.header
                0x0000062d        0xc src/ntc_sensor.o
                0x0000062d                header
 .progmem.data.tz_min_45
                0x00000639        0x8 src/timezone.o
                0x00000639                tz_min_45
 .progmem.data.tz_min_30
                0x00000641        0x8 src/timezone.o
                0x00000641                tz_min_30
 .progmem.data.tz_min_15
                0x00000649        0x8 src/timezone.o
                0x00000649                tz_min_15
 .progmem.data.tz_min_00
                0x00000651        0x7 src/timezone.o
                0x00000651                tz_min_00
 .progmem.data.tz_minutes_title
                0x00000658       0x12 src/timezone.o
                0x00000658                tz_minutes_title
 .progmem.data.tz_12
                0x0000066a        0xa src/timezone.o
                0x0000066a                tz_12
 .progmem.data.tz_11
                0x00000674       0x14 src/timezone.o
                0x00000674                tz_11
 .progmem.data.tz_10
                0x00000688        0xa src/timezone.o
                0x00000688                tz_10
 .progmem.data.tz_09
                0x00000692        0xb src/timezone.o
                0x00000692                tz_09
 .progmem.data.tz_08
                0x0000069d        0xf src/timezone.o
                0x0000069d                tz_08
 .progmem.data.tz_07
                0x000006ac        0xe src/timezone.o
                0x000006ac                tz_07
 .progmem.data.tz_06
                0x000006ba       0x10 src/timezone.o
                0x000006ba                tz_06
 .progmem.data.tz_05
                0x000006ca        0xe src/timezone.o
                0x000006ca                tz_05
 .progmem.data.tz_04
                0x000006d8        0xc src/timezone.o
                0x000006d8                tz_04
 .progmem.data.tz_03
                0x000006e4        0xd src/timezone.o
                0x000006e4                tz_03
 .progmem.data.tz_02
                0x000006f1        0xe src/timezone.o
                0x000006f1                tz_02
 .progmem.data.tz_01
                0x000006ff       0x12 src/timezone.o
                0x000006ff                tz_01
 .progmem.data.tz_00
                0x00000711        0xe src/timezone.o
                0x00000711                tz_00
 .progmem.data.tz_n01
                0x0000071f        0xb src/timezone.o
                0x0000071f                tz_n01
 .progmem.data.tz_n02
                0x0000072a       0x13 src/timezone.o
                0x0000072a                tz_n02
 .progmem.data.tz_n03
                0x0000073d        0xf src/timezone.o
                0x0000073d                tz_n03
 .progmem.data.tz_n04
                0x0000074c        0x9 src/timezone.o
                0x0000074c                tz_n04
 .progmem.data.tz_n05
                0x00000755        0xd src/timezone.o
                0x00000755                tz_n05
 .progmem.data.tz_n06
                0x00000762        0xd src/timezone.o
                0x00000762                tz_n06
 .progmem.data.tz_n07
                0x0000076f        0xe src/timezone.o
                0x0000076f                tz_n07
 .progmem.data.tz_n08
                0x0000077d        0xd src/timezone.o
                0x0000077d                tz_n08
 .progmem.data.tz_n09
                0x0000078a        0xc src/timezone.o
                0x0000078a                tz_n09
 .progmem.data.tz_n10
                0x00000796        0xc src/timezone.o
                0x00000796                tz_n10
 .progmem.data.tz_n11
                0x000007a2       0x12 src/timezone.o
                0x000007a2                tz_n11
 .progmem.data.tz_n12
                0x000007b4       0x12 src/timezone.o
                0x000007b4                tz_n12
 .progmem.data.tz_hours_title
                0x000007c6       0x13 src/timezone.o
                0x000007c6                tz_hours_title
                0x000007da                . = ALIGN (0x2)
 *fill*         0x000007d9        0x1 
 *(.jumptables)
 *(.jumptables*)
 *(.lowtext)
 *(.lowtext*)
                0x000007da                __ctors_start = .
 *(.ctors)
                0x000007da                __ctors_end = .
                0x000007da                __dtors_start = .
 *(.dtors)
                0x000007da                __dtors_end = .
 SORT(*)(.ctors)
 SORT(*)(.dtors)
 *(.init0)
 .init0         0x000007da        0x0 C:/Program Files (x86)/Atmel/Studio/7.0/Packs/atmel/XMEGAA_DFP/1.1.68/gcc/dev/atxmega256a3bu/avrxmega6/crtatxmega256a3bu.o
                0x000007da                __init
 *(.init0)
 *(.init1)
 *(.init1)
 *(.init2)
 .init2         0x000007da       0x10 C:/Program Files (x86)/Atmel/Studio/7.0/Packs/atmel/XMEGAA_DFP/1.1.68/gcc/dev/atxmega256a3bu/avrxmega6/crtatxmega256a3bu.o
 *(.init2)
 *(.init3)
 *(.init3)
 *(.init4)
 .init4         0x000007ea       0x1a c:/program files (x86)/atmel/studio/7.0/toolchain/avr8/avr8-gnu-toolchain/bin/../lib/gcc/avr/5.4.0/avrxmega6\libgcc.a(_copy_data.o)
                0x000007ea                __do_copy_data
 .init4         0x00000804       0x10 c:/program files (x86)/atmel/studio/7.0/toolchain/avr8/avr8-gnu-toolchain/bin/../lib/gcc/avr/5.4.0/avrxmega6\libgcc.a(_clear_bss.o)
                0x00000804                __do_clear_bss
 *(.init4)
 *(.init5)
 *(.init5)
 *(.init6)
 *(.init6)
 *(.init7)
 *(.init7)
 *(.init8)
 *(.init8)
 *(.init9)
 .init9         0x00000814        0x8 C:/Program Files (x86)/Atmel/Studio/7.0/Packs/atmel/XMEGAA_DFP/1.1.68/gcc/dev/atxmega256a3bu/avrxmega6/crtatxmega256a3bu.o
 *(.init9)
 *(.text)
 .text          0x0000081c        0x2 C:/Program Files (x86)/Atmel/Studio/7.0/Packs/atmel/XMEGAA_DFP/1.1.68/gcc/dev/atxmega256a3bu/avrxmega6/crtatxmega256a3bu.o
                0x0000081c                __vector_38
                0x0000081c                __vector_104
                0x0000081c                __vector_63
                0x0000081c                __vector_28
                0x0000081c                __vector_67
                0x0000081c                __vector_1
                0x0000081c                __vector_119
                0x0000081c                __vector_32
                0x0000081c                __vector_75
                0x0000081c                __vector_91
                0x0000081c                __vector_34
                0x0000081c                __vector_62
                0x0000081c                __vector_102
                0x0000081c                __vector_24
                0x0000081c                __vector_12
                0x0000081c                __vector_69
                0x0000081c                __vector_90
                0x0000081c                __vector_46
                0x0000081c                __bad_interrupt
                0x0000081c                __vector_122
                0x0000081c                __vector_114
                0x0000081c                __vector_6
                0x0000081c                __vector_31
                0x0000081c                __vector_92
                0x0000081c                __vector_35
                0x0000081c                __vector_117
                0x0000081c                __vector_107
                0x0000081c                __vector_3
                0x0000081c                __vector_105
                0x0000081c                __vector_98
                0x0000081c                __vector_68
                0x0000081c                __vector_30
                0x0000081c                __vector_45
                0x0000081c                __vector_25
                0x0000081c                __vector_93
                0x0000081c                __vector_61
                0x0000081c                __vector_99
                0x0000081c                __vector_13
                0x0000081c                __vector_7
                0x0000081c                __vector_123
                0x0000081c                __vector_100
                0x0000081c                __vector_101
                0x0000081c                __vector_64
                0x0000081c                __vector_88
                0x0000081c                __vector_43
                0x0000081c                __vector_27
                0x0000081c                __vector_5
                0x0000081c                __vector_33
                0x0000081c                __vector_76
                0x0000081c                __vector_115
                0x0000081c                __vector_37
                0x0000081c                __vector_95
                0x0000081c                __vector_103
                0x0000081c                __vector_96
                0x0000081c                __vector_89
                0x0000081c                __vector_4
                0x0000081c                __vector_44
                0x0000081c                __vector_106
                0x0000081c                __vector_118
                0x0000081c                __vector_9
                0x0000081c                __vector_2
                0x0000081c                __vector_66
                0x0000081c                __vector_36
                0x0000081c                __vector_58
                0x0000081c                __vector_70
                0x0000081c                __vector_29
                0x0000081c                __vector_60
                0x0000081c                __vector_121
                0x0000081c                __vector_94
                0x0000081c                __vector_8
                0x0000081c                __vector_26
                0x0000081c                __vector_124
                0x0000081c                __vector_116
                0x0000081c                __vector_57
                0x0000081c                __vector_10
                0x0000081c                __vector_59
                0x0000081c                __vector_97
                0x0000081c                __vector_87
                0x0000081c                __vector_65
                0x0000081c                __vector_120
 .text          0x0000081e       0x3c src/qtouch/qt_asm_xmega.o
                0x0000081e                _1101010101_
                0x00000834                _1101010111_
                0x00000850                _1101010110_
 .text          0x0000085a      0x1ae ../src/qtouch\libavrxmega6g1-4qt-k-0rs.a(burst_1_1_10_0.o)
                0x0000085a                burst_1_1_10_0
 .text          0x00000a08      0x27a ../src/qtouch\libavrxmega6g1-4qt-k-0rs.a(touch_api.o)
                0x00000a08                qt_get_library_sig
                0x00000a20                qt_enable_key
                0x00000a54                qt_get_sensor_delta
                0x00000b00                qt_measure_sensors
                0x00000bf4                qt_reset_sensing
                0x00000c2a                qt_calibrate_sensing
                0x00000c42                qt_init_sensing_with_burst
 .text          0x00000c82      0x60a ../src/qtouch\libavrxmega6g1-4qt-k-0rs.a(touch_process.o)
                0x00000c82                start_cal_sensor
                0x00000cda                get_channel_delta
                0x00000d04                process_sensor
 .text          0x0000128c       0x66 ../src/qtouch\libavrxmega6g1-4qt-k-0rs.a(touch_burst_qt.o)
                0x0000128c                burst_init
                0x00001296                burst_reset
                0x000012b8                burst
                0x000012f2                . = ALIGN (0x2)
 *(.text.*)
 .text.adc_handler
                0x000012f2       0xd0 src/adc_sensors.o
                0x000012f2                adc_handler
 .text.ntc_data_is_ready
                0x000013c2       0x2c src/adc_sensors.o
                0x000013c2                ntc_data_is_ready
 .text.lightsensor_data_is_ready
                0x000013ee       0x2c src/adc_sensors.o
                0x000013ee                lightsensor_data_is_ready
 .text.adc_sensors_init
                0x0000141a       0xa8 src/adc_sensors.o
                0x0000141a                adc_sensors_init
 .text.ntc_get_temperature
                0x000014c2       0x60 src/adc_sensors.o
                0x000014c2                ntc_get_temperature
 .text.lightsensor_get_raw_value
                0x00001522        0xa src/adc_sensors.o
                0x00001522                lightsensor_get_raw_value
 .text.__portable_avr_delay_cycles
                0x0000152c       0x16 src/ASF/common/components/display/st7565r/st7565r.o
 .text.st7565r_init
                0x00001542      0x3b8 src/ASF/common/components/display/st7565r/st7565r.o
                0x00001542                st7565r_init
 .text.calendar_leapyear
                0x000018fa       0x6e src/ASF/common/services/calendar/calendar.o
 .text.calendar_is_date_valid
                0x00001968       0x82 src/ASF/common/services/calendar/calendar.o
                0x00001968                calendar_is_date_valid
 .text.calendar_timestamp_to_date
                0x000019ea      0x1a4 src/ASF/common/services/calendar/calendar.o
                0x000019ea                calendar_timestamp_to_date
 .text.calendar_timestamp_to_date_tz
                0x00001b8e       0x9c src/ASF/common/services/calendar/calendar.o
                0x00001b8e                calendar_timestamp_to_date_tz
 .text.calendar_date_to_timestamp
                0x00001c2a      0x136 src/ASF/common/services/calendar/calendar.o
                0x00001c2a                calendar_date_to_timestamp
 .text.calendar_date_to_timestamp_tz
                0x00001d60       0xba src/ASF/common/services/calendar/calendar.o
                0x00001d60                calendar_date_to_timestamp_tz
 .text.calendar_time_between_dates
                0x00001e1a      0x170 src/ASF/common/services/calendar/calendar.o
                0x00001e1a                calendar_time_between_dates
 .text.calendar_add_second_to_date
                0x00001f8a       0xa8 src/ASF/common/services/calendar/calendar.o
                0x00001f8a                calendar_add_second_to_date
 .text.sysclk_init
                0x00002032       0xf6 src/ASF/common/services/clock/xmega/sysclk.o
                0x00002032                sysclk_init
 .text.sysclk_enable_module
                0x00002128       0x2c src/ASF/common/services/clock/xmega/sysclk.o
                0x00002128                sysclk_enable_module
 .text.sysclk_disable_module
                0x00002154       0x2a src/ASF/common/services/clock/xmega/sysclk.o
                0x00002154                sysclk_disable_module
 .text.sysclk_enable_usb
                0x0000217e       0x8c src/ASF/common/services/clock/xmega/sysclk.o
                0x0000217e                sysclk_enable_usb
 .text.gfx_mono_st7565r_put_page
                0x0000220a      0x1b6 src/ASF/common/services/gfx_mono/gfx_mono_c12832_a1z.o
                0x0000220a                gfx_mono_st7565r_put_page
 .text.gfx_mono_st7565r_put_byte
                0x000023c0      0x15e src/ASF/common/services/gfx_mono/gfx_mono_c12832_a1z.o
                0x000023c0                gfx_mono_st7565r_put_byte
 .text.gfx_mono_st7565r_init
                0x0000251e       0x84 src/ASF/common/services/gfx_mono/gfx_mono_c12832_a1z.o
                0x0000251e                gfx_mono_st7565r_init
 .text.gfx_mono_st7565r_draw_pixel
                0x000025a2       0x6c src/ASF/common/services/gfx_mono/gfx_mono_c12832_a1z.o
                0x000025a2                gfx_mono_st7565r_draw_pixel
 .text.gfx_mono_st7565r_get_byte
                0x0000260e        0x4 src/ASF/common/services/gfx_mono/gfx_mono_c12832_a1z.o
                0x0000260e                gfx_mono_st7565r_get_byte
 .text.gfx_mono_st7565r_mask_byte
                0x00002612       0x3c src/ASF/common/services/gfx_mono/gfx_mono_c12832_a1z.o
                0x00002612                gfx_mono_st7565r_mask_byte
 .text.gfx_mono_set_framebuffer
                0x0000264e        0xa src/ASF/common/services/gfx_mono/gfx_mono_framebuffer.o
                0x0000264e                gfx_mono_set_framebuffer
 .text.gfx_mono_framebuffer_put_page
                0x00002658       0x28 src/ASF/common/services/gfx_mono/gfx_mono_framebuffer.o
                0x00002658                gfx_mono_framebuffer_put_page
 .text.gfx_mono_framebuffer_put_byte
                0x00002680       0x1c src/ASF/common/services/gfx_mono/gfx_mono_framebuffer.o
                0x00002680                gfx_mono_framebuffer_put_byte
 .text.gfx_mono_framebuffer_get_byte
                0x0000269c       0x1c src/ASF/common/services/gfx_mono/gfx_mono_framebuffer.o
                0x0000269c                gfx_mono_framebuffer_get_byte
 .text.gfx_mono_generic_draw_horizontal_line
                0x000026b8       0xc4 src/ASF/common/services/gfx_mono/gfx_mono_generic.o
                0x000026b8                gfx_mono_generic_draw_horizontal_line
 .text.gfx_mono_generic_draw_vertical_line
                0x0000277c       0xac src/ASF/common/services/gfx_mono/gfx_mono_generic.o
                0x0000277c                gfx_mono_generic_draw_vertical_line
 .text.gfx_mono_generic_draw_rect
                0x00002828       0x48 src/ASF/common/services/gfx_mono/gfx_mono_generic.o
                0x00002828                gfx_mono_generic_draw_rect
 .text.gfx_mono_generic_draw_filled_rect
                0x00002870       0x34 src/ASF/common/services/gfx_mono/gfx_mono_generic.o
                0x00002870                gfx_mono_generic_draw_filled_rect
 .text.gfx_mono_generic_draw_filled_circle
                0x000028a4      0x13c src/ASF/common/services/gfx_mono/gfx_mono_generic.o
                0x000028a4                gfx_mono_generic_draw_filled_circle
 .text.gfx_mono_generic_put_bitmap
                0x000029e0       0xd2 src/ASF/common/services/gfx_mono/gfx_mono_generic.o
                0x000029e0                gfx_mono_generic_put_bitmap
 .text.menu_draw
                0x00002ab2       0xf8 src/ASF/common/services/gfx_mono/gfx_mono_menu.o
 .text.gfx_mono_menu_init
                0x00002baa       0x30 src/ASF/common/services/gfx_mono/gfx_mono_menu.o
                0x00002baa                gfx_mono_menu_init
 .text.gfx_mono_menu_process_key
                0x00002bda       0x64 src/ASF/common/services/gfx_mono/gfx_mono_menu.o
                0x00002bda                gfx_mono_menu_process_key
 .text.gfx_mono_spinctrl_draw_indicator
                0x00002c3e       0x26 src/ASF/common/services/gfx_mono/gfx_mono_spinctrl.o
 .text.gfx_mono_spinctrl_draw_button
                0x00002c64       0xb8 src/ASF/common/services/gfx_mono/gfx_mono_spinctrl.o
 .text.gfx_mono_spinctrl_draw
                0x00002d1c      0x11a src/ASF/common/services/gfx_mono/gfx_mono_spinctrl.o
                0x00002d1c                gfx_mono_spinctrl_draw
 .text.gfx_mono_spinctrl_init
                0x00002e36       0x3e src/ASF/common/services/gfx_mono/gfx_mono_spinctrl.o
                0x00002e36                gfx_mono_spinctrl_init
 .text.gfx_mono_spinctrl_spincollection_init
                0x00002e74        0xe src/ASF/common/services/gfx_mono/gfx_mono_spinctrl.o
                0x00002e74                gfx_mono_spinctrl_spincollection_init
 .text.gfx_mono_spinctrl_spincollection_add_spinner
                0x00002e82       0x66 src/ASF/common/services/gfx_mono/gfx_mono_spinctrl.o
                0x00002e82                gfx_mono_spinctrl_spincollection_add_spinner
 .text.gfx_mono_spinctrl_spincollection_show
                0x00002ee8       0x58 src/ASF/common/services/gfx_mono/gfx_mono_spinctrl.o
                0x00002ee8                gfx_mono_spinctrl_spincollection_show
 .text.gfx_mono_spinctrl_process_key
                0x00002f40      0x156 src/ASF/common/services/gfx_mono/gfx_mono_spinctrl.o
                0x00002f40                gfx_mono_spinctrl_process_key
 .text.gfx_mono_spinctrl_spincollection_process_key
                0x00003096      0x1d0 src/ASF/common/services/gfx_mono/gfx_mono_spinctrl.o
                0x00003096                gfx_mono_spinctrl_spincollection_process_key
 .text.gfx_mono_draw_char
                0x00003266       0xba src/ASF/common/services/gfx_mono/gfx_mono_text.o
                0x00003266                gfx_mono_draw_char
 .text.gfx_mono_draw_string
                0x00003320       0x52 src/ASF/common/services/gfx_mono/gfx_mono_text.o
                0x00003320                gfx_mono_draw_string
 .text.gfx_mono_draw_progmem_string
                0x00003372       0x5c src/ASF/common/services/gfx_mono/gfx_mono_text.o
                0x00003372                gfx_mono_draw_progmem_string
 .text.gfx_mono_get_string_bounding_box
                0x000033ce       0x3e src/ASF/common/services/gfx_mono/gfx_mono_text.o
                0x000033ce                gfx_mono_get_string_bounding_box
 .text.ioport_configure_port_pin
                0x0000340c       0x4e src/ASF/common/services/ioport/xmega/ioport_compat.o
                0x0000340c                ioport_configure_port_pin
 .text.usart_spi_init
                0x0000345a       0x6a src/ASF/common/services/spi/xmega_usart_spi/usart_spi.o
                0x0000345a                usart_spi_init
 .text.usart_spi_setup_device
                0x000034c4       0x36 src/ASF/common/services/spi/xmega_usart_spi/usart_spi.o
                0x000034c4                usart_spi_setup_device
 .text.usart_spi_select_device
                0x000034fa       0x2c src/ASF/common/services/spi/xmega_usart_spi/usart_spi.o
                0x000034fa                usart_spi_select_device
 .text.usart_spi_deselect_device
                0x00003526       0x2c src/ASF/common/services/spi/xmega_usart_spi/usart_spi.o
                0x00003526                usart_spi_deselect_device
 .text.udi_cdc_comm_enable
                0x00003552       0x56 src/ASF/common/services/usb/class/cdc/device/udi_cdc.o
                0x00003552                udi_cdc_comm_enable
 .text.udi_cdc_comm_disable
                0x000035a8        0xc src/ASF/common/services/usb/class/cdc/device/udi_cdc.o
                0x000035a8                udi_cdc_comm_disable
 .text.udi_cdc_data_disable
                0x000035b4       0x14 src/ASF/common/services/usb/class/cdc/device/udi_cdc.o
                0x000035b4                udi_cdc_data_disable
 .text.udi_cdc_data_setup
                0x000035c8        0x4 src/ASF/common/services/usb/class/cdc/device/udi_cdc.o
                0x000035c8                udi_cdc_data_setup
 .text.udi_cdc_getsetting
                0x000035cc        0x4 src/ASF/common/services/usb/class/cdc/device/udi_cdc.o
                0x000035cc                udi_cdc_getsetting
 .text.udi_cdc_line_coding_received
                0x000035d0        0x2 src/ASF/common/services/usb/class/cdc/device/udi_cdc.o
 .text.udi_cdc_tx_send
                0x000035d2      0x164 src/ASF/common/services/usb/class/cdc/device/udi_cdc.o
 .text.udi_cdc_data_sent
                0x00003736       0x30 src/ASF/common/services/usb/class/cdc/device/udi_cdc.o
 .text.udi_cdc_data_sof_notify
                0x00003766        0x6 src/ASF/common/services/usb/class/cdc/device/udi_cdc.o
                0x00003766                udi_cdc_data_sof_notify
 .text.udi_cdc_comm_setup
                0x0000376c       0xa0 src/ASF/common/services/usb/class/cdc/device/udi_cdc.o
                0x0000376c                udi_cdc_comm_setup
 .text.udi_cdc_multi_get_nb_received_data
                0x0000380c       0x3a src/ASF/common/services/usb/class/cdc/device/udi_cdc.o
                0x0000380c                udi_cdc_multi_get_nb_received_data
 .text.udi_cdc_multi_is_rx_ready
                0x00003846        0xe src/ASF/common/services/usb/class/cdc/device/udi_cdc.o
                0x00003846                udi_cdc_multi_is_rx_ready
 .text.udi_cdc_rx_start
                0x00003854       0x98 src/ASF/common/services/usb/class/cdc/device/udi_cdc.o
 .text.udi_cdc_data_enable
                0x000038ec       0x64 src/ASF/common/services/usb/class/cdc/device/udi_cdc.o
                0x000038ec                udi_cdc_data_enable
 .text.udi_cdc_data_received
                0x00003950       0x5a src/ASF/common/services/usb/class/cdc/device/udi_cdc.o
 .text.udi_cdc_is_rx_ready
                0x000039aa        0x6 src/ASF/common/services/usb/class/cdc/device/udi_cdc.o
                0x000039aa                udi_cdc_is_rx_ready
 .text.udi_cdc_multi_getc
                0x000039b0       0xb0 src/ASF/common/services/usb/class/cdc/device/udi_cdc.o
                0x000039b0                udi_cdc_multi_getc
 .text.udi_cdc_getc
                0x00003a60        0x6 src/ASF/common/services/usb/class/cdc/device/udi_cdc.o
                0x00003a60                udi_cdc_getc
 .text.udi_cdc_multi_get_free_tx_buffer
                0x00003a66       0x62 src/ASF/common/services/usb/class/cdc/device/udi_cdc.o
                0x00003a66                udi_cdc_multi_get_free_tx_buffer
 .text.udi_cdc_multi_is_tx_ready
                0x00003ac8        0xe src/ASF/common/services/usb/class/cdc/device/udi_cdc.o
                0x00003ac8                udi_cdc_multi_is_tx_ready
 .text.udi_cdc_multi_putc
                0x00003ad6       0xa8 src/ASF/common/services/usb/class/cdc/device/udi_cdc.o
                0x00003ad6                udi_cdc_multi_putc
 .text.udi_cdc_putc
                0x00003b7e        0x8 src/ASF/common/services/usb/class/cdc/device/udi_cdc.o
                0x00003b7e                udi_cdc_putc
 .text.udc_next_desc_in_iface
                0x00003b86       0x6a src/ASF/common/services/usb/udc/udc.o
 .text.udc_valid_address
                0x00003bf0        0xc src/ASF/common/services/usb/udc/udc.o
 .text.udc_update_iface_desc
                0x00003bfc       0x74 src/ASF/common/services/usb/udc/udc.o
 .text.udc_iface_disable
                0x00003c70       0x84 src/ASF/common/services/usb/udc/udc.o
 .text.udc_iface_enable
                0x00003cf4       0x66 src/ASF/common/services/usb/udc/udc.o
 .text.udc_start
                0x00003d5a        0x6 src/ASF/common/services/usb/udc/udc.o
                0x00003d5a                udc_start
 .text.udc_reset
                0x00003d60       0x4e src/ASF/common/services/usb/udc/udc.o
                0x00003d60                udc_reset
 .text.udc_sof_notify
                0x00003dae       0x60 src/ASF/common/services/usb/udc/udc.o
                0x00003dae                udc_sof_notify
 .text.udc_process_setup
                0x00003e0e      0x530 src/ASF/common/services/usb/udc/udc.o
                0x00003e0e                udc_process_setup
 .text.board_init
                0x0000433e       0xce src/ASF/xmega/boards/xmega_a3bu_xplained/init.o
                0x0000433e                board_init
 .text.adc_set_callback
                0x0000440c       0x40 src/ASF/xmega/drivers/adc/adc.o
                0x0000440c                adc_set_callback
 .text.adc_enable_clock
                0x0000444c       0x42 src/ASF/xmega/drivers/adc/adc.o
                0x0000444c                adc_enable_clock
 .text.adc_disable_clock
                0x0000448e       0x3e src/ASF/xmega/drivers/adc/adc.o
                0x0000448e                adc_disable_clock
 .text.adc_enable
                0x000044cc       0x58 src/ASF/xmega/drivers/adc/adc.o
                0x000044cc                adc_enable
 .text.__vector_71
                0x00004524       0x64 src/ASF/xmega/drivers/adc/xmega_aau/adc_aau.o
                0x00004524                __vector_71
 .text.__vector_72
                0x00004588       0x64 src/ASF/xmega/drivers/adc/xmega_aau/adc_aau.o
                0x00004588                __vector_72
 .text.__vector_73
                0x000045ec       0x64 src/ASF/xmega/drivers/adc/xmega_aau/adc_aau.o
                0x000045ec                __vector_73
 .text.__vector_74
                0x00004650       0x64 src/ASF/xmega/drivers/adc/xmega_aau/adc_aau.o
                0x00004650                __vector_74
 .text.__vector_39
                0x000046b4       0x64 src/ASF/xmega/drivers/adc/xmega_aau/adc_aau.o
                0x000046b4                __vector_39
 .text.__vector_40
                0x00004718       0x64 src/ASF/xmega/drivers/adc/xmega_aau/adc_aau.o
                0x00004718                __vector_40
 .text.__vector_41
                0x0000477c       0x64 src/ASF/xmega/drivers/adc/xmega_aau/adc_aau.o
                0x0000477c                __vector_41
 .text.__vector_42
                0x000047e0       0x64 src/ASF/xmega/drivers/adc/xmega_aau/adc_aau.o
                0x000047e0                __vector_42
 .text.adc_write_configuration
                0x00004844       0xcc src/ASF/xmega/drivers/adc/xmega_aau/adc_aau.o
                0x00004844                adc_write_configuration
 .text.adc_read_configuration
                0x00004910       0x72 src/ASF/xmega/drivers/adc/xmega_aau/adc_aau.o
                0x00004910                adc_read_configuration
 .text.adcch_write_configuration
                0x00004982       0x96 src/ASF/xmega/drivers/adc/xmega_aau/adc_aau.o
                0x00004982                adcch_write_configuration
 .text.adcch_read_configuration
                0x00004a18       0x96 src/ASF/xmega/drivers/adc/xmega_aau/adc_aau.o
                0x00004a18                adcch_read_configuration
 .text.ccp_write_io
                0x00004aae        0xc src/ASF/xmega/drivers/cpu/ccp.o
                0x00004aae                ccp_write_io
 .text.nvm_eeprom_read_byte
                0x00004aba       0x22 src/ASF/xmega/drivers/nvm/nvm.o
                0x00004aba                nvm_eeprom_read_byte
 .text.nvm_eeprom_flush_buffer
                0x00004adc       0x22 src/ASF/xmega/drivers/nvm/nvm.o
                0x00004adc                nvm_eeprom_flush_buffer
 .text.nvm_eeprom_load_byte_to_buffer
                0x00004afe       0x24 src/ASF/xmega/drivers/nvm/nvm.o
                0x00004afe                nvm_eeprom_load_byte_to_buffer
 .text.nvm_eeprom_write_byte
                0x00004b22       0x4a src/ASF/xmega/drivers/nvm/nvm.o
                0x00004b22                nvm_eeprom_write_byte
 .text.nvm_read_byte
                0x00004b6c       0x14 src/ASF/xmega/drivers/nvm/nvm_asm.o
                0x00004b6c                nvm_read_byte
 .text.__portable_avr_delay_cycles
                0x00004b80       0x16 src/ASF/xmega/drivers/rtc32/rtc32.o
 .text.rtc_set_time
                0x00004b96       0x20 src/ASF/xmega/drivers/rtc32/rtc32.o
                0x00004b96                rtc_set_time
 .text.rtc_get_time
                0x00004bb6       0x22 src/ASF/xmega/drivers/rtc32/rtc32.o
                0x00004bb6                rtc_get_time
 .text.rtc_vbat_system_check
                0x00004bd8       0x48 src/ASF/xmega/drivers/rtc32/rtc32.o
                0x00004bd8                rtc_vbat_system_check
 .text.rtc_init
                0x00004c20       0x82 src/ASF/xmega/drivers/rtc32/rtc32.o
                0x00004c20                rtc_init
 .text.__vector_11
                0x00004ca2       0x6a src/ASF/xmega/drivers/rtc32/rtc32.o
                0x00004ca2                __vector_11
 .text.__vector_14
                0x00004d0c       0x5a src/ASF/xmega/drivers/tc/tc.o
                0x00004d0c                __vector_14
 .text.__vector_15
                0x00004d66       0x5a src/ASF/xmega/drivers/tc/tc.o
                0x00004d66                __vector_15
 .text.__vector_16
                0x00004dc0       0x5a src/ASF/xmega/drivers/tc/tc.o
                0x00004dc0                __vector_16
 .text.__vector_17
                0x00004e1a       0x5a src/ASF/xmega/drivers/tc/tc.o
                0x00004e1a                __vector_17
 .text.__vector_18
                0x00004e74       0x5a src/ASF/xmega/drivers/tc/tc.o
                0x00004e74                __vector_18
 .text.__vector_19
                0x00004ece       0x5a src/ASF/xmega/drivers/tc/tc.o
                0x00004ece                __vector_19
 .text.__vector_20
                0x00004f28       0x5a src/ASF/xmega/drivers/tc/tc.o
                0x00004f28                __vector_20
 .text.__vector_21
                0x00004f82       0x5a src/ASF/xmega/drivers/tc/tc.o
                0x00004f82                __vector_21
 .text.__vector_22
                0x00004fdc       0x5a src/ASF/xmega/drivers/tc/tc.o
                0x00004fdc                __vector_22
 .text.__vector_23
                0x00005036       0x5a src/ASF/xmega/drivers/tc/tc.o
                0x00005036                __vector_23
 .text.__vector_77
                0x00005090       0x5a src/ASF/xmega/drivers/tc/tc.o
                0x00005090                __vector_77
 .text.__vector_78
                0x000050ea       0x5a src/ASF/xmega/drivers/tc/tc.o
                0x000050ea                __vector_78
 .text.__vector_79
                0x00005144       0x5a src/ASF/xmega/drivers/tc/tc.o
                0x00005144                __vector_79
 .text.__vector_80
                0x0000519e       0x5a src/ASF/xmega/drivers/tc/tc.o
                0x0000519e                __vector_80
 .text.__vector_81
                0x000051f8       0x5a src/ASF/xmega/drivers/tc/tc.o
                0x000051f8                __vector_81
 .text.__vector_82
                0x00005252       0x5a src/ASF/xmega/drivers/tc/tc.o
                0x00005252                __vector_82
 .text.__vector_83
                0x000052ac       0x5a src/ASF/xmega/drivers/tc/tc.o
                0x000052ac                __vector_83
 .text.__vector_84
                0x00005306       0x5a src/ASF/xmega/drivers/tc/tc.o
                0x00005306                __vector_84
 .text.__vector_85
                0x00005360       0x5a src/ASF/xmega/drivers/tc/tc.o
                0x00005360                __vector_85
 .text.__vector_86
                0x000053ba       0x5a src/ASF/xmega/drivers/tc/tc.o
                0x000053ba                __vector_86
 .text.__vector_47
                0x00005414       0x5a src/ASF/xmega/drivers/tc/tc.o
                0x00005414                __vector_47
 .text.__vector_48
                0x0000546e       0x5a src/ASF/xmega/drivers/tc/tc.o
                0x0000546e                __vector_48
 .text.__vector_49
                0x000054c8       0x5a src/ASF/xmega/drivers/tc/tc.o
                0x000054c8                __vector_49
 .text.__vector_50
                0x00005522       0x5a src/ASF/xmega/drivers/tc/tc.o
                0x00005522                __vector_50
 .text.__vector_51
                0x0000557c       0x5a src/ASF/xmega/drivers/tc/tc.o
                0x0000557c                __vector_51
 .text.__vector_52
                0x000055d6       0x5a src/ASF/xmega/drivers/tc/tc.o
                0x000055d6                __vector_52
 .text.__vector_53
                0x00005630       0x5a src/ASF/xmega/drivers/tc/tc.o
                0x00005630                __vector_53
 .text.__vector_54
                0x0000568a       0x5a src/ASF/xmega/drivers/tc/tc.o
                0x0000568a                __vector_54
 .text.__vector_55
                0x000056e4       0x5a src/ASF/xmega/drivers/tc/tc.o
                0x000056e4                __vector_55
 .text.__vector_56
                0x0000573e       0x5a src/ASF/xmega/drivers/tc/tc.o
                0x0000573e                __vector_56
 .text.__vector_108
                0x00005798       0x5a src/ASF/xmega/drivers/tc/tc.o
                0x00005798                __vector_108
 .text.__vector_109
                0x000057f2       0x5a src/ASF/xmega/drivers/tc/tc.o
                0x000057f2                __vector_109
 .text.__vector_110
                0x0000584c       0x5a src/ASF/xmega/drivers/tc/tc.o
                0x0000584c                __vector_110
 .text.__vector_111
                0x000058a6       0x5a src/ASF/xmega/drivers/tc/tc.o
                0x000058a6                __vector_111
 .text.__vector_112
                0x00005900       0x5a src/ASF/xmega/drivers/tc/tc.o
                0x00005900                __vector_112
 .text.__vector_113
                0x0000595a       0x5a src/ASF/xmega/drivers/tc/tc.o
                0x0000595a                __vector_113
 .text.tc_enable
                0x000059b4       0xfe src/ASF/xmega/drivers/tc/tc.o
                0x000059b4                tc_enable
 .text.tc_set_cca_interrupt_callback
                0x00005ab2       0x7c src/ASF/xmega/drivers/tc/tc.o
                0x00005ab2                tc_set_cca_interrupt_callback
 .text.usart_spi_set_baudrate
                0x00005b2e       0x64 src/ASF/xmega/drivers/usart/usart.o
                0x00005b2e                usart_spi_set_baudrate
 .text.usart_init_spi
                0x00005b92      0x402 src/ASF/xmega/drivers/usart/usart.o
                0x00005b92                usart_init_spi
 .text.udd_sleep_mode
                0x00005f94       0x70 src/ASF/xmega/drivers/usb/usb_device.o
 .text.udd_ctrl_init
                0x00006004       0x4a src/ASF/xmega/drivers/usb/usb_device.o
 .text.udd_ctrl_stall_data
                0x0000604e       0x1c src/ASF/xmega/drivers/usb/usb_device.o
 .text.udd_ctrl_send_zlp_in
                0x0000606a       0x1c src/ASF/xmega/drivers/usb/usb_device.o
 .text.udd_ctrl_endofrequest
                0x00006086       0x10 src/ASF/xmega/drivers/usb/usb_device.o
 .text.udd_ctrl_in_sent
                0x00006096       0xd8 src/ASF/xmega/drivers/usb/usb_device.o
 .text.udd_ep_get_size
                0x0000616e       0x52 src/ASF/xmega/drivers/usb/usb_device.o
 .text.udd_ep_get_job
                0x000061c0       0x36 src/ASF/xmega/drivers/usb/usb_device.o
 .text.udd_ctrl_interrupt_tc_setup
                0x000061f6       0xe4 src/ASF/xmega/drivers/usb/usb_device.o
 .text.udd_ep_trans_complet
                0x000062da      0x308 src/ASF/xmega/drivers/usb/usb_device.o
 .text.udd_attach
                0x000065e2       0x5a src/ASF/xmega/drivers/usb/usb_device.o
                0x000065e2                udd_attach
 .text.udd_enable
                0x0000663c      0x10a src/ASF/xmega/drivers/usb/usb_device.o
                0x0000663c                udd_enable
 .text.udd_is_high_speed
                0x00006746        0x4 src/ASF/xmega/drivers/usb/usb_device.o
                0x00006746                udd_is_high_speed
 .text.udd_set_address
                0x0000674a        0x6 src/ASF/xmega/drivers/usb/usb_device.o
                0x0000674a                udd_set_address
 .text.udd_getaddress
                0x00006750        0x6 src/ASF/xmega/drivers/usb/usb_device.o
                0x00006750                udd_getaddress
 .text.udd_get_frame_number
                0x00006756        0xa src/ASF/xmega/drivers/usb/usb_device.o
                0x00006756                udd_get_frame_number
 .text.udd_get_micro_frame_number
                0x00006760        0x6 src/ASF/xmega/drivers/usb/usb_device.o
                0x00006760                udd_get_micro_frame_number
 .text.udd_set_setup_payload
                0x00006766        0xe src/ASF/xmega/drivers/usb/usb_device.o
                0x00006766                udd_set_setup_payload
 .text.udd_ep_alloc
                0x00006774      0x110 src/ASF/xmega/drivers/usb/usb_device.o
                0x00006774                udd_ep_alloc
 .text.udd_ep_is_halted
                0x00006884       0x36 src/ASF/xmega/drivers/usb/usb_device.o
                0x00006884                udd_ep_is_halted
 .text.udd_ep_clear_halt
                0x000068ba       0x6e src/ASF/xmega/drivers/usb/usb_device.o
                0x000068ba                udd_ep_clear_halt
 .text.udd_ep_run
                0x00006928      0x196 src/ASF/xmega/drivers/usb/usb_device.o
                0x00006928                udd_ep_run
 .text.udd_ep_abort
                0x00006abe       0x9e src/ASF/xmega/drivers/usb/usb_device.o
                0x00006abe                udd_ep_abort
 .text.udd_ep_free
                0x00006b5c       0x38 src/ASF/xmega/drivers/usb/usb_device.o
                0x00006b5c                udd_ep_free
 .text.udd_ep_set_halt
                0x00006b94       0x3a src/ASF/xmega/drivers/usb/usb_device.o
                0x00006b94                udd_ep_set_halt
 .text.__vector_125
                0x00006bce      0x170 src/ASF/xmega/drivers/usb/usb_device.o
                0x00006bce                __vector_125
 .text.__vector_126
                0x00006d3e      0x1f2 src/ASF/xmega/drivers/usb/usb_device.o
                0x00006d3e                __vector_126
 .text.cdc_start
                0x00006f30       0x94 src/cdc.o
                0x00006f30                cdc_start
 .text.cdc_set_dtr
                0x00006fc4        0x6 src/cdc.o
                0x00006fc4                cdc_set_dtr
 .text.cdc_getkey
                0x00006fca       0x84 src/cdc.o
                0x00006fca                cdc_getkey
 .text.date_time_application
                0x0000704e      0x5b8 src/date_time.o
                0x0000704e                date_time_application
 .text.keyboard_get_key_state
                0x00007606      0x146 src/keyboard.o
                0x00007606                keyboard_get_key_state
 .text.lightsensor_application
                0x0000774c      0x192 src/lightsensor.o
                0x0000774c                lightsensor_application
 .text.button_splash
                0x000078de       0xa6 src/main.o
                0x000078de                button_splash
 .text.main     0x00007984       0xde src/main.o
                0x00007984                main
 .text.ntc_sensor_application
                0x00007a62      0x1ae src/ntc_sensor.o
                0x00007a62                ntc_sensor_application
 .text.production_date_get_timestamp
                0x00007c10       0x90 src/production_date.o
                0x00007c10                production_date_get_timestamp
 .text.production_date_application
                0x00007ca0      0x1e2 src/production_date.o
                0x00007ca0                production_date_application
 .text.touch_timer_callback
                0x00007e82       0x24 src/qtouch/touch.o
 .text.touch_init
                0x00007ea6       0xb2 src/qtouch/touch.o
                0x00007ea6                touch_init
 .text.check_touch_key_pressed
                0x00007f58       0x26 src/qtouch/touch.o
                0x00007f58                check_touch_key_pressed
 .text.tz_index_to_minutes
                0x00007f7e       0x1c src/timezone.o
                0x00007f7e                tz_index_to_minutes
 .text.timezone_get_hours
                0x00007f9a        0x6 src/timezone.o
                0x00007f9a                timezone_get_hours
 .text.timezone_get_minutes
                0x00007fa0        0x6 src/timezone.o
                0x00007fa0                timezone_get_minutes
 .text.timezone_select_application
                0x00007fa6       0xa6 src/timezone.o
                0x00007fa6                timezone_select_application
 .text.timezone_init
                0x0000804c       0x68 src/timezone.o
                0x0000804c                timezone_init
 .text.avr-libc.fplib
                0x000080b4        0xa c:/program files (x86)/atmel/studio/7.0/toolchain/avr8/avr8-gnu-toolchain/bin/../lib/gcc/avr/5.4.0/../../../../avr/lib/avrxmega6\libm.a(addsf3.o)
                0x000080b4                __subsf3
                0x000080b6                __addsf3
 .text.avr-libc.fplib
                0x000080be       0xc0 c:/program files (x86)/atmel/studio/7.0/toolchain/avr8/avr8-gnu-toolchain/bin/../lib/gcc/avr/5.4.0/../../../../avr/lib/avrxmega6\libm.a(addsf3x.o)
                0x000080d8                __addsf3x
 .text.avr-libc.fplib
                0x0000817e        0xa c:/program files (x86)/atmel/studio/7.0/toolchain/avr8/avr8-gnu-toolchain/bin/../lib/gcc/avr/5.4.0/../../../../avr/lib/avrxmega6\libm.a(fixsfsi.o)
                0x0000817e                __fixsfsi
 .text.avr-libc.fplib
                0x00008188       0x58 c:/program files (x86)/atmel/studio/7.0/toolchain/avr8/avr8-gnu-toolchain/bin/../lib/gcc/avr/5.4.0/../../../../avr/lib/avrxmega6\libm.a(fixunssfsi.o)
                0x00008188                __fixunssfsi
 .text.avr-libc.fplib
                0x000081e0       0x7a c:/program files (x86)/atmel/studio/7.0/toolchain/avr8/avr8-gnu-toolchain/bin/../lib/gcc/avr/5.4.0/../../../../avr/lib/avrxmega6\libm.a(floatsisf.o)
                0x000081e0                __floatunsisf
                0x000081e4                __floatsisf
 .text.avr-libc.fplib
                0x0000825a        0xc c:/program files (x86)/atmel/studio/7.0/toolchain/avr8/avr8-gnu-toolchain/bin/../lib/gcc/avr/5.4.0/../../../../avr/lib/avrxmega6\libm.a(fp_inf.o)
                0x0000825a                __fp_inf
 .text.avr-libc.fplib
                0x00008266        0x6 c:/program files (x86)/atmel/studio/7.0/toolchain/avr8/avr8-gnu-toolchain/bin/../lib/gcc/avr/5.4.0/../../../../avr/lib/avrxmega6\libm.a(fp_nan.o)
                0x00008266                __fp_nan
 .text.avr-libc.fplib
                0x0000826c        0xe c:/program files (x86)/atmel/studio/7.0/toolchain/avr8/avr8-gnu-toolchain/bin/../lib/gcc/avr/5.4.0/../../../../avr/lib/avrxmega6\libm.a(fp_pscA.o)
                0x0000826c                __fp_pscA
 .text.avr-libc.fplib
                0x0000827a        0xe c:/program files (x86)/atmel/studio/7.0/toolchain/avr8/avr8-gnu-toolchain/bin/../lib/gcc/avr/5.4.0/../../../../avr/lib/avrxmega6\libm.a(fp_pscB.o)
                0x0000827a                __fp_pscB
 .text.avr-libc.fplib
                0x00008288       0x22 c:/program files (x86)/atmel/studio/7.0/toolchain/avr8/avr8-gnu-toolchain/bin/../lib/gcc/avr/5.4.0/../../../../avr/lib/avrxmega6\libm.a(fp_round.o)
                0x00008288                __fp_round
 .text.avr-libc.fplib
                0x000082aa       0x44 c:/program files (x86)/atmel/studio/7.0/toolchain/avr8/avr8-gnu-toolchain/bin/../lib/gcc/avr/5.4.0/../../../../avr/lib/avrxmega6\libm.a(fp_split3.o)
                0x000082aa                __fp_split3
                0x000082ba                __fp_splitA
 .text.avr-libc.fplib
                0x000082ee        0xe c:/program files (x86)/atmel/studio/7.0/toolchain/avr8/avr8-gnu-toolchain/bin/../lib/gcc/avr/5.4.0/../../../../avr/lib/avrxmega6\libm.a(fp_zero.o)
                0x000082ee                __fp_zero
                0x000082f0                __fp_szero
 .text.avr-libc.fplib
                0x000082fc        0x4 c:/program files (x86)/atmel/studio/7.0/toolchain/avr8/avr8-gnu-toolchain/bin/../lib/gcc/avr/5.4.0/../../../../avr/lib/avrxmega6\libm.a(mulsf3.o)
                0x000082fc                __mulsf3
 .text.avr-libc.fplib
                0x00008300       0xc2 c:/program files (x86)/atmel/studio/7.0/toolchain/avr8/avr8-gnu-toolchain/bin/../lib/gcc/avr/5.4.0/../../../../avr/lib/avrxmega6\libm.a(mulsf3x.o)
                0x00008314                __mulsf3x
                0x00008318                __mulsf3_pse
 .text.libgcc.div
                0x000083c2       0x28 c:/program files (x86)/atmel/studio/7.0/toolchain/avr8/avr8-gnu-toolchain/bin/../lib/gcc/avr/5.4.0/avrxmega6\libgcc.a(_udivmodhi4.o)
                0x000083c2                __udivmodhi4
 .text.libgcc.div
                0x000083ea       0x44 c:/program files (x86)/atmel/studio/7.0/toolchain/avr8/avr8-gnu-toolchain/bin/../lib/gcc/avr/5.4.0/avrxmega6\libgcc.a(_udivmodsi4.o)
                0x000083ea                __udivmodsi4
 .text.libgcc   0x0000842e       0x10 c:/program files (x86)/atmel/studio/7.0/toolchain/avr8/avr8-gnu-toolchain/bin/../lib/gcc/avr/5.4.0/avrxmega6\libgcc.a(_tablejump2.o)
                0x0000842e                __tablejump2__
 .text.libgcc.mul
                0x0000843e       0x1e c:/program files (x86)/atmel/studio/7.0/toolchain/avr8/avr8-gnu-toolchain/bin/../lib/gcc/avr/5.4.0/avrxmega6\libgcc.a(_umulhisi3.o)
                0x0000843e                __umulhisi3
 .text.libgcc.mul
                0x0000845c        0xc c:/program files (x86)/atmel/studio/7.0/toolchain/avr8/avr8-gnu-toolchain/bin/../lib/gcc/avr/5.4.0/avrxmega6\libgcc.a(_usmulhisi3.o)
                0x0000845c                __usmulhisi3
                0x0000845e                __usmulhisi3_tail
 .text.libgcc.mul
                0x00008468       0x14 c:/program files (x86)/atmel/studio/7.0/toolchain/avr8/avr8-gnu-toolchain/bin/../lib/gcc/avr/5.4.0/avrxmega6\libgcc.a(_muluhisi3.o)
                0x00008468                __muluhisi3
 .text.libgcc.prologue
                0x0000847c       0x32 c:/program files (x86)/atmel/studio/7.0/toolchain/avr8/avr8-gnu-toolchain/bin/../lib/gcc/avr/5.4.0/avrxmega6\libgcc.a(_prologue.o)
                0x0000847c                __prologue_saves__
 .text.libgcc.prologue
                0x000084ae       0x30 c:/program files (x86)/atmel/studio/7.0/toolchain/avr8/avr8-gnu-toolchain/bin/../lib/gcc/avr/5.4.0/avrxmega6\libgcc.a(_epilogue.o)
                0x000084ae                __epilogue_restores__
 .text.avr-libc
                0x000084de       0x12 c:/program files (x86)/atmel/studio/7.0/toolchain/avr8/avr8-gnu-toolchain/bin/../lib/gcc/avr/5.4.0/../../../../avr/lib/avrxmega6\libc.a(memcpy.o)
                0x000084de                memcpy
 .text.avr-libc
                0x000084f0       0x6c c:/program files (x86)/atmel/studio/7.0/toolchain/avr8/avr8-gnu-toolchain/bin/../lib/gcc/avr/5.4.0/../../../../avr/lib/avrxmega6\libc.a(snprintf.o)
                0x000084f0                snprintf
 .text.avr-libc
                0x0000855c      0x3ee c:/program files (x86)/atmel/studio/7.0/toolchain/avr8/avr8-gnu-toolchain/bin/../lib/gcc/avr/5.4.0/../../../../avr/lib/avrxmega6\libc.a(vfprintf_std.o)
                0x0000855c                vfprintf
 .text.avr-libc
                0x0000894a       0x16 c:/program files (x86)/atmel/studio/7.0/toolchain/avr8/avr8-gnu-toolchain/bin/../lib/gcc/avr/5.4.0/../../../../avr/lib/avrxmega6\libc.a(strnlen_P.o)
                0x0000894a                strnlen_P
 .text.avr-libc
                0x00008960       0x16 c:/program files (x86)/atmel/studio/7.0/toolchain/avr8/avr8-gnu-toolchain/bin/../lib/gcc/avr/5.4.0/../../../../avr/lib/avrxmega6\libc.a(strnlen.o)
                0x00008960                strnlen
 .text.avr-libc
                0x00008976       0x78 c:/program files (x86)/atmel/studio/7.0/toolchain/avr8/avr8-gnu-toolchain/bin/../lib/gcc/avr/5.4.0/../../../../avr/lib/avrxmega6\libc.a(fputc.o)
                0x00008976                fputc
 .text.avr-libc
                0x000089ee       0xbc c:/program files (x86)/atmel/studio/7.0/toolchain/avr8/avr8-gnu-toolchain/bin/../lib/gcc/avr/5.4.0/../../../../avr/lib/avrxmega6\libc.a(ultoa_invert.o)
                0x000089ee                __ultoa_invert
                0x00008aaa                . = ALIGN (0x2)
 *(.fini9)
 .fini9         0x00008aaa        0x0 c:/program files (x86)/atmel/studio/7.0/toolchain/avr8/avr8-gnu-toolchain/bin/../lib/gcc/avr/5.4.0/avrxmega6\libgcc.a(_exit.o)
                0x00008aaa                _exit
                0x00008aaa                exit
 *(.fini9)
 *(.fini8)
 *(.fini8)
 *(.fini7)
 *(.fini7)
 *(.fini6)
 *(.fini6)
 *(.fini5)
 *(.fini5)
 *(.fini4)
 *(.fini4)
 *(.fini3)
 *(.fini3)
 *(.fini2)
 *(.fini2)
 *(.fini1)
 *(.fini1)
 *(.fini0)
 .fini0         0x00008aaa        0x4 c:/program files (x86)/atmel/studio/7.0/toolchain/avr8/avr8-gnu-toolchain/bin/../lib/gcc/avr/5.4.0/avrxmega6\libgcc.a(_exit.o)
 *(.fini0)
                0x00008aae                _etext = .

.data           0x00802000      0x26a load address 0x00008aae
                0x00802000                PROVIDE (__data_start, .)
 *(.data)
 .data          0x00802000        0x1 ../src/qtouch\libavrxmega6g1-4qt-k-0rs.a(touch_api.o)
                0x00802000                freq_shift
 *(.data*)
 .data.menu_bitmap_indicator
                0x00802001        0x5 src/ASF/common/services/gfx_mono/gfx_mono_menu.o
                0x00802001                menu_bitmap_indicator
 .data.gfx_mono_spinctrl_bitmap_indicator
                0x00802006        0x5 src/ASF/common/services/gfx_mono/gfx_mono_spinctrl.o
                0x00802006                gfx_mono_spinctrl_bitmap_indicator
 .data.gfx_mono_spinctrl_bitmap_spin_indicator
                0x0080200b        0x5 src/ASF/common/services/gfx_mono/gfx_mono_spinctrl.o
                0x0080200b                gfx_mono_spinctrl_bitmap_spin_indicator
 .data.sysfont  0x00802010        0x7 src/ASF/common/services/gfx_mono/sysfont.o
                0x00802010                sysfont
 .data.udi_api_cdc_data
                0x00802017        0xa src/ASF/common/services/usb/class/cdc/device/udi_cdc.o
                0x00802017                udi_api_cdc_data
 .data.udi_api_cdc_comm
                0x00802021        0xa src/ASF/common/services/usb/class/cdc/device/udi_cdc.o
                0x00802021                udi_api_cdc_comm
 .data.udc_config
                0x0080202b        0x6 src/ASF/common/services/usb/class/cdc/device/udi_cdc_desc.o
                0x0080202b                udc_config
 .data.udc_config_fs
                0x00802031        0x4 src/ASF/common/services/usb/class/cdc/device/udi_cdc_desc.o
                0x00802031                udc_config_fs
 .data.udi_apis
                0x00802035        0x4 src/ASF/common/services/usb/class/cdc/device/udi_cdc_desc.o
                0x00802035                udi_apis
 *fill*         0x00802039        0x1 
 .data.udc_desc_fs
                0x0080203a       0x44 src/ASF/common/services/usb/class/cdc/device/udi_cdc_desc.o
                0x0080203a                udc_desc_fs
 .data.udc_device_desc
                0x0080207e       0x12 src/ASF/common/services/usb/class/cdc/device/udi_cdc_desc.o
                0x0080207e                udc_device_desc
 .data.udc_string_desc
                0x00802090       0x20 src/ASF/common/services/usb/udc/udc.o
 .data.udc_string_product_name
                0x008020b0       0x10 src/ASF/common/services/usb/udc/udc.o
 .data.udc_string_manufacturer_name
                0x008020c0        0xa src/ASF/common/services/usb/udc/udc.o
 .data.udc_string_desc_languageid
                0x008020ca        0x4 src/ASF/common/services/usb/udc/udc.o
 .data.bitmap_sun
                0x008020ce        0x5 src/bitmaps.o
                0x008020ce                bitmap_sun
 .data.bitmap_moon
                0x008020d3        0x5 src/bitmaps.o
                0x008020d3                bitmap_moon
 .data.bitmap_indoor
                0x008020d8        0x5 src/bitmaps.o
                0x008020d8                bitmap_indoor
 .data.bitmap_cloud
                0x008020dd        0x5 src/bitmaps.o
                0x008020dd                bitmap_cloud
 .data.day      0x008020e2        0xe src/date_time.o
                0x008020e2                day
 .data.datetime_menu
                0x008020f0        0x7 src/date_time.o
                0x008020f0                datetime_menu
 .data.datetime_menu_strings
                0x008020f7        0x8 src/date_time.o
                0x008020f7                datetime_menu_strings
 .data.main_menu
                0x008020ff        0x7 src/main.o
                0x008020ff                main_menu
 .data.main_menu_strings
                0x00802106        0xa src/main.o
                0x00802106                main_menu_strings
 .data.tempscale_data
                0x00802110       0x18 src/ntc_sensor.o
                0x00802110                tempscale_data
 .data.qt_measurement_period_msec
                0x00802128        0x2 src/qtouch/touch.o
                0x00802128                qt_measurement_period_msec
 .data.tz_minutes_menu
                0x0080212a        0x7 src/timezone.o
                0x0080212a                tz_minutes_menu
 .data.tz_minutes_strings
                0x00802131        0x8 src/timezone.o
                0x00802131                tz_minutes_strings
 .data.tz_hours_menu
                0x00802139        0x7 src/timezone.o
                0x00802139                tz_hours_menu
 .data.tz_hours_strings
                0x00802140       0x32 src/timezone.o
                0x00802140                tz_hours_strings
 *(.gnu.linkonce.d*)
 *(.rodata)
 .rodata        0x00802172       0x11 src/cdc.o
 .rodata        0x00802183       0x20 src/date_time.o
 *(.rodata*)
 .rodata.month  0x008021a3       0x18 src/ASF/common/services/calendar/calendar.o
                0x008021a3                month
 .rodata.str1.1
                0x008021bb        0x0 src/ASF/common/services/gfx_mono/gfx_mono_spinctrl.o
                                  0x3 (size before relaxing)
 .rodata.str1.1
                0x008021bb       0x3b src/date_time.o
 .rodata.str1.1
                0x008021f6       0x1c src/lightsensor.o
 .rodata.str1.1
                0x00802212       0x13 src/main.o
 .rodata.str1.1
                0x00802225       0x1b src/ntc_sensor.o
 .rodata.str1.1
                0x00802240       0x2a src/production_date.o
                                 0x39 (size before relaxing)
 *(.gnu.linkonce.r*)
                0x0080226a                . = ALIGN (0x2)
                0x0080226a                _edata = .
                0x0080226a                PROVIDE (__data_end, .)

.bss            0x0080226a      0x934
                0x0080226a                PROVIDE (__bss_start, .)
 *(.bss)
 .bss           0x0080226a        0x2 ../src/qtouch\libavrxmega6g1-4qt-k-0rs.a(burst_1_1_10_0.o)
 .bss           0x0080226c       0x22 ../src/qtouch\libavrxmega6g1-4qt-k-0rs.a(touch_api.o)
                0x0080226c                burst_proc
                0x0080226e                qt_config_data
                0x00802275                qt_measure_data
                0x00802286                lib_status_flags
                0x00802288                qt_filter_callback
 .bss           0x0080228e       0x1e ../src/qtouch\libavrxmega6g1-4qt-k-0rs.a(touch_process.o)
                0x0080228e                sensors
                0x008022a6                num_sensors
                0x008022a7                dht_counter
 .bss           0x008022ac        0x8 ../src/qtouch\libavrxmega6g1-4qt-k-0rs.a(touch_burst_qt.o)
                0x008022ac                SNS_array
                0x008022b0                SNSK_array
 *(.bss*)
 .bss.ntc_sensor_samples.5067
                0x008022b4        0x1 src/adc_sensors.o
 .bss.light_sensor_samples.5066
                0x008022b5        0x1 src/adc_sensors.o
 .bss.light_sensor_sample
                0x008022b6        0x2 src/adc_sensors.o
                0x008022b6                light_sensor_sample
 .bss.ntc_sensor_sample
                0x008022b8        0x2 src/adc_sensors.o
                0x008022b8                ntc_sensor_sample
 .bss.light_sensor_data_ready
                0x008022ba        0x1 src/adc_sensors.o
                0x008022ba                light_sensor_data_ready
 .bss.ntc_sensor_data_ready
                0x008022bb        0x1 src/adc_sensors.o
                0x008022bb                ntc_sensor_data_ready
 .bss.framebuffer
                0x008022bc      0x200 src/ASF/common/services/gfx_mono/gfx_mono_c12832_a1z.o
 .bss.fbpointer
                0x008024bc        0x2 src/ASF/common/services/gfx_mono/gfx_mono_framebuffer.o
 .bss.redraw_state.5262
                0x008024be        0x1 src/ASF/common/services/gfx_mono/gfx_mono_menu.o
 .bss.sof_zlp_counter.5341
                0x008024bf        0x2 src/ASF/common/services/usb/class/cdc/device/udi_cdc.o
 .bss.udi_cdc_tx_both_buf_to_send
                0x008024c1        0x1 src/ASF/common/services/usb/class/cdc/device/udi_cdc.o
 .bss.udi_cdc_tx_trans_ongoing
                0x008024c2        0x1 src/ASF/common/services/usb/class/cdc/device/udi_cdc.o
 .bss.udi_cdc_tx_sof_num
                0x008024c3        0x2 src/ASF/common/services/usb/class/cdc/device/udi_cdc.o
 .bss.udi_cdc_tx_buf_sel
                0x008024c5        0x1 src/ASF/common/services/usb/class/cdc/device/udi_cdc.o
 .bss.udi_cdc_tx_buf_nb
                0x008024c6        0x4 src/ASF/common/services/usb/class/cdc/device/udi_cdc.o
 .bss.udi_cdc_tx_buf
                0x008024ca      0x280 src/ASF/common/services/usb/class/cdc/device/udi_cdc.o
 .bss.udi_cdc_rx_trans_ongoing
                0x0080274a        0x1 src/ASF/common/services/usb/class/cdc/device/udi_cdc.o
 .bss.udi_cdc_rx_pos
                0x0080274b        0x2 src/ASF/common/services/usb/class/cdc/device/udi_cdc.o
 .bss.udi_cdc_rx_buf_sel
                0x0080274d        0x1 src/ASF/common/services/usb/class/cdc/device/udi_cdc.o
 .bss.udi_cdc_rx_buf_nb
                0x0080274e        0x4 src/ASF/common/services/usb/class/cdc/device/udi_cdc.o
 .bss.udi_cdc_rx_buf
                0x00802752      0x280 src/ASF/common/services/usb/class/cdc/device/udi_cdc.o
 .bss.udi_cdc_data_running
                0x008029d2        0x1 src/ASF/common/services/usb/class/cdc/device/udi_cdc.o
 .bss.udi_cdc_nb_data_enabled
                0x008029d3        0x1 src/ASF/common/services/usb/class/cdc/device/udi_cdc.o
 .bss.udi_cdc_nb_comm_enabled
                0x008029d4        0x1 src/ASF/common/services/usb/class/cdc/device/udi_cdc.o
 *fill*         0x008029d5        0x1 
 .bss.uid_cdc_state_msg
                0x008029d6        0xa src/ASF/common/services/usb/class/cdc/device/udi_cdc.o
 .bss.udi_cdc_state
                0x008029e0        0x2 src/ASF/common/services/usb/class/cdc/device/udi_cdc.o
 .bss.udi_cdc_line_coding
                0x008029e2        0x8 src/ASF/common/services/usb/class/cdc/device/udi_cdc.o
 .bss.udc_ep_status.5118
                0x008029ea        0x2 src/ASF/common/services/usb/udc/udc.o
 .bss.udc_ptr_iface
                0x008029ec        0x2 src/ASF/common/services/usb/udc/udc.o
 .bss.udc_ptr_conf
                0x008029ee        0x2 src/ASF/common/services/usb/udc/udc.o
 .bss.udc_num_configuration
                0x008029f0        0x2 src/ASF/common/services/usb/udc/udc.o
 .bss.udc_iface_setting
                0x008029f2        0x2 src/ASF/common/services/usb/udc/udc.o
 .bss.udc_device_status
                0x008029f4        0x2 src/ASF/common/services/usb/udc/udc.o
 .bss.adcb_enable_count
                0x008029f6        0x1 src/ASF/xmega/drivers/adc/adc.o
 .bss.adca_enable_count
                0x008029f7        0x1 src/ASF/xmega/drivers/adc/adc.o
 .bss.tc_tcf0_ccd_callback
                0x008029f8        0x2 src/ASF/xmega/drivers/tc/tc.o
 .bss.tc_tcf0_ccc_callback
                0x008029fa        0x2 src/ASF/xmega/drivers/tc/tc.o
 .bss.tc_tcf0_ccb_callback
                0x008029fc        0x2 src/ASF/xmega/drivers/tc/tc.o
 .bss.tc_tcf0_cca_callback
                0x008029fe        0x2 src/ASF/xmega/drivers/tc/tc.o
 .bss.tc_tcf0_err_callback
                0x00802a00        0x2 src/ASF/xmega/drivers/tc/tc.o
 .bss.tc_tcf0_ovf_callback
                0x00802a02        0x2 src/ASF/xmega/drivers/tc/tc.o
 .bss.tc_tce1_ccb_callback
                0x00802a04        0x2 src/ASF/xmega/drivers/tc/tc.o
 .bss.tc_tce1_cca_callback
                0x00802a06        0x2 src/ASF/xmega/drivers/tc/tc.o
 .bss.tc_tce1_err_callback
                0x00802a08        0x2 src/ASF/xmega/drivers/tc/tc.o
 .bss.tc_tce1_ovf_callback
                0x00802a0a        0x2 src/ASF/xmega/drivers/tc/tc.o
 .bss.tc_tce0_ccd_callback
                0x00802a0c        0x2 src/ASF/xmega/drivers/tc/tc.o
 .bss.tc_tce0_ccc_callback
                0x00802a0e        0x2 src/ASF/xmega/drivers/tc/tc.o
 .bss.tc_tce0_ccb_callback
                0x00802a10        0x2 src/ASF/xmega/drivers/tc/tc.o
 .bss.tc_tce0_cca_callback
                0x00802a12        0x2 src/ASF/xmega/drivers/tc/tc.o
 .bss.tc_tce0_err_callback
                0x00802a14        0x2 src/ASF/xmega/drivers/tc/tc.o
 .bss.tc_tce0_ovf_callback
                0x00802a16        0x2 src/ASF/xmega/drivers/tc/tc.o
 .bss.tc_tcd1_ccb_callback
                0x00802a18        0x2 src/ASF/xmega/drivers/tc/tc.o
 .bss.tc_tcd1_cca_callback
                0x00802a1a        0x2 src/ASF/xmega/drivers/tc/tc.o
 .bss.tc_tcd1_err_callback
                0x00802a1c        0x2 src/ASF/xmega/drivers/tc/tc.o
 .bss.tc_tcd1_ovf_callback
                0x00802a1e        0x2 src/ASF/xmega/drivers/tc/tc.o
 .bss.tc_tcd0_ccd_callback
                0x00802a20        0x2 src/ASF/xmega/drivers/tc/tc.o
 .bss.tc_tcd0_ccc_callback
                0x00802a22        0x2 src/ASF/xmega/drivers/tc/tc.o
 .bss.tc_tcd0_ccb_callback
                0x00802a24        0x2 src/ASF/xmega/drivers/tc/tc.o
 .bss.tc_tcd0_cca_callback
                0x00802a26        0x2 src/ASF/xmega/drivers/tc/tc.o
 .bss.tc_tcd0_err_callback
                0x00802a28        0x2 src/ASF/xmega/drivers/tc/tc.o
 .bss.tc_tcd0_ovf_callback
                0x00802a2a        0x2 src/ASF/xmega/drivers/tc/tc.o
 .bss.tc_tcc1_ccb_callback
                0x00802a2c        0x2 src/ASF/xmega/drivers/tc/tc.o
 .bss.tc_tcc1_cca_callback
                0x00802a2e        0x2 src/ASF/xmega/drivers/tc/tc.o
 .bss.tc_tcc1_err_callback
                0x00802a30        0x2 src/ASF/xmega/drivers/tc/tc.o
 .bss.tc_tcc1_ovf_callback
                0x00802a32        0x2 src/ASF/xmega/drivers/tc/tc.o
 .bss.tc_tcc0_ccd_callback
                0x00802a34        0x2 src/ASF/xmega/drivers/tc/tc.o
 .bss.tc_tcc0_ccc_callback
                0x00802a36        0x2 src/ASF/xmega/drivers/tc/tc.o
 .bss.tc_tcc0_ccb_callback
                0x00802a38        0x2 src/ASF/xmega/drivers/tc/tc.o
 .bss.tc_tcc0_cca_callback
                0x00802a3a        0x2 src/ASF/xmega/drivers/tc/tc.o
 .bss.tc_tcc0_err_callback
                0x00802a3c        0x2 src/ASF/xmega/drivers/tc/tc.o
 .bss.tc_tcc0_ovf_callback
                0x00802a3e        0x2 src/ASF/xmega/drivers/tc/tc.o
 .bss.b_shortpacket.5849
                0x00802a40        0x1 src/ASF/xmega/drivers/usb/usb_device.o
 .bss.udd_ep_out_cache_buffer
                0x00802a41       0x80 src/ASF/xmega/drivers/usb/usb_device.o
 .bss.udd_ep_job
                0x00802ac1       0x24 src/ASF/xmega/drivers/usb/usb_device.o
 .bss.udd_ctrl_buffer
                0x00802ae5       0x40 src/ASF/xmega/drivers/usb/usb_device.o
 .bss.udd_ctrl_payload_nb_trans
                0x00802b25        0x2 src/ASF/xmega/drivers/usb/usb_device.o
 .bss.udd_ctrl_prev_payload_nb_trans
                0x00802b27        0x2 src/ASF/xmega/drivers/usb/usb_device.o
 .bss.udd_ep_control_state
                0x00802b29        0x1 src/ASF/xmega/drivers/usb/usb_device.o
 *fill*         0x00802b2a        0x2 
 .bss.udd_sram  0x00802b2c       0x40 src/ASF/xmega/drivers/usb/usb_device.o
 .bss.udd_b_idle
                0x00802b6c        0x1 src/ASF/xmega/drivers/usb/usb_device.o
 .bss.esc_state.5267
                0x00802b6d        0x1 src/cdc.o
 .bss.cdc_opened
                0x00802b6e        0x1 src/cdc.o
                0x00802b6e                cdc_opened
 .bss.key_state.5160
                0x00802b6f        0x1 src/keyboard.o
 .bss.current_time_ms_touch
                0x00802b70        0x2 src/qtouch/touch.o
 .bss.time_to_measure_touch
                0x00802b72        0x1 src/qtouch/touch.o
 .bss.tz_minutes
                0x00802b73        0x1 src/timezone.o
 .bss.tz_hours  0x00802b74        0x1 src/timezone.o
 *(COMMON)
 COMMON         0x00802b75        0x6 src/ASF/common/services/sleepmgr/xmega/sleepmgr.o
                0x00802b75                sleepmgr_locks
 COMMON         0x00802b7b        0x4 src/ASF/xmega/drivers/adc/adc.o
                0x00802b7b                adcb_callback
                0x00802b7d                adca_callback
 COMMON         0x00802b7f        0x2 src/ASF/xmega/drivers/rtc32/rtc32.o
                0x00802b7f                rtc_data
 COMMON         0x00802b81       0x10 src/ASF/xmega/drivers/usb/usb_device.o
                0x00802b81                udd_g_ctrlreq
 COMMON         0x00802b91        0xd src/cdc.o
                0x00802b91                cdc_serial_number
                0x00802b9e                PROVIDE (__bss_end, .)
                0x00008aae                __data_load_start = LOADADDR (.data)
                0x00008d18                __data_load_end = (__data_load_start + SIZEOF (.data))

.noinit         0x00802b9e        0x0
                [!provide]                PROVIDE (__noinit_start, .)
 *(.noinit*)
                [!provide]                PROVIDE (__noinit_end, .)
                0x00802b9e                _end = .
                [!provide]                PROVIDE (__heap_start, .)

.eeprom         0x00810000        0x0
 *(.eeprom*)
                0x00810000                __eeprom_end = .

.fuse
 *(.fuse)
 *(.lfuse)
 *(.hfuse)
 *(.efuse)

.lock
 *(.lock*)

.signature
 *(.signature*)

.user_signatures
 *(.user_signatures*)

.stab
 *(.stab)

.stabstr
 *(.stabstr)

.stab.excl
 *(.stab.excl)

.stab.exclstr
 *(.stab.exclstr)

.stab.index
 *(.stab.index)

.stab.indexstr
 *(.stab.indexstr)

.comment        0x00000000       0x5c
 *(.comment)
 .comment       0x00000000       0x30 src/adc_sensors.o
                                 0x31 (size before relaxing)
 .comment       0x00000030       0x31 src/ASF/common/components/display/st7565r/st7565r.o
 .comment       0x00000030       0x31 src/ASF/common/services/calendar/calendar.o
 .comment       0x00000030       0x31 src/ASF/common/services/clock/xmega/sysclk.o
 .comment       0x00000030       0x31 src/ASF/common/services/gfx_mono/gfx_mono_c12832_a1z.o
 .comment       0x00000030       0x31 src/ASF/common/services/gfx_mono/gfx_mono_framebuffer.o
 .comment       0x00000030       0x31 src/ASF/common/services/gfx_mono/gfx_mono_generic.o
 .comment       0x00000030       0x31 src/ASF/common/services/gfx_mono/gfx_mono_menu.o
 .comment       0x00000030       0x31 src/ASF/common/services/gfx_mono/gfx_mono_spinctrl.o
 .comment       0x00000030       0x31 src/ASF/common/services/gfx_mono/gfx_mono_text.o
 .comment       0x00000030       0x31 src/ASF/common/services/gfx_mono/sysfont.o
 .comment       0x00000030       0x31 src/ASF/common/services/ioport/xmega/ioport_compat.o
 .comment       0x00000030       0x31 src/ASF/common/services/sleepmgr/xmega/sleepmgr.o
 .comment       0x00000030       0x31 src/ASF/common/services/spi/xmega_usart_spi/usart_spi.o
 .comment       0x00000030       0x31 src/ASF/common/services/usb/class/cdc/device/udi_cdc.o
 .comment       0x00000030       0x31 src/ASF/common/services/usb/class/cdc/device/udi_cdc_desc.o
 .comment       0x00000030       0x31 src/ASF/common/services/usb/udc/udc.o
 .comment       0x00000030       0x31 src/ASF/xmega/boards/xmega_a3bu_xplained/init.o
 .comment       0x00000030       0x31 src/ASF/xmega/drivers/adc/adc.o
 .comment       0x00000030       0x31 src/ASF/xmega/drivers/adc/xmega_aau/adc_aau.o
 .comment       0x00000030       0x31 src/ASF/xmega/drivers/nvm/nvm.o
 .comment       0x00000030       0x31 src/ASF/xmega/drivers/rtc32/rtc32.o
 .comment       0x00000030       0x31 src/ASF/xmega/drivers/tc/tc.o
 .comment       0x00000030       0x31 src/ASF/xmega/drivers/usart/usart.o
 .comment       0x00000030       0x31 src/ASF/xmega/drivers/usb/usb_device.o
 .comment       0x00000030       0x31 src/bitmaps.o
 .comment       0x00000030       0x31 src/cdc.o
 .comment       0x00000030       0x31 src/date_time.o
 .comment       0x00000030       0x31 src/keyboard.o
 .comment       0x00000030       0x31 src/lightsensor.o
 .comment       0x00000030       0x31 src/main.o
 .comment       0x00000030       0x31 src/ntc_sensor.o
 .comment       0x00000030       0x31 src/production_date.o
 .comment       0x00000030       0x31 src/qtouch/touch.o
 .comment       0x00000030       0x31 src/timezone.o
 .comment       0x00000030       0x31 c:/program files (x86)/atmel/studio/7.0/toolchain/avr8/avr8-gnu-toolchain/bin/../lib/gcc/avr/5.4.0/../../../../avr/lib/avrxmega6\libc.a(snprintf.o)
 .comment       0x00000030       0x2c c:/program files (x86)/atmel/studio/7.0/toolchain/avr8/avr8-gnu-toolchain/bin/../lib/gcc/avr/5.4.0/../../../../avr/lib/avrxmega6\libc.a(vfprintf_std.o)
                                 0x2d (size before relaxing)
 .comment       0x0000005c       0x31 c:/program files (x86)/atmel/studio/7.0/toolchain/avr8/avr8-gnu-toolchain/bin/../lib/gcc/avr/5.4.0/../../../../avr/lib/avrxmega6\libc.a(fputc.o)

.note.gnu.avr.deviceinfo
                0x00000000       0x44
 .note.gnu.avr.deviceinfo
                0x00000000       0x44 C:/Program Files (x86)/Atmel/Studio/7.0/Packs/atmel/XMEGAA_DFP/1.1.68/gcc/dev/atxmega256a3bu/avrxmega6/crtatxmega256a3bu.o

.note.gnu.build-id
 *(.note.gnu.build-id)

.debug
 *(.debug)

.line
 *(.line)

.debug_srcinfo
 *(.debug_srcinfo)

.debug_sfnames
 *(.debug_sfnames)

.debug_aranges  0x00000000      0xc60
 *(.debug_aranges)
 .debug_aranges
                0x00000000       0x50 src/adc_sensors.o
 .debug_aranges
                0x00000050       0x28 src/ASF/common/components/display/st7565r/st7565r.o
 .debug_aranges
                0x00000078       0x58 src/ASF/common/services/calendar/calendar.o
 .debug_aranges
                0x000000d0       0x40 src/ASF/common/services/clock/xmega/sysclk.o
 .debug_aranges
                0x00000110       0x60 src/ASF/common/services/gfx_mono/gfx_mono_c12832_a1z.o
 .debug_aranges
                0x00000170       0x58 src/ASF/common/services/gfx_mono/gfx_mono_framebuffer.o
 .debug_aranges
                0x000001c8       0x58 src/ASF/common/services/gfx_mono/gfx_mono_generic.o
 .debug_aranges
                0x00000220       0x30 src/ASF/common/services/gfx_mono/gfx_mono_menu.o
 .debug_aranges
                0x00000250       0x60 src/ASF/common/services/gfx_mono/gfx_mono_spinctrl.o
 .debug_aranges
                0x000002b0       0x40 src/ASF/common/services/gfx_mono/gfx_mono_text.o
 .debug_aranges
                0x000002f0       0x18 src/ASF/common/services/gfx_mono/sysfont.o
 .debug_aranges
                0x00000308       0x20 src/ASF/common/services/ioport/xmega/ioport_compat.o
 .debug_aranges
                0x00000328       0x18 src/ASF/common/services/sleepmgr/xmega/sleepmgr.o
 .debug_aranges
                0x00000340       0x48 src/ASF/common/services/spi/xmega_usart_spi/usart_spi.o
 .debug_aranges
                0x00000388      0x170 src/ASF/common/services/usb/class/cdc/device/udi_cdc.o
 .debug_aranges
                0x000004f8       0x18 src/ASF/common/services/usb/class/cdc/device/udi_cdc_desc.o
 .debug_aranges
                0x00000510       0x70 src/ASF/common/services/usb/udc/udc.o
 .debug_aranges
                0x00000580       0x20 src/ASF/xmega/boards/xmega_a3bu_xplained/init.o
 .debug_aranges
                0x000005a0       0x48 src/ASF/xmega/drivers/adc/adc.o
 .debug_aranges
                0x000005e8       0x78 src/ASF/xmega/drivers/adc/xmega_aau/adc_aau.o
 .debug_aranges
                0x00000660       0x20 src/ASF/xmega/drivers/cpu/ccp.o
 .debug_aranges
                0x00000680       0xc0 src/ASF/xmega/drivers/nvm/nvm.o
 .debug_aranges
                0x00000740       0x28 src/ASF/xmega/drivers/nvm/nvm_asm.o
 .debug_aranges
                0x00000768       0x60 src/ASF/xmega/drivers/rtc32/rtc32.o
 .debug_aranges
                0x000007c8      0x178 src/ASF/xmega/drivers/tc/tc.o
 .debug_aranges
                0x00000940       0x58 src/ASF/xmega/drivers/usart/usart.o
 .debug_aranges
                0x00000998      0x120 src/ASF/xmega/drivers/usb/usb_device.o
 .debug_aranges
                0x00000ab8       0x18 src/bitmaps.o
 .debug_aranges
                0x00000ad0       0x30 src/cdc.o
 .debug_aranges
                0x00000b00       0x20 src/date_time.o
 .debug_aranges
                0x00000b20       0x20 src/keyboard.o
 .debug_aranges
                0x00000b40       0x20 src/lightsensor.o
 .debug_aranges
                0x00000b60       0x28 src/main.o
 .debug_aranges
                0x00000b88       0x20 src/ntc_sensor.o
 .debug_aranges
                0x00000ba8       0x28 src/production_date.o
 .debug_aranges
                0x00000bd0       0x20 src/qtouch/qt_asm_xmega.o
 .debug_aranges
                0x00000bf0       0x30 src/qtouch/touch.o
 .debug_aranges
                0x00000c20       0x40 src/timezone.o

.debug_pubnames
 *(.debug_pubnames)

.debug_info     0x00000000    0x204f4
 *(.debug_info .gnu.linkonce.wi.*)
 .debug_info    0x00000000     0x3379 C:/Program Files (x86)/Atmel/Studio/7.0/Packs/atmel/XMEGAA_DFP/1.1.68/gcc/dev/atxmega256a3bu/avrxmega6/crtatxmega256a3bu.o
 .debug_info    0x00003379     0x1237 src/adc_sensors.o
 .debug_info    0x000045b0     0x1947 src/ASF/common/components/display/st7565r/st7565r.o
 .debug_info    0x00005ef7      0x6e8 src/ASF/common/services/calendar/calendar.o
 .debug_info    0x000065df      0xc5c src/ASF/common/services/clock/xmega/sysclk.o
 .debug_info    0x0000723b     0x1de2 src/ASF/common/services/gfx_mono/gfx_mono_c12832_a1z.o
 .debug_info    0x0000901d      0x487 src/ASF/common/services/gfx_mono/gfx_mono_framebuffer.o
 .debug_info    0x000094a4      0xc10 src/ASF/common/services/gfx_mono/gfx_mono_generic.o
 .debug_info    0x0000a0b4      0x52a src/ASF/common/services/gfx_mono/gfx_mono_menu.o
 .debug_info    0x0000a5de      0xd80 src/ASF/common/services/gfx_mono/gfx_mono_spinctrl.o
 .debug_info    0x0000b35e      0x71b src/ASF/common/services/gfx_mono/gfx_mono_text.o
 .debug_info    0x0000ba79      0x1af src/ASF/common/services/gfx_mono/sysfont.o
 .debug_info    0x0000bc28      0x121 src/ASF/common/services/ioport/xmega/ioport_compat.o
 .debug_info    0x0000bd49      0x129 src/ASF/common/services/sleepmgr/xmega/sleepmgr.o
 .debug_info    0x0000be72      0xb7e src/ASF/common/services/spi/xmega_usart_spi/usart_spi.o
 .debug_info    0x0000c9f0     0x198c src/ASF/common/services/usb/class/cdc/device/udi_cdc.o
 .debug_info    0x0000e37c      0x7c5 src/ASF/common/services/usb/class/cdc/device/udi_cdc_desc.o
 .debug_info    0x0000eb41     0x113b src/ASF/common/services/usb/udc/udc.o
 .debug_info    0x0000fc7c      0x848 src/ASF/xmega/boards/xmega_a3bu_xplained/init.o
 .debug_info    0x000104c4      0xa91 src/ASF/xmega/drivers/adc/adc.o
 .debug_info    0x00010f55      0xe99 src/ASF/xmega/drivers/adc/xmega_aau/adc_aau.o
 .debug_info    0x00011dee       0xb1 src/ASF/xmega/drivers/cpu/ccp.o
 .debug_info    0x00011e9f     0x13b2 src/ASF/xmega/drivers/nvm/nvm.o
 .debug_info    0x00013251       0xb1 src/ASF/xmega/drivers/nvm/nvm_asm.o
 .debug_info    0x00013302      0x721 src/ASF/xmega/drivers/rtc32/rtc32.o
 .debug_info    0x00013a23     0x1935 src/ASF/xmega/drivers/tc/tc.o
 .debug_info    0x00015358     0x2ce5 src/ASF/xmega/drivers/usart/usart.o
 .debug_info    0x0001803d     0x1dda src/ASF/xmega/drivers/usb/usb_device.o
 .debug_info    0x00019e17      0x25b src/bitmaps.o
 .debug_info    0x0001a072      0x4a5 src/cdc.o
 .debug_info    0x0001a517     0x11dc src/date_time.o
 .debug_info    0x0001b6f3      0x5be src/keyboard.o
 .debug_info    0x0001bcb1      0xabe src/lightsensor.o
 .debug_info    0x0001c76f      0xf53 src/main.o
 .debug_info    0x0001d6c2      0xb2b src/ntc_sensor.o
 .debug_info    0x0001e1ed      0x7a5 src/production_date.o
 .debug_info    0x0001e992       0xab src/qtouch/qt_asm_xmega.o
 .debug_info    0x0001ea3d     0x1297 src/qtouch/touch.o
 .debug_info    0x0001fcd4      0x820 src/timezone.o

.debug_abbrev   0x00000000     0x8573
 *(.debug_abbrev)
 .debug_abbrev  0x00000000     0x30c4 C:/Program Files (x86)/Atmel/Studio/7.0/Packs/atmel/XMEGAA_DFP/1.1.68/gcc/dev/atxmega256a3bu/avrxmega6/crtatxmega256a3bu.o
 .debug_abbrev  0x000030c4      0x38e src/adc_sensors.o
 .debug_abbrev  0x00003452      0x2a0 src/ASF/common/components/display/st7565r/st7565r.o
 .debug_abbrev  0x000036f2      0x219 src/ASF/common/services/calendar/calendar.o
 .debug_abbrev  0x0000390b      0x25d src/ASF/common/services/clock/xmega/sysclk.o
 .debug_abbrev  0x00003b68      0x385 src/ASF/common/services/gfx_mono/gfx_mono_c12832_a1z.o
 .debug_abbrev  0x00003eed      0x174 src/ASF/common/services/gfx_mono/gfx_mono_framebuffer.o
 .debug_abbrev  0x00004061      0x1ac src/ASF/common/services/gfx_mono/gfx_mono_generic.o
 .debug_abbrev  0x0000420d      0x1a1 src/ASF/common/services/gfx_mono/gfx_mono_menu.o
 .debug_abbrev  0x000043ae      0x2ad src/ASF/common/services/gfx_mono/gfx_mono_spinctrl.o
 .debug_abbrev  0x0000465b      0x21c src/ASF/common/services/gfx_mono/gfx_mono_text.o
 .debug_abbrev  0x00004877       0xe2 src/ASF/common/services/gfx_mono/sysfont.o
 .debug_abbrev  0x00004959       0x95 src/ASF/common/services/ioport/xmega/ioport_compat.o
 .debug_abbrev  0x000049ee       0x84 src/ASF/common/services/sleepmgr/xmega/sleepmgr.o
 .debug_abbrev  0x00004a72      0x2d8 src/ASF/common/services/spi/xmega_usart_spi/usart_spi.o
 .debug_abbrev  0x00004d4a      0x3c1 src/ASF/common/services/usb/class/cdc/device/udi_cdc.o
 .debug_abbrev  0x0000510b      0x102 src/ASF/common/services/usb/class/cdc/device/udi_cdc_desc.o
 .debug_abbrev  0x0000520d      0x361 src/ASF/common/services/usb/udc/udc.o
 .debug_abbrev  0x0000556e      0x14a src/ASF/xmega/boards/xmega_a3bu_xplained/init.o
 .debug_abbrev  0x000056b8      0x2d2 src/ASF/xmega/drivers/adc/adc.o
 .debug_abbrev  0x0000598a      0x320 src/ASF/xmega/drivers/adc/xmega_aau/adc_aau.o
 .debug_abbrev  0x00005caa       0x14 src/ASF/xmega/drivers/cpu/ccp.o
 .debug_abbrev  0x00005cbe      0x3bd src/ASF/xmega/drivers/nvm/nvm.o
 .debug_abbrev  0x0000607b       0x12 src/ASF/xmega/drivers/nvm/nvm_asm.o
 .debug_abbrev  0x0000608d      0x2ed src/ASF/xmega/drivers/rtc32/rtc32.o
 .debug_abbrev  0x0000637a      0x29b src/ASF/xmega/drivers/tc/tc.o
 .debug_abbrev  0x00006615      0x3f5 src/ASF/xmega/drivers/usart/usart.o
 .debug_abbrev  0x00006a0a      0x585 src/ASF/xmega/drivers/usb/usb_device.o
 .debug_abbrev  0x00006f8f       0xca src/bitmaps.o
 .debug_abbrev  0x00007059      0x1d8 src/cdc.o
 .debug_abbrev  0x00007231      0x215 src/date_time.o
 .debug_abbrev  0x00007446      0x1dc src/keyboard.o
 .debug_abbrev  0x00007622      0x2f6 src/lightsensor.o
 .debug_abbrev  0x00007918      0x31a src/main.o
 .debug_abbrev  0x00007c32      0x336 src/ntc_sensor.o
 .debug_abbrev  0x00007f68      0x1d1 src/production_date.o
 .debug_abbrev  0x00008139       0x14 src/qtouch/qt_asm_xmega.o
 .debug_abbrev  0x0000814d      0x277 src/qtouch/touch.o
 .debug_abbrev  0x000083c4      0x1af src/timezone.o

.debug_line     0x00000000    0x162da
 *(.debug_line .debug_line.* .debug_line_end)
 .debug_line    0x00000000      0x39d C:/Program Files (x86)/Atmel/Studio/7.0/Packs/atmel/XMEGAA_DFP/1.1.68/gcc/dev/atxmega256a3bu/avrxmega6/crtatxmega256a3bu.o
 .debug_line    0x0000039d      0x879 src/adc_sensors.o
 .debug_line    0x00000c16      0xac3 src/ASF/common/components/display/st7565r/st7565r.o
 .debug_line    0x000016d9      0x7c8 src/ASF/common/services/calendar/calendar.o
 .debug_line    0x00001ea1      0x77c src/ASF/common/services/clock/xmega/sysclk.o
 .debug_line    0x0000261d      0xda7 src/ASF/common/services/gfx_mono/gfx_mono_c12832_a1z.o
 .debug_line    0x000033c4      0x918 src/ASF/common/services/gfx_mono/gfx_mono_framebuffer.o
 .debug_line    0x00003cdc      0xc05 src/ASF/common/services/gfx_mono/gfx_mono_generic.o
 .debug_line    0x000048e1      0x8fb src/ASF/common/services/gfx_mono/gfx_mono_menu.o
 .debug_line    0x000051dc      0xcf7 src/ASF/common/services/gfx_mono/gfx_mono_spinctrl.o
 .debug_line    0x00005ed3      0x9a2 src/ASF/common/services/gfx_mono/gfx_mono_text.o
 .debug_line    0x00006875      0x7c2 src/ASF/common/services/gfx_mono/sysfont.o
 .debug_line    0x00007037      0x4b4 src/ASF/common/services/ioport/xmega/ioport_compat.o
 .debug_line    0x000074eb      0x457 src/ASF/common/services/sleepmgr/xmega/sleepmgr.o
 .debug_line    0x00007942      0x7d6 src/ASF/common/services/spi/xmega_usart_spi/usart_spi.o
 .debug_line    0x00008118     0x10a0 src/ASF/common/services/usb/class/cdc/device/udi_cdc.o
 .debug_line    0x000091b8      0x600 src/ASF/common/services/usb/class/cdc/device/udi_cdc_desc.o
 .debug_line    0x000097b8      0xb5b src/ASF/common/services/usb/udc/udc.o
 .debug_line    0x0000a313      0x4df src/ASF/xmega/boards/xmega_a3bu_xplained/init.o
 .debug_line    0x0000a7f2      0x7c5 src/ASF/xmega/drivers/adc/adc.o
 .debug_line    0x0000afb7      0x975 src/ASF/xmega/drivers/adc/xmega_aau/adc_aau.o
 .debug_line    0x0000b92c       0x6e src/ASF/xmega/drivers/cpu/ccp.o
 .debug_line    0x0000b99a      0xb64 src/ASF/xmega/drivers/nvm/nvm.o
 .debug_line    0x0000c4fe      0x11f src/ASF/xmega/drivers/nvm/nvm_asm.o
 .debug_line    0x0000c61d      0x794 src/ASF/xmega/drivers/rtc32/rtc32.o
 .debug_line    0x0000cdb1      0xed2 src/ASF/xmega/drivers/tc/tc.o
 .debug_line    0x0000dc83      0xc9d src/ASF/xmega/drivers/usart/usart.o
 .debug_line    0x0000e920     0x158d src/ASF/xmega/drivers/usb/usb_device.o
 .debug_line    0x0000fead      0x78b src/bitmaps.o
 .debug_line    0x00010638      0x740 src/cdc.o
 .debug_line    0x00010d78      0xb74 src/date_time.o