Archive member included to satisfy reference by file (symbol)

c:/program files (x86)/atmel/studio/7.0/toolchain/avr8/avr8-gnu-toolchain/bin/../lib/gcc/avr/5.4.0/avrxmega6\libgcc.a(_udivmodsi4.o)
                              src/ASF/xmega/drivers/usart/usart.o (__udivmodsi4)
c:/program files (x86)/atmel/studio/7.0/toolchain/avr8/avr8-gnu-toolchain/bin/../lib/gcc/avr/5.4.0/avrxmega6\libgcc.a(_exit.o)
                              C:/Program Files (x86)/Atmel/Studio/7.0/Packs/atmel/XMEGAA_DFP/1.1.68/gcc/dev/atxmega256a3bu/avrxmega6/crtatxmega256a3bu.o (exit)
c:/program files (x86)/atmel/studio/7.0/toolchain/avr8/avr8-gnu-toolchain/bin/../lib/gcc/avr/5.4.0/avrxmega6\libgcc.a(_copy_data.o)
                              src/ASF/common/services/gfx_mono/sysfont.o (__do_copy_data)
c:/program files (x86)/atmel/studio/7.0/toolchain/avr8/avr8-gnu-toolchain/bin/../lib/gcc/avr/5.4.0/avrxmega6\libgcc.a(_clear_bss.o)
                              src/ASF/common/services/gfx_mono/gfx_mono_c12832_a1z.o (__do_clear_bss)
c:/program files (x86)/atmel/studio/7.0/toolchain/avr8/avr8-gnu-toolchain/bin/../lib/gcc/avr/5.4.0/../../../../avr/lib/avrxmega6\libc.a(memcpy.o)
                              src/ASF/xmega/drivers/nvm/nvm.o (memcpy)

Allocating common symbols
Common symbol       size              file

sleepmgr_locks      0x6               src/ASF/common/services/sleepmgr/xmega/sleepmgr.o

Discarded input sections

 .data          0x00000000        0x0 C:/Program Files (x86)/Atmel/Studio/7.0/Packs/atmel/XMEGAA_DFP/1.1.68/gcc/dev/atxmega256a3bu/avrxmega6/crtatxmega256a3bu.o
 .bss           0x00000000        0x0 C:/Program Files (x86)/Atmel/Studio/7.0/Packs/atmel/XMEGAA_DFP/1.1.68/gcc/dev/atxmega256a3bu/avrxmega6/crtatxmega256a3bu.o
 .group         0x00000000        0x8 src/ASF/common/components/display/st7565r/st7565r.o
 .group         0x00000000        0x8 src/ASF/common/components/display/st7565r/st7565r.o
 .group         0x00000000        0x8 src/ASF/common/components/display/st7565r/st7565r.o
 .group         0x00000000        0x8 src/ASF/common/components/display/st7565r/st7565r.o
 .group         0x00000000        0x8 src/ASF/common/components/display/st7565r/st7565r.o
 .group         0x00000000        0x8 src/ASF/common/components/display/st7565r/st7565r.o
 .group         0x00000000        0x8 src/ASF/common/components/display/st7565r/st7565r.o
 .group         0x00000000        0x8 src/ASF/common/components/display/st7565r/st7565r.o
 .group         0x00000000        0x8 src/ASF/common/components/display/st7565r/st7565r.o
 .group         0x00000000        0x8 src/ASF/common/components/display/st7565r/st7565r.o
 .group         0x00000000        0x8 src/ASF/common/components/display/st7565r/st7565r.o
 .group         0x00000000        0x8 src/ASF/common/components/display/st7565r/st7565r.o
 .group         0x00000000        0x8 src/ASF/common/components/display/st7565r/st7565r.o
 .group         0x00000000        0x8 src/ASF/common/components/display/st7565r/st7565r.o
 .group         0x00000000        0x8 src/ASF/common/components/display/st7565r/st7565r.o
 .group         0x00000000        0x8 src/ASF/common/components/display/st7565r/st7565r.o
 .group         0x00000000        0x8 src/ASF/common/components/display/st7565r/st7565r.o
 .group         0x00000000        0x8 src/ASF/common/components/display/st7565r/st7565r.o
 .group         0x00000000        0x8 src/ASF/common/components/display/st7565r/st7565r.o
 .group         0x00000000        0x8 src/ASF/common/components/display/st7565r/st7565r.o
 .group         0x00000000        0x8 src/ASF/common/components/display/st7565r/st7565r.o
 .group         0x00000000        0x8 src/ASF/common/components/display/st7565r/st7565r.o
 .group         0x00000000        0x8 src/ASF/common/components/display/st7565r/st7565r.o
 .group         0x00000000        0x8 src/ASF/common/components/display/st7565r/st7565r.o
 .group         0x00000000        0x8 src/ASF/common/components/display/st7565r/st7565r.o
 .group         0x00000000        0x8 src/ASF/common/components/display/st7565r/st7565r.o
 .group         0x00000000        0x8 src/ASF/common/components/display/st7565r/st7565r.o
 .group         0x00000000        0x8 src/ASF/common/components/display/st7565r/st7565r.o
 .group         0x00000000        0x8 src/ASF/common/components/display/st7565r/st7565r.o
 .group         0x00000000        0x8 src/ASF/common/components/display/st7565r/st7565r.o
 .group         0x00000000        0x8 src/ASF/common/components/display/st7565r/st7565r.o
 .group         0x00000000        0x8 src/ASF/common/components/display/st7565r/st7565r.o
 .group         0x00000000        0x8 src/ASF/common/components/display/st7565r/st7565r.o
 .group         0x00000000        0x8 src/ASF/common/components/display/st7565r/st7565r.o
 .group         0x00000000        0x8 src/ASF/common/components/display/st7565r/st7565r.o
 .group         0x00000000        0x8 src/ASF/common/components/display/st7565r/st7565r.o
[...]
Memory Configuration

Name             Origin             Length             Attributes
text             0x00000000         0x00100000         xr
data             0x00802000         0x0000ffa0         rw !x
eeprom           0x00810000         0x00010000         rw !x
fuse             0x00820000         0x00000006         rw !x
lock             0x00830000         0x00000400         rw !x
signature        0x00840000         0x00000400         rw !x
user_signatures  0x00850000         0x00000400         rw !x
*default*        0x00000000         0xffffffff

Linker script and memory map

LOAD C:/Program Files (x86)/Atmel/Studio/7.0/Packs/atmel/XMEGAA_DFP/1.1.68/gcc/dev/atxmega256a3bu/avrxmega6/crtatxmega256a3bu.o
LOAD src/ASF/common/components/display/st7565r/st7565r.o
LOAD src/ASF/common/services/clock/xmega/sysclk.o
LOAD src/ASF/common/services/gfx_mono/gfx_mono_c12832_a1z.o
LOAD src/ASF/common/services/gfx_mono/gfx_mono_framebuffer.o
LOAD src/ASF/common/services/gfx_mono/gfx_mono_generic.o
LOAD src/ASF/common/services/gfx_mono/gfx_mono_text.o
LOAD src/ASF/common/services/gfx_mono/sysfont.o
LOAD src/ASF/common/services/ioport/xmega/ioport_compat.o
LOAD src/ASF/common/services/sleepmgr/xmega/sleepmgr.o
LOAD src/ASF/common/services/spi/xmega_usart_spi/usart_spi.o
LOAD src/ASF/xmega/boards/xmega_a3bu_xplained/init.o
LOAD src/ASF/xmega/drivers/cpu/ccp.o
LOAD src/ASF/xmega/drivers/nvm/nvm.o
LOAD src/ASF/xmega/drivers/nvm/nvm_asm.o
LOAD src/ASF/xmega/drivers/tc/tc.o
LOAD src/ASF/xmega/drivers/usart/usart.o
LOAD src/example_sysfont.o
START GROUP
LOAD c:/program files (x86)/atmel/studio/7.0/toolchain/avr8/avr8-gnu-toolchain/bin/../lib/gcc/avr/5.4.0/../../../../avr/lib/avrxmega6\libm.a
END GROUP
Address of section .BOOT set to 0x40000
START GROUP
LOAD c:/program files (x86)/atmel/studio/7.0/toolchain/avr8/avr8-gnu-toolchain/bin/../lib/gcc/avr/5.4.0/avrxmega6\libgcc.a
LOAD c:/program files (x86)/atmel/studio/7.0/toolchain/avr8/avr8-gnu-toolchain/bin/../lib/gcc/avr/5.4.0/../../../../avr/lib/avrxmega6\libm.a
LOAD c:/program files (x86)/atmel/studio/7.0/toolchain/avr8/avr8-gnu-toolchain/bin/../lib/gcc/avr/5.4.0/../../../../avr/lib/avrxmega6\libc.a
LOAD C:/Program Files (x86)/Atmel/Studio/7.0/Packs/atmel/XMEGAA_DFP/1.1.68/gcc/dev/atxmega256a3bu/avrxmega6\libatxmega256a3bu.a
END GROUP
                0x00100000                __TEXT_REGION_LENGTH__ = DEFINED (__TEXT_REGION_LENGTH__)?__TEXT_REGION_LENGTH__:0x100000
                0x0000ffa0                __DATA_REGION_LENGTH__ = DEFINED (__DATA_REGION_LENGTH__)?__DATA_REGION_LENGTH__:0xffa0
                0x00010000                __EEPROM_REGION_LENGTH__ = DEFINED (__EEPROM_REGION_LENGTH__)?__EEPROM_REGION_LENGTH__:0x10000
                [0x00000006]                __FUSE_REGION_LENGTH__ = DEFINED (__FUSE_REGION_LENGTH__)?__FUSE_REGION_LENGTH__:0x400
                0x00000400                __LOCK_REGION_LENGTH__ = DEFINED (__LOCK_REGION_LENGTH__)?__LOCK_REGION_LENGTH__:0x400
                0x00000400                __SIGNATURE_REGION_LENGTH__ = DEFINED (__SIGNATURE_REGION_LENGTH__)?__SIGNATURE_REGION_LENGTH__:0x400
                0x00000400                __USER_SIGNATURE_REGION_LENGTH__ = DEFINED (__USER_SIGNATURE_REGION_LENGTH__)?__USER_SIGNATURE_REGION_LENGTH__:0x400

.hash
 *(.hash)

.dynsym
 *(.dynsym)

.dynstr
 *(.dynstr)

.gnu.version
 *(.gnu.version)

.gnu.version_d
 *(.gnu.version_d)

.gnu.version_r
 *(.gnu.version_r)

.rel.init
 *(.rel.init)

.rela.init
 *(.rela.init)

.rel.text
 *(.rel.text)
 *(.rel.text.*)
 *(.rel.gnu.linkonce.t*)

.rela.text
 *(.rela.text)
 *(.rela.text.*)
 *(.rela.gnu.linkonce.t*)

.rel.fini
 *(.rel.fini)

.rela.fini
 *(.rela.fini)

.rel.rodata
 *(.rel.rodata)
 *(.rel.rodata.*)
 *(.rel.gnu.linkonce.r*)

.rela.rodata
 *(.rela.rodata)
 *(.rela.rodata.*)
 *(.rela.gnu.linkonce.r*)

.rel.data
 *(.rel.data)
 *(.rel.data.*)
 *(.rel.gnu.linkonce.d*)

.rela.data
 *(.rela.data)
 *(.rela.data.*)
 *(.rela.gnu.linkonce.d*)

.rel.ctors
 *(.rel.ctors)

.rela.ctors
 *(.rela.ctors)

.rel.dtors
 *(.rel.dtors)

.rela.dtors
 *(.rela.dtors)

.rel.got
 *(.rel.got)

.rela.got
 *(.rela.got)

.rel.bss
 *(.rel.bss)

.rela.bss
 *(.rela.bss)

.rel.plt
 *(.rel.plt)

.rela.plt
 *(.rela.plt)

.text           0x00000000     0x1ee6
 *(.vectors)
 .vectors       0x00000000      0x1fc C:/Program Files (x86)/Atmel/Studio/7.0/Packs/atmel/XMEGAA_DFP/1.1.68/gcc/dev/atxmega256a3bu/avrxmega6/crtatxmega256a3bu.o
                0x00000000                __vector_default
                0x00000000                __vectors
 *(.vectors)
 *(.progmem.gcc*)
                0x000001fc                . = ALIGN (0x2)
                0x000001fc                __trampolines_start = .
 *(.trampolines)
 .trampolines   0x000001fc        0x0 linker stubs
 *(.trampolines*)
                0x000001fc                __trampolines_end = .
 *libprintf_flt.a:*(.progmem.data)
 *libc.a:*(.progmem.data)
 *(.progmem*)
                0x000001fc                . = ALIGN (0x2)
 *(.jumptables)
 *(.jumptables*)
 *(.lowtext)
 *(.lowtext*)
                0x000001fc                __ctors_start = .
 *(.ctors)
                0x000001fc                __ctors_end = .
                0x000001fc                __dtors_start = .
 *(.dtors)
                0x000001fc                __dtors_end = .
 SORT(*)(.ctors)
 SORT(*)(.dtors)
 *(.init0)
 .init0         0x000001fc        0x0 C:/Program Files (x86)/Atmel/Studio/7.0/Packs/atmel/XMEGAA_DFP/1.1.68/gcc/dev/atxmega256a3bu/avrxmega6/crtatxmega256a3bu.o
                0x000001fc                __init
 *(.init0)
 *(.init1)
 *(.init1)
 *(.init2)
 .init2         0x000001fc       0x10 C:/Program Files (x86)/Atmel/Studio/7.0/Packs/atmel/XMEGAA_DFP/1.1.68/gcc/dev/atxmega256a3bu/avrxmega6/crtatxmega256a3bu.o
 *(.init2)
 *(.init3)
 *(.init3)
 *(.init4)
 .init4         0x0000020c       0x1a c:/program files (x86)/atmel/studio/7.0/toolchain/avr8/avr8-gnu-toolchain/bin/../lib/gcc/avr/5.4.0/avrxmega6\libgcc.a(_copy_data.o)
                0x0000020c                __do_copy_data
 .init4         0x00000226       0x10 c:/program files (x86)/atmel/studio/7.0/toolchain/avr8/avr8-gnu-toolchain/bin/../lib/gcc/avr/5.4.0/avrxmega6\libgcc.a(_clear_bss.o)
                0x00000226                __do_clear_bss
 *(.init4)
 *(.init5)
 *(.init5)
 *(.init6)
 *(.init6)
 *(.init7)
 *(.init7)
 *(.init8)
 *(.init8)
 *(.init9)
 .init9         0x00000236        0x8 C:/Program Files (x86)/Atmel/Studio/7.0/Packs/atmel/XMEGAA_DFP/1.1.68/gcc/dev/atxmega256a3bu/avrxmega6/crtatxmega256a3bu.o
 *(.init9)
 *(.text)
 .text          0x0000023e        0x2 C:/Program Files (x86)/Atmel/Studio/7.0/Packs/atmel/XMEGAA_DFP/1.1.68/gcc/dev/atxmega256a3bu/avrxmega6/crtatxmega256a3bu.o
                0x0000023e                __vector_38
                0x0000023e                __vector_104
                0x0000023e                __vector_63
                0x0000023e                __vector_28
                0x0000023e                __vector_67
                0x0000023e                __vector_1
                0x0000023e                __vector_119
                0x0000023e                __vector_32
                0x0000023e                __vector_75
                0x0000023e                __vector_71
                0x0000023e                __vector_91
                0x0000023e                __vector_34
                0x0000023e                __vector_62
                0x0000023e                __vector_102
                0x0000023e                __vector_24
                0x0000023e                __vector_12
                0x0000023e                __vector_69
                0x0000023e                __vector_90
                0x0000023e                __vector_46
                0x0000023e                __bad_interrupt
                0x0000023e                __vector_122
                0x0000023e                __vector_72
                0x0000023e                __vector_114
                0x0000023e                __vector_6
                0x0000023e                __vector_31
                0x0000023e                __vector_92
                0x0000023e                __vector_35
                0x0000023e                __vector_74
                0x0000023e                __vector_117
                0x0000023e                __vector_39
                0x0000023e                __vector_107
                0x0000023e                __vector_3
                0x0000023e                __vector_105
                0x0000023e                __vector_98
                0x0000023e                __vector_68
                0x0000023e                __vector_30
                0x0000023e                __vector_73
                0x0000023e                __vector_45
                0x0000023e                __vector_25
                0x0000023e                __vector_93
                0x0000023e                __vector_61
                0x0000023e                __vector_11
                0x0000023e                __vector_99
                0x0000023e                __vector_13
                0x0000023e                __vector_7
                0x0000023e                __vector_125
                0x0000023e                __vector_123
                0x0000023e                __vector_41
                0x0000023e                __vector_100
                0x0000023e                __vector_101
                0x0000023e                __vector_64
                0x0000023e                __vector_88
                0x0000023e                __vector_43
                0x0000023e                __vector_27
                0x0000023e                __vector_5
                0x0000023e                __vector_33
                0x0000023e                __vector_76
                0x0000023e                __vector_115
                0x0000023e                __vector_37
                0x0000023e                __vector_95
                0x0000023e                __vector_103
                0x0000023e                __vector_96
                0x0000023e                __vector_89
                0x0000023e                __vector_4
                0x0000023e                __vector_44
                0x0000023e                __vector_106
                0x0000023e                __vector_118
                0x0000023e                __vector_9
                0x0000023e                __vector_2
                0x0000023e                __vector_66
                0x0000023e                __vector_36
                0x0000023e                __vector_58
                0x0000023e                __vector_70
                0x0000023e                __vector_29
                0x0000023e                __vector_60
                0x0000023e                __vector_121
                0x0000023e                __vector_40
                0x0000023e                __vector_94
                0x0000023e                __vector_126
                0x0000023e                __vector_8
                0x0000023e                __vector_26
                0x0000023e                __vector_124
                0x0000023e                __vector_116
                0x0000023e                __vector_57
                0x0000023e                __vector_10
                0x0000023e                __vector_59
                0x0000023e                __vector_97
                0x0000023e                __vector_42
                0x0000023e                __vector_87
                0x0000023e                __vector_65
                0x0000023e                __vector_120
                0x00000240                . = ALIGN (0x2)
 *(.text.*)
 .text.__portable_avr_delay_cycles
                0x00000240       0x16 src/ASF/common/components/display/st7565r/st7565r.o
 .text.st7565r_init
                0x00000256      0x388 src/ASF/common/components/display/st7565r/st7565r.o
                0x00000256                st7565r_init
 .text.sysclk_init
                0x000005de       0x72 src/ASF/common/services/clock/xmega/sysclk.o
                0x000005de                sysclk_init
 .text.sysclk_enable_module
                0x00000650       0x2c src/ASF/common/services/clock/xmega/sysclk.o
                0x00000650                sysclk_enable_module
 .text.gfx_mono_st7565r_put_byte
                0x0000067c      0x14e src/ASF/common/services/gfx_mono/gfx_mono_c12832_a1z.o
                0x0000067c                gfx_mono_st7565r_put_byte
 .text.gfx_mono_st7565r_init
                0x000007ca       0x84 src/ASF/common/services/gfx_mono/gfx_mono_c12832_a1z.o
                0x000007ca                gfx_mono_st7565r_init
 .text.gfx_mono_st7565r_get_byte
                0x0000084e        0x4 src/ASF/common/services/gfx_mono/gfx_mono_c12832_a1z.o
                0x0000084e                gfx_mono_st7565r_get_byte
 .text.gfx_mono_set_framebuffer
                0x00000852        0xa src/ASF/common/services/gfx_mono/gfx_mono_framebuffer.o
                0x00000852                gfx_mono_set_framebuffer
 .text.gfx_mono_framebuffer_put_byte
                0x0000085c       0x1c src/ASF/common/services/gfx_mono/gfx_mono_framebuffer.o
                0x0000085c                gfx_mono_framebuffer_put_byte
 .text.gfx_mono_framebuffer_get_byte
                0x00000878       0x1c src/ASF/common/services/gfx_mono/gfx_mono_framebuffer.o
                0x00000878                gfx_mono_framebuffer_get_byte
 .text.gfx_mono_generic_draw_horizontal_line
                0x00000894       0xc4 src/ASF/common/services/gfx_mono/gfx_mono_generic.o
                0x00000894                gfx_mono_generic_draw_horizontal_line
 .text.gfx_mono_generic_draw_filled_rect
                0x00000958       0x34 src/ASF/common/services/gfx_mono/gfx_mono_generic.o
                0x00000958                gfx_mono_generic_draw_filled_rect
 .text.ioport_configure_port_pin
                0x0000098c       0x4e src/ASF/common/services/ioport/xmega/ioport_compat.o
                0x0000098c                ioport_configure_port_pin
 .text.usart_spi_init
                0x000009da       0x5e src/ASF/common/services/spi/xmega_usart_spi/usart_spi.o
                0x000009da                usart_spi_init
 .text.usart_spi_setup_device
                0x00000a38       0x34 src/ASF/common/services/spi/xmega_usart_spi/usart_spi.o
                0x00000a38                usart_spi_setup_device
 .text.usart_spi_select_device
                0x00000a6c       0x2c src/ASF/common/services/spi/xmega_usart_spi/usart_spi.o
                0x00000a6c                usart_spi_select_device
 .text.usart_spi_deselect_device
                0x00000a98       0x2c src/ASF/common/services/spi/xmega_usart_spi/usart_spi.o
                0x00000a98                usart_spi_deselect_device
 .text.board_init
                0x00000ac4       0x9e src/ASF/xmega/boards/xmega_a3bu_xplained/init.o
                0x00000ac4                board_init
 .text.ccp_write_io
                0x00000b62        0xc src/ASF/xmega/drivers/cpu/ccp.o
                0x00000b62                ccp_write_io
 .text.__vector_14
                0x00000b6e       0x5a src/ASF/xmega/drivers/tc/tc.o
                0x00000b6e                __vector_14
 .text.__vector_15
                0x00000bc8       0x5a src/ASF/xmega/drivers/tc/tc.o
                0x00000bc8                __vector_15
 .text.__vector_16
                0x00000c22       0x5a src/ASF/xmega/drivers/tc/tc.o
                0x00000c22                __vector_16
 .text.__vector_17
                0x00000c7c       0x5a src/ASF/xmega/drivers/tc/tc.o
                0x00000c7c                __vector_17
 .text.__vector_18
                0x00000cd6       0x5a src/ASF/xmega/drivers/tc/tc.o
                0x00000cd6                __vector_18
 .text.__vector_19
                0x00000d30       0x5a src/ASF/xmega/drivers/tc/tc.o
                0x00000d30                __vector_19
 .text.__vector_20
                0x00000d8a       0x5a src/ASF/xmega/drivers/tc/tc.o
                0x00000d8a                __vector_20
 .text.__vector_21
                0x00000de4       0x5a src/ASF/xmega/drivers/tc/tc.o
                0x00000de4                __vector_21
 .text.__vector_22
                0x00000e3e       0x5a src/ASF/xmega/drivers/tc/tc.o
                0x00000e3e                __vector_22
 .text.__vector_23
                0x00000e98       0x5a src/ASF/xmega/drivers/tc/tc.o
                0x00000e98                __vector_23
 .text.__vector_77
                0x00000ef2       0x5a src/ASF/xmega/drivers/tc/tc.o
                0x00000ef2                __vector_77
 .text.__vector_78
                0x00000f4c       0x5a src/ASF/xmega/drivers/tc/tc.o
                0x00000f4c                __vector_78
 .text.__vector_79
                0x00000fa6       0x5a src/ASF/xmega/drivers/tc/tc.o
                0x00000fa6                __vector_79
 .text.__vector_80
                0x00001000       0x5a src/ASF/xmega/drivers/tc/tc.o
                0x00001000                __vector_80
 .text.__vector_81
                0x0000105a       0x5a src/ASF/xmega/drivers/tc/tc.o
                0x0000105a                __vector_81
 .text.__vector_82
                0x000010b4       0x5a src/ASF/xmega/drivers/tc/tc.o
                0x000010b4                __vector_82
 .text.__vector_83
                0x0000110e       0x5a src/ASF/xmega/drivers/tc/tc.o
                0x0000110e                __vector_83
 .text.__vector_84
                0x00001168       0x5a src/ASF/xmega/drivers/tc/tc.o
                0x00001168                __vector_84
 .text.__vector_85
                0x000011c2       0x5a src/ASF/xmega/drivers/tc/tc.o
                0x000011c2                __vector_85
 .text.__vector_86
                0x0000121c       0x5a src/ASF/xmega/drivers/tc/tc.o
                0x0000121c                __vector_86
 .text.__vector_47
                0x00001276       0x5a src/ASF/xmega/drivers/tc/tc.o
                0x00001276                __vector_47
 .text.__vector_48
                0x000012d0       0x5a src/ASF/xmega/drivers/tc/tc.o
                0x000012d0                __vector_48
 .text.__vector_49
                0x0000132a       0x5a src/ASF/xmega/drivers/tc/tc.o
                0x0000132a                __vector_49
 .text.__vector_50
                0x00001384       0x5a src/ASF/xmega/drivers/tc/tc.o
                0x00001384                __vector_50
 .text.__vector_51
                0x000013de       0x5a src/ASF/xmega/drivers/tc/tc.o
                0x000013de                __vector_51
 .text.__vector_52
                0x00001438       0x5a src/ASF/xmega/drivers/tc/tc.o
                0x00001438                __vector_52
 .text.__vector_53
                0x00001492       0x5a src/ASF/xmega/drivers/tc/tc.o
                0x00001492                __vector_53
 .text.__vector_54
                0x000014ec       0x5a src/ASF/xmega/drivers/tc/tc.o
                0x000014ec                __vector_54
 .text.__vector_55
                0x00001546       0x5a src/ASF/xmega/drivers/tc/tc.o
                0x00001546                __vector_55
 .text.__vector_56
                0x000015a0       0x5a src/ASF/xmega/drivers/tc/tc.o
                0x000015a0                __vector_56
 .text.__vector_108
                0x000015fa       0x5a src/ASF/xmega/drivers/tc/tc.o
                0x000015fa                __vector_108
 .text.__vector_109
                0x00001654       0x5a src/ASF/xmega/drivers/tc/tc.o
                0x00001654                __vector_109
 .text.__vector_110
                0x000016ae       0x5a src/ASF/xmega/drivers/tc/tc.o
                0x000016ae                __vector_110
 .text.__vector_111
                0x00001708       0x5a src/ASF/xmega/drivers/tc/tc.o
                0x00001708                __vector_111
 .text.__vector_112
                0x00001762       0x5a src/ASF/xmega/drivers/tc/tc.o
                0x00001762                __vector_112
 .text.__vector_113
                0x000017bc       0x5a src/ASF/xmega/drivers/tc/tc.o
                0x000017bc                __vector_113
 .text.tc_enable
                0x00001816       0xfe src/ASF/xmega/drivers/tc/tc.o
                0x00001816                tc_enable
 .text.tc_set_overflow_interrupt_callback
                0x00001914       0x7c src/ASF/xmega/drivers/tc/tc.o
                0x00001914                tc_set_overflow_interrupt_callback
 .text.usart_spi_set_baudrate
                0x00001990       0x62 src/ASF/xmega/drivers/usart/usart.o
                0x00001990                usart_spi_set_baudrate
 .text.usart_init_spi
                0x000019f2      0x402 src/ASF/xmega/drivers/usart/usart.o
                0x000019f2                usart_init_spi
 .text.updateScreen
                0x00001df4       0x4a src/example_sysfont.o
 .text.main     0x00001e3e       0x60 src/example_sysfont.o
                0x00001e3e                main
 .text.libgcc.div
                0x00001e9e       0x44 c:/program files (x86)/atmel/studio/7.0/toolchain/avr8/avr8-gnu-toolchain/bin/../lib/gcc/avr/5.4.0/avrxmega6\libgcc.a(_udivmodsi4.o)
                0x00001e9e                __udivmodsi4
                0x00001ee2                . = ALIGN (0x2)
 *(.fini9)
 .fini9         0x00001ee2        0x0 c:/program files (x86)/atmel/studio/7.0/toolchain/avr8/avr8-gnu-toolchain/bin/../lib/gcc/avr/5.4.0/avrxmega6\libgcc.a(_exit.o)
                0x00001ee2                _exit
                0x00001ee2                exit
 *(.fini9)
 *(.fini8)
 *(.fini8)
 *(.fini7)
 *(.fini7)
 *(.fini6)
 *(.fini6)
 *(.fini5)
 *(.fini5)
 *(.fini4)
 *(.fini4)
 *(.fini3)
 *(.fini3)
 *(.fini2)
 *(.fini2)
 *(.fini1)
 *(.fini1)
 *(.fini0)
 .fini0         0x00001ee2        0x4 c:/program files (x86)/atmel/studio/7.0/toolchain/avr8/avr8-gnu-toolchain/bin/../lib/gcc/avr/5.4.0/avrxmega6\libgcc.a(_exit.o)
 *(.fini0)
                0x00001ee6                _etext = .

.data           0x00802000        0x4 load address 0x00001ee6
                0x00802000                PROVIDE (__data_start, .)
 *(.data)
 *(.data*)
 .data.ballSpeedX
                0x00802000        0x2 src/example_sysfont.o
                0x00802000                ballSpeedX
 .data.ballY    0x00802002        0x2 src/example_sysfont.o
                0x00802002                ballY
 *(.gnu.linkonce.d*)
 *(.rodata)
 *(.rodata*)
 *(.gnu.linkonce.r*)
                0x00802004                . = ALIGN (0x2)
                0x00802004                _edata = .
                0x00802004                PROVIDE (__data_end, .)

.bss            0x00802004      0x252
                0x00802004                PROVIDE (__bss_start, .)
 *(.bss)
 *(.bss*)
 .bss.framebuffer
                0x00802004      0x200 src/ASF/common/services/gfx_mono/gfx_mono_c12832_a1z.o
 .bss.fbpointer
                0x00802204        0x2 src/ASF/common/services/gfx_mono/gfx_mono_framebuffer.o
 .bss.tc_tcf0_ccd_callback
                0x00802206        0x2 src/ASF/xmega/drivers/tc/tc.o
 .bss.tc_tcf0_ccc_callback
                0x00802208        0x2 src/ASF/xmega/drivers/tc/tc.o
 .bss.tc_tcf0_ccb_callback
                0x0080220a        0x2 src/ASF/xmega/drivers/tc/tc.o
 .bss.tc_tcf0_cca_callback
                0x0080220c        0x2 src/ASF/xmega/drivers/tc/tc.o
 .bss.tc_tcf0_err_callback
                0x0080220e        0x2 src/ASF/xmega/drivers/tc/tc.o
 .bss.tc_tcf0_ovf_callback
                0x00802210        0x2 src/ASF/xmega/drivers/tc/tc.o
 .bss.tc_tce1_ccb_callback
                0x00802212        0x2 src/ASF/xmega/drivers/tc/tc.o
 .bss.tc_tce1_cca_callback
                0x00802214        0x2 src/ASF/xmega/drivers/tc/tc.o
 .bss.tc_tce1_err_callback
                0x00802216        0x2 src/ASF/xmega/drivers/tc/tc.o
 .bss.tc_tce1_ovf_callback
                0x00802218        0x2 src/ASF/xmega/drivers/tc/tc.o
 .bss.tc_tce0_ccd_callback
                0x0080221a        0x2 src/ASF/xmega/drivers/tc/tc.o
 .bss.tc_tce0_ccc_callback
                0x0080221c        0x2 src/ASF/xmega/drivers/tc/tc.o
 .bss.tc_tce0_ccb_callback
                0x0080221e        0x2 src/ASF/xmega/drivers/tc/tc.o
 .bss.tc_tce0_cca_callback
                0x00802220        0x2 src/ASF/xmega/drivers/tc/tc.o
 .bss.tc_tce0_err_callback
                0x00802222        0x2 src/ASF/xmega/drivers/tc/tc.o
 .bss.tc_tce0_ovf_callback
                0x00802224        0x2 src/ASF/xmega/drivers/tc/tc.o
 .bss.tc_tcd1_ccb_callback
                0x00802226        0x2 src/ASF/xmega/drivers/tc/tc.o
 .bss.tc_tcd1_cca_callback
                0x00802228        0x2 src/ASF/xmega/drivers/tc/tc.o
 .bss.tc_tcd1_err_callback
                0x0080222a        0x2 src/ASF/xmega/drivers/tc/tc.o
 .bss.tc_tcd1_ovf_callback
                0x0080222c        0x2 src/ASF/xmega/drivers/tc/tc.o
 .bss.tc_tcd0_ccd_callback
                0x0080222e        0x2 src/ASF/xmega/drivers/tc/tc.o
 .bss.tc_tcd0_ccc_callback
                0x00802230        0x2 src/ASF/xmega/drivers/tc/tc.o
 .bss.tc_tcd0_ccb_callback
                0x00802232        0x2 src/ASF/xmega/drivers/tc/tc.o
 .bss.tc_tcd0_cca_callback
                0x00802234        0x2 src/ASF/xmega/drivers/tc/tc.o
 .bss.tc_tcd0_err_callback
                0x00802236        0x2 src/ASF/xmega/drivers/tc/tc.o
 .bss.tc_tcd0_ovf_callback
                0x00802238        0x2 src/ASF/xmega/drivers/tc/tc.o
 .bss.tc_tcc1_ccb_callback
                0x0080223a        0x2 src/ASF/xmega/drivers/tc/tc.o
 .bss.tc_tcc1_cca_callback
                0x0080223c        0x2 src/ASF/xmega/drivers/tc/tc.o
 .bss.tc_tcc1_err_callback
                0x0080223e        0x2 src/ASF/xmega/drivers/tc/tc.o
 .bss.tc_tcc1_ovf_callback
                0x00802240        0x2 src/ASF/xmega/drivers/tc/tc.o
 .bss.tc_tcc0_ccd_callback
                0x00802242        0x2 src/ASF/xmega/drivers/tc/tc.o
 .bss.tc_tcc0_ccc_callback
                0x00802244        0x2 src/ASF/xmega/drivers/tc/tc.o
 .bss.tc_tcc0_ccb_callback
                0x00802246        0x2 src/ASF/xmega/drivers/tc/tc.o
 .bss.tc_tcc0_cca_callback
                0x00802248        0x2 src/ASF/xmega/drivers/tc/tc.o
 .bss.tc_tcc0_err_callback
                0x0080224a        0x2 src/ASF/xmega/drivers/tc/tc.o
 .bss.tc_tcc0_ovf_callback
                0x0080224c        0x2 src/ASF/xmega/drivers/tc/tc.o
 .bss.ballX     0x0080224e        0x2 src/example_sysfont.o
                0x0080224e                ballX
 *(COMMON)
 COMMON         0x00802250        0x6 src/ASF/common/services/sleepmgr/xmega/sleepmgr.o
                0x00802250                sleepmgr_locks
                0x00802256                PROVIDE (__bss_end, .)
                0x00001ee6                __data_load_start = LOADADDR (.data)
                0x00001eea                __data_load_end = (__data_load_start + SIZEOF (.data))

.noinit         0x00802256        0x0
                [!provide]                PROVIDE (__noinit_start, .)
 *(.noinit*)
                [!provide]                PROVIDE (__noinit_end, .)
                0x00802256                _end = .
                [!provide]                PROVIDE (__heap_start, .)

.eeprom         0x00810000        0x0
 *(.eeprom*)
                0x00810000                __eeprom_end = .

.fuse
 *(.fuse)
 *(.lfuse)
 *(.hfuse)
 *(.efuse)

.lock
 *(.lock*)

.signature
 *(.signature*)

.user_signatures
 *(.user_signatures*)

.stab
 *(.stab)

.stabstr
 *(.stabstr)

.stab.excl
 *(.stab.excl)

.stab.exclstr
 *(.stab.exclstr)

.stab.index
 *(.stab.index)

.stab.indexstr
 *(.stab.indexstr)

.comment        0x00000000       0x30
 *(.comment)
 .comment       0x00000000       0x30 src/ASF/common/components/display/st7565r/st7565r.o
                                 0x31 (size before relaxing)
 .comment       0x00000030       0x31 src/ASF/common/services/clock/xmega/sysclk.o
 .comment       0x00000030       0x31 src/ASF/common/services/gfx_mono/gfx_mono_c12832_a1z.o
 .comment       0x00000030       0x31 src/ASF/common/services/gfx_mono/gfx_mono_framebuffer.o
 .comment       0x00000030       0x31 src/ASF/common/services/gfx_mono/gfx_mono_generic.o
 .comment       0x00000030       0x31 src/ASF/common/services/ioport/xmega/ioport_compat.o
 .comment       0x00000030       0x31 src/ASF/common/services/sleepmgr/xmega/sleepmgr.o
 .comment       0x00000030       0x31 src/ASF/common/services/spi/xmega_usart_spi/usart_spi.o
 .comment       0x00000030       0x31 src/ASF/xmega/boards/xmega_a3bu_xplained/init.o
 .comment       0x00000030       0x31 src/ASF/xmega/drivers/tc/tc.o
 .comment       0x00000030       0x31 src/ASF/xmega/drivers/usart/usart.o
 .comment       0x00000030       0x31 src/example_sysfont.o

.note.gnu.avr.deviceinfo
                0x00000000       0x44
 .note.gnu.avr.deviceinfo
                0x00000000       0x44 C:/Program Files (x86)/Atmel/Studio/7.0/Packs/atmel/XMEGAA_DFP/1.1.68/gcc/dev/atxmega256a3bu/avrxmega6/crtatxmega256a3bu.o

.note.gnu.build-id
 *(.note.gnu.build-id)

.debug
 *(.debug)

.line
 *(.line)

.debug_srcinfo
 *(.debug_srcinfo)

.debug_sfnames
 *(.debug_sfnames)

.debug_aranges  0x00000000      0x430
 *(.debug_aranges)
 .debug_aranges
                0x00000000       0x28 src/ASF/common/components/display/st7565r/st7565r.o
 .debug_aranges
                0x00000028       0x40 src/ASF/common/services/clock/xmega/sysclk.o
 .debug_aranges
                0x00000068       0x60 src/ASF/common/services/gfx_mono/gfx_mono_c12832_a1z.o
 .debug_aranges
                0x000000c8       0x58 src/ASF/common/services/gfx_mono/gfx_mono_framebuffer.o
 .debug_aranges
                0x00000120       0x58 src/ASF/common/services/gfx_mono/gfx_mono_generic.o
 .debug_aranges
                0x00000178       0x20 src/ASF/common/services/ioport/xmega/ioport_compat.o
 .debug_aranges
                0x00000198       0x18 src/ASF/common/services/sleepmgr/xmega/sleepmgr.o
 .debug_aranges
                0x000001b0       0x48 src/ASF/common/services/spi/xmega_usart_spi/usart_spi.o
 .debug_aranges
                0x000001f8       0x20 src/ASF/xmega/boards/xmega_a3bu_xplained/init.o
 .debug_aranges
                0x00000218       0x20 src/ASF/xmega/drivers/cpu/ccp.o
 .debug_aranges
                0x00000238      0x178 src/ASF/xmega/drivers/tc/tc.o
 .debug_aranges
                0x000003b0       0x58 src/ASF/xmega/drivers/usart/usart.o
 .debug_aranges
                0x00000408       0x28 src/example_sysfont.o

.debug_pubnames
 *(.debug_pubnames)

.debug_info     0x00000000     0xefba
 *(.debug_info .gnu.linkonce.wi.*)
 .debug_info    0x00000000     0x3379 C:/Program Files (x86)/Atmel/Studio/7.0/Packs/atmel/XMEGAA_DFP/1.1.68/gcc/dev/atxmega256a3bu/avrxmega6/crtatxmega256a3bu.o
 .debug_info    0x00003379     0x1945 src/ASF/common/components/display/st7565r/st7565r.o
 .debug_info    0x00004cbe      0x8ad src/ASF/common/services/clock/xmega/sysclk.o
 .debug_info    0x0000556b     0x1de2 src/ASF/common/services/gfx_mono/gfx_mono_c12832_a1z.o
 .debug_info    0x0000734d      0x487 src/ASF/common/services/gfx_mono/gfx_mono_framebuffer.o
 .debug_info    0x000077d4      0xc10 src/ASF/common/services/gfx_mono/gfx_mono_generic.o
 .debug_info    0x000083e4      0x121 src/ASF/common/services/ioport/xmega/ioport_compat.o
 .debug_info    0x00008505      0x129 src/ASF/common/services/sleepmgr/xmega/sleepmgr.o
 .debug_info    0x0000862e      0xb7e src/ASF/common/services/spi/xmega_usart_spi/usart_spi.o
 .debug_info    0x000091ac      0x71c src/ASF/xmega/boards/xmega_a3bu_xplained/init.o
 .debug_info    0x000098c8       0x8b src/ASF/xmega/drivers/cpu/ccp.o
 .debug_info    0x00009953     0x1935 src/ASF/xmega/drivers/tc/tc.o
 .debug_info    0x0000b288     0x2ce5 src/ASF/xmega/drivers/usart/usart.o
 .debug_info    0x0000df6d     0x104d src/example_sysfont.o

.debug_abbrev   0x00000000     0x4af5
 *(.debug_abbrev)
 .debug_abbrev  0x00000000     0x30c4 C:/Program Files (x86)/Atmel/Studio/7.0/Packs/atmel/XMEGAA_DFP/1.1.68/gcc/dev/atxmega256a3bu/avrxmega6/crtatxmega256a3bu.o
 .debug_abbrev  0x000030c4      0x2a0 src/ASF/common/components/display/st7565r/st7565r.o
 .debug_abbrev  0x00003364      0x24e src/ASF/common/services/clock/xmega/sysclk.o
 .debug_abbrev  0x000035b2      0x385 src/ASF/common/services/gfx_mono/gfx_mono_c12832_a1z.o
 .debug_abbrev  0x00003937      0x174 src/ASF/common/services/gfx_mono/gfx_mono_framebuffer.o
 .debug_abbrev  0x00003aab      0x1ac src/ASF/common/services/gfx_mono/gfx_mono_generic.o
 .debug_abbrev  0x00003c57       0x95 src/ASF/common/services/ioport/xmega/ioport_compat.o
 .debug_abbrev  0x00003cec       0x84 src/ASF/common/services/sleepmgr/xmega/sleepmgr.o
 .debug_abbrev  0x00003d70      0x2d8 src/ASF/common/services/spi/xmega_usart_spi/usart_spi.o
 .debug_abbrev  0x00004048      0x14a src/ASF/xmega/boards/xmega_a3bu_xplained/init.o
 .debug_abbrev  0x00004192       0x14 src/ASF/xmega/drivers/cpu/ccp.o
 .debug_abbrev  0x000041a6      0x29b src/ASF/xmega/drivers/tc/tc.o
 .debug_abbrev  0x00004441      0x3f5 src/ASF/xmega/drivers/usart/usart.o
 .debug_abbrev  0x00004836      0x2bf src/example_sysfont.o

.debug_line     0x00000000     0x7373
 *(.debug_line .debug_line.* .debug_line_end)
 .debug_line    0x00000000      0x39d C:/Program Files (x86)/Atmel/Studio/7.0/Packs/atmel/XMEGAA_DFP/1.1.68/gcc/dev/atxmega256a3bu/avrxmega6/crtatxmega256a3bu.o
 .debug_line    0x0000039d      0xac3 src/ASF/common/components/display/st7565r/st7565r.o
 .debug_line    0x00000e60      0x6b4 src/ASF/common/services/clock/xmega/sysclk.o
 .debug_line    0x00001514      0xda7 src/ASF/common/services/gfx_mono/gfx_mono_c12832_a1z.o
 .debug_line    0x000022bb      0x918 src/ASF/common/services/gfx_mono/gfx_mono_framebuffer.o
 .debug_line    0x00002bd3      0xc05 src/ASF/common/services/gfx_mono/gfx_mono_generic.o
 .debug_line    0x000037d8      0x4b4 src/ASF/common/services/ioport/xmega/ioport_compat.o
 .debug_line    0x00003c8c      0x457 src/ASF/common/services/sleepmgr/xmega/sleepmgr.o
 .debug_line    0x000040e3      0x7d6 src/ASF/common/services/spi/xmega_usart_spi/usart_spi.o
 .debug_line    0x000048b9      0x4df src/ASF/xmega/boards/xmega_a3bu_xplained/init.o
 .debug_line    0x00004d98       0x6e src/ASF/xmega/drivers/cpu/ccp.o
 .debug_line    0x00004e06      0xed2 src/ASF/xmega/drivers/tc/tc.o
 .debug_line    0x00005cd8      0xc9d src/ASF/xmega/drivers/usart/usart.o
 .debug_line    0x00006975      0x9fe src/example_sysfont.o

.debug_frame    0x00000000     0x153c
 *(.debug_frame)
 .debug_frame   0x00000000       0x68 src/ASF/common/components/display/st7565r/st7565r.o
 .debug_frame   0x00000068       0xa4 src/ASF/common/services/clock/xmega/sysclk.o
 .debug_frame   0x0000010c      0x1b4 src/ASF/common/services/gfx_mono/gfx_mono_c12832_a1z.o
 .debug_frame   0x000002c0       0xd0 src/ASF/common/services/gfx_mono/gfx_mono_framebuffer.o
 .debug_frame   0x00000390      0x214 src/ASF/common/services/gfx_mono/gfx_mono_generic.o
 .debug_frame   0x000005a4       0x30 src/ASF/common/services/ioport/xmega/ioport_compat.o
 .debug_frame   0x000005d4       0x90 src/ASF/common/services/spi/xmega_usart_spi/usart_spi.o
 .debug_frame   0x00000664       0x24 src/ASF/xmega/boards/xmega_a3bu_xplained/init.o
 .debug_frame   0x00000688      0xd24 src/ASF/xmega/drivers/tc/tc.o
 .debug_frame   0x000013ac      0x14c src/ASF/xmega/drivers/usart/usart.o
 .debug_frame   0x000014f8       0x44 src/example_sysfont.o

.debug_str      0x00000000    0x31e6c
 *(.debug_str)
 .debug_str     0x00000000     0x21e4 C:/Program Files (x86)/Atmel/Studio/7.0/Packs/atmel/XMEGAA_DFP/1.1.68/gcc/dev/atxmega256a3bu/avrxmega6/crtatxmega256a3bu.o
 .debug_str     0x000021e4    0x2b856 src/ASF/common/components/display/st7565r/st7565r.o
                              0x2c093 (size before relaxing)
 .debug_str     0x0002da3a      0x3ce src/ASF/common/services/clock/xmega/sysclk.o
                              0x2aea0 (size before relaxing)
 .debug_str     0x0002de08      0xc0b src/ASF/common/services/gfx_mono/gfx_mono_c12832_a1z.o
                              0x2c994 (size before relaxing)
 .debug_str     0x0002ea13       0xba src/ASF/common/services/gfx_mono/gfx_mono_framebuffer.o
                              0x2c5af (size before relaxing)
 .debug_str     0x0002eacd      0x234 src/ASF/common/services/gfx_mono/gfx_mono_generic.o
                              0x2c6f2 (size before relaxing)
 .debug_str     0x0002ed01       0xab src/ASF/common/services/ioport/xmega/ioport_compat.o
                              0x28b77 (size before relaxing)
 .debug_str     0x0002edac      0x3d4 src/ASF/common/services/sleepmgr/xmega/sleepmgr.o
                              0x288c0 (size before relaxing)
 .debug_str     0x0002f180      0x1d1 src/ASF/common/services/spi/xmega_usart_spi/usart_spi.o
                              0x2b668 (size before relaxing)
 .debug_str     0x0002f351       0x77 src/ASF/xmega/boards/xmega_a3bu_xplained/init.o
                              0x2a728 (size before relaxing)
 .debug_str     0x0002f3c8      0xa3c src/ASF/xmega/drivers/tc/tc.o
                              0x2b851 (size before relaxing)
 .debug_str     0x0002fe04      0x7f6 src/ASF/xmega/drivers/usart/usart.o
                              0x2c1b0 (size before relaxing)
 .debug_str     0x000305fa     0x1872 src/example_sysfont.o
                              0x2e6b0 (size before relaxing)

.debug_loc      0x00000000     0x6c20
 *(.debug_loc)
 .debug_loc     0x00000000      0x7c9 src/ASF/common/components/display/st7565r/st7565r.o
 .debug_loc     0x000007c9      0x329 src/ASF/common/services/clock/xmega/sysclk.o
 .debug_loc     0x00000af2     0x1382 src/ASF/common/services/gfx_mono/gfx_mono_c12832_a1z.o
 .debug_loc     0x00001e74      0x61c src/ASF/common/services/gfx_mono/gfx_mono_framebuffer.o
 .debug_loc     0x00002490     0x11c5 src/ASF/common/services/gfx_mono/gfx_mono_generic.o
 .debug_loc     0x00003655       0x66 src/ASF/common/services/ioport/xmega/ioport_compat.o
 .debug_loc     0x000036bb      0x56c src/ASF/common/services/spi/xmega_usart_spi/usart_spi.o
 .debug_loc     0x00003c27      0x203 src/ASF/xmega/boards/xmega_a3bu_xplained/init.o
 .debug_loc     0x00003e2a     0x1df6 src/ASF/xmega/drivers/tc/tc.o
 .debug_loc     0x00005c20      0xe14 src/ASF/xmega/drivers/usart/usart.o
 .debug_loc     0x00006a34      0x1ec src/example_sysfont.o

.debug_macinfo
 *(.debug_macinfo)

.debug_weaknames
 *(.debug_weaknames)

.debug_funcnames
 *(.debug_funcnames)

.debug_typenames
 *(.debug_typenames)

.debug_varnames
 *(.debug_varnames)

.debug_pubtypes
 *(.debug_pubtypes)

.debug_ranges   0x00000000      0x518
 *(.debug_ranges)
 .debug_ranges  0x00000000       0x18 src/ASF/common/components/display/st7565r/st7565r.o
 .debug_ranges  0x00000018       0x30 src/ASF/common/services/clock/xmega/sysclk.o
 .debug_ranges  0x00000048      0x188 src/ASF/common/services/gfx_mono/gfx_mono_c12832_a1z.o
 .debug_ranges  0x000001d0       0x48 src/ASF/common/services/gfx_mono/gfx_mono_framebuffer.o
 .debug_ranges  0x00000218       0x48 src/ASF/common/services/gfx_mono/gfx_mono_generic.o
 .debug_ranges  0x00000260       0x10 src/ASF/common/services/ioport/xmega/ioport_compat.o
 .debug_ranges  0x00000270       0x98 src/ASF/common/services/spi/xmega_usart_spi/usart_spi.o
 .debug_ranges  0x00000308       0x10 src/ASF/xmega/boards/xmega_a3bu_xplained/init.o
 .debug_ranges  0x00000318      0x168 src/ASF/xmega/drivers/tc/tc.o
 .debug_ranges  0x00000480       0x80 src/ASF/xmega/drivers/usart/usart.o
 .debug_ranges  0x00000500       0x18 src/example_sysfont.o

.debug_macro    0x00000000     0xb9d3
 *(.debug_macro)
 .debug_macro   0x00000000      0x278 src/ASF/common/components/display/st7565r/st7565r.o
 .debug_macro   0x00000278      0xa9c src/ASF/common/components/display/st7565r/st7565r.o
 .debug_macro   0x00000d14       0x10 src/ASF/common/components/display/st7565r/st7565r.o
 .debug_macro   0x00000d24      0x1c9 src/ASF/common/components/display/st7565r/st7565r.o
 .debug_macro   0x00000eed      0x2fc src/ASF/common/components/display/st7565r/st7565r.o
 .debug_macro   0x000011e9       0x9e src/ASF/common/components/display/st7565r/st7565r.o
 .debug_macro   0x00001287     0x6271 src/ASF/common/components/display/st7565r/st7565r.o
 .debug_macro   0x000074f8       0x9a src/ASF/common/components/display/st7565r/st7565r.o
 .debug_macro   0x00007592       0xf1 src/ASF/common/components/display/st7565r/st7565r.o
 .debug_macro   0x00007683       0x34 src/ASF/common/components/display/st7565r/st7565r.o
 .debug_macro   0x000076b7       0x16 src/ASF/common/components/display/st7565r/st7565r.o
 .debug_macro   0x000076cd       0x18 src/ASF/common/components/display/st7565r/st7565r.o
 .debug_macro   0x000076e5       0x5e src/ASF/common/components/display/st7565r/st7565r.o
 .debug_macro   0x00007743       0x10 src/ASF/common/components/display/st7565r/st7565r.o
 .debug_macro   0x00007753       0x22 src/ASF/common/components/display/st7565r/st7565r.o
 .debug_macro   0x00007775      0x16d src/ASF/common/components/display/st7565r/st7565r.o
 .debug_macro   0x000078e2       0x1c src/ASF/common/components/display/st7565r/st7565r.o
 .debug_macro   0x000078fe       0x35 src/ASF/common/components/display/st7565r/st7565r.o
 .debug_macro   0x00007933       0x66 src/ASF/common/components/display/st7565r/st7565r.o
 .debug_macro   0x00007999      0x64b src/ASF/common/components/display/st7565r/st7565r.o
 .debug_macro   0x00007fe4       0x97 src/ASF/common/components/display/st7565r/st7565r.o
 .debug_macro   0x0000807b       0x17 src/ASF/common/components/display/st7565r/st7565r.o
 .debug_macro   0x00008092      0x250 src/ASF/common/components/display/st7565r/st7565r.o
 .debug_macro   0x000082e2       0x76 src/ASF/common/components/display/st7565r/st7565r.o
 .debug_macro   0x00008358       0x16 src/ASF/common/components/display/st7565r/st7565r.o
 .debug_macro   0x0000836e      0x6e3 src/ASF/common/components/display/st7565r/st7565r.o
 .debug_macro   0x00008a51       0x10 src/ASF/common/components/display/st7565r/st7565r.o
 .debug_macro   0x00008a61      0x175 src/ASF/common/components/display/st7565r/st7565r.o
 .debug_macro   0x00008bd6       0x40 src/ASF/common/components/display/st7565r/st7565r.o
 .debug_macro   0x00008c16       0x69 src/ASF/common/components/display/st7565r/st7565r.o
 .debug_macro   0x00008c7f       0x32 src/ASF/common/components/display/st7565r/st7565r.o
 .debug_macro   0x00008cb1       0xe4 src/ASF/common/components/display/st7565r/st7565r.o
 .debug_macro   0x00008d95       0x22 src/ASF/common/components/display/st7565r/st7565r.o
 .debug_macro   0x00008db7      0x2c6 src/ASF/common/components/display/st7565r/st7565r.o
 .debug_macro   0x0000907d      0x303 src/ASF/common/components/display/st7565r/st7565r.o
 .debug_macro   0x00009380       0x7d src/ASF/common/components/display/st7565r/st7565r.o
 .debug_macro   0x000093fd       0x2f src/ASF/common/components/display/st7565r/st7565r.o
 .debug_macro   0x0000942c      0x154 src/ASF/common/components/display/st7565r/st7565r.o
 .debug_macro   0x00009580       0x82 src/ASF/common/components/display/st7565r/st7565r.o
 .debug_macro   0x00009602      0x109 src/ASF/common/components/display/st7565r/st7565r.o
 .debug_macro   0x0000970b       0x28 src/ASF/common/components/display/st7565r/st7565r.o
 .debug_macro   0x00009733       0x23 src/ASF/common/components/display/st7565r/st7565r.o
 .debug_macro   0x00009756       0x3a src/ASF/common/components/display/st7565r/st7565r.o
 .debug_macro   0x00009790      0x100 src/ASF/common/components/display/st7565r/st7565r.o
 .debug_macro   0x00009890       0x34 src/ASF/common/components/display/st7565r/st7565r.o
 .debug_macro   0x000098c4       0x2e src/ASF/common/components/display/st7565r/st7565r.o
 .debug_macro   0x000098f2      0x1db src/ASF/common/services/clock/xmega/sysclk.o
 .debug_macro   0x00009acd       0x26 src/ASF/common/services/clock/xmega/sysclk.o
 .debug_macro   0x00009af3      0x2bc src/ASF/common/services/gfx_mono/gfx_mono_c12832_a1z.o
 .debug_macro   0x00009daf       0x7a src/ASF/common/services/gfx_mono/gfx_mono_c12832_a1z.o
 .debug_macro   0x00009e29       0x89 src/ASF/common/services/gfx_mono/gfx_mono_c12832_a1z.o
 .debug_macro   0x00009eb2      0x2b0 src/ASF/common/services/gfx_mono/gfx_mono_framebuffer.o
 .debug_macro   0x0000a162      0x302 src/ASF/common/services/gfx_mono/gfx_mono_framebuffer.o
 .debug_macro   0x0000a464      0x2b0 src/ASF/common/services/gfx_mono/gfx_mono_generic.o
 .debug_macro   0x0000a714      0x195 src/ASF/common/services/ioport/xmega/ioport_compat.o
 .debug_macro   0x0000a8a9      0x1a3 src/ASF/common/services/sleepmgr/xmega/sleepmgr.o
 .debug_macro   0x0000aa4c       0x10 src/ASF/common/services/sleepmgr/xmega/sleepmgr.o
 .debug_macro   0x0000aa5c       0x42 src/ASF/common/services/sleepmgr/xmega/sleepmgr.o
 .debug_macro   0x0000aa9e      0x236 src/ASF/common/services/spi/xmega_usart_spi/usart_spi.o
 .debug_macro   0x0000acd4      0x1b7 src/ASF/xmega/boards/xmega_a3bu_xplained/init.o
 .debug_macro   0x0000ae8b       0x10 src/ASF/xmega/boards/xmega_a3bu_xplained/init.o
 .debug_macro   0x0000ae9b      0x2c0 src/ASF/xmega/boards/xmega_a3bu_xplained/init.o
 .debug_macro   0x0000b15b      0x225 src/ASF/xmega/drivers/tc/tc.o
 .debug_macro   0x0000b380       0x12 src/ASF/xmega/drivers/tc/tc.o
 .debug_macro   0x0000b392      0x223 src/ASF/xmega/drivers/usart/usart.o
 .debug_macro   0x0000b5b5      0x370 src/example_sysfont.o
 .debug_macro   0x0000b925       0x34 src/example_sysfont.o
 .debug_macro   0x0000b959       0x46 src/example_sysfont.o
 .debug_macro   0x0000b99f       0x18 src/example_sysfont.o
 .debug_macro   0x0000b9b7       0x1c src/example_sysfont.o
OUTPUT(PINGIS.elf elf32-avr)
LOAD linker stubs

.BOOT           0x00040000        0x0
