Archive member included to satisfy reference by file (symbol)

c:/program files (x86)/atmel/studio/7.0/toolchain/avr8/avr8-gnu-toolchain/bin/../lib/gcc/avr/5.4.0/avrxmega6\libgcc.a(_udivmodsi4.o)
                              src/ASF/xmega/drivers/usart/usart.o (__udivmodsi4)
c:/program files (x86)/atmel/studio/7.0/toolchain/avr8/avr8-gnu-toolchain/bin/../lib/gcc/avr/5.4.0/avrxmega6\libgcc.a(_exit.o)
                              C:/Program Files (x86)/Atmel/Studio/7.0/Packs/atmel/XMEGAA_DFP/1.1.68/gcc/dev/atxmega256a3bu/avrxmega6/crtatxmega256a3bu.o (exit)
c:/program files (x86)/atmel/studio/7.0/toolchain/avr8/avr8-gnu-toolchain/bin/../lib/gcc/avr/5.4.0/avrxmega6\libgcc.a(_copy_data.o)
                              src/ASF/common/services/gfx_mono/gfx_mono_spinctrl.o (__do_copy_data)
c:/program files (x86)/atmel/studio/7.0/toolchain/avr8/avr8-gnu-toolchain/bin/../lib/gcc/avr/5.4.0/avrxmega6\libgcc.a(_clear_bss.o)
                              src/ASF/common/services/gfx_mono/gfx_mono_c12832_a1z.o (__do_clear_bss)
c:/program files (x86)/atmel/studio/7.0/toolchain/avr8/avr8-gnu-toolchain/bin/../lib/gcc/avr/5.4.0/../../../../avr/lib/avrxmega6\libc.a(memcpy.o)
                              src/ASF/xmega/drivers/nvm/nvm.o (memcpy)
c:/program files (x86)/atmel/studio/7.0/toolchain/avr8/avr8-gnu-toolchain/bin/../lib/gcc/avr/5.4.0/../../../../avr/lib/avrxmega6\libc.a(snprintf.o)
                              src/ASF/common/services/gfx_mono/gfx_mono_spinctrl.o (snprintf)
c:/program files (x86)/atmel/studio/7.0/toolchain/avr8/avr8-gnu-toolchain/bin/../lib/gcc/avr/5.4.0/../../../../avr/lib/avrxmega6\libc.a(vfprintf_std.o)
                              c:/program files (x86)/atmel/studio/7.0/toolchain/avr8/avr8-gnu-toolchain/bin/../lib/gcc/avr/5.4.0/../../../../avr/lib/avrxmega6\libc.a(snprintf.o) (vfprintf)
c:/program files (x86)/atmel/studio/7.0/toolchain/avr8/avr8-gnu-toolchain/bin/../lib/gcc/avr/5.4.0/../../../../avr/lib/avrxmega6\libc.a(strnlen_P.o)
                              c:/program files (x86)/atmel/studio/7.0/toolchain/avr8/avr8-gnu-toolchain/bin/../lib/gcc/avr/5.4.0/../../../../avr/lib/avrxmega6\libc.a(vfprintf_std.o) (strnlen_P)
c:/program files (x86)/atmel/studio/7.0/toolchain/avr8/avr8-gnu-toolchain/bin/../lib/gcc/avr/5.4.0/../../../../avr/lib/avrxmega6\libc.a(strnlen.o)
                              c:/program files (x86)/atmel/studio/7.0/toolchain/avr8/avr8-gnu-toolchain/bin/../lib/gcc/avr/5.4.0/../../../../avr/lib/avrxmega6\libc.a(vfprintf_std.o) (strnlen)
c:/program files (x86)/atmel/studio/7.0/toolchain/avr8/avr8-gnu-toolchain/bin/../lib/gcc/avr/5.4.0/../../../../avr/lib/avrxmega6\libc.a(fputc.o)
                              c:/program files (x86)/atmel/studio/7.0/toolchain/avr8/avr8-gnu-toolchain/bin/../lib/gcc/avr/5.4.0/../../../../avr/lib/avrxmega6\libc.a(vfprintf_std.o) (fputc)
c:/program files (x86)/atmel/studio/7.0/toolchain/avr8/avr8-gnu-toolchain/bin/../lib/gcc/avr/5.4.0/../../../../avr/lib/avrxmega6\libc.a(ultoa_invert.o)
                              c:/program files (x86)/atmel/studio/7.0/toolchain/avr8/avr8-gnu-toolchain/bin/../lib/gcc/avr/5.4.0/../../../../avr/lib/avrxmega6\libc.a(vfprintf_std.o) (__ultoa_invert)

Discarded input sections

 .data          0x00000000        0x0 C:/Program Files (x86)/Atmel/Studio/7.0/Packs/atmel/XMEGAA_DFP/1.1.68/gcc/dev/atxmega256a3bu/avrxmega6/crtatxmega256a3bu.o
 .bss           0x00000000        0x0 C:/Program Files (x86)/Atmel/Studio/7.0/Packs/atmel/XMEGAA_DFP/1.1.68/gcc/dev/atxmega256a3bu/avrxmega6/crtatxmega256a3bu.o
 .group         0x00000000        0x8 src/ASF/common/components/display/st7565r/st7565r.o
 .group         0x00000000        0x8 src/ASF/common/components/display/st7565r/st7565r.o
 .group         0x00000000        0x8 src/ASF/common/components/display/st7565r/st7565r.o
 .group         0x00000000        0x8 src/ASF/common/components/display/st7565r/st7565r.o
 .group         0x00000000        0x8 src/ASF/common/components/display/st7565r/st7565r.o
 .group         0x00000000        0x8 src/ASF/common/components/display/st7565r/st7565r.o
 .group         0x00000000        0x8 src/ASF/common/components/display/st7565r/st7565r.o
 .group         0x00000000        0x8 src/ASF/common/components/display/st7565r/st7565r.o
 .group         0x00000000        0x8 src/ASF/common/components/display/st7565r/st7565r.o
 .group         0x00000000        0x8 src/ASF/common/components/display/st7565r/st7565r.o
 .group         0x00000000        0x8 src/ASF/common/components/display/st7565r/st7565r.o
 .group         0x00000000        0x8 src/ASF/common/components/display/st7565r/st7565r.o
 .group         0x00000000        0x8 src/ASF/common/components/display/st7565r/st7565r.o
 .group         0x00000000        0x8 src/ASF/common/components/display/st7565r/st7565r.o
 .group         0x00000000        0x8 src/ASF/common/components/display/st7565r/st7565r.o
 .group         0x00000000        0x8 src/ASF/common/components/display/st7565r/st7565r.o
[...]
Memory Configuration

Name             Origin             Length             Attributes
text             0x00000000         0x00100000         xr
data             0x00802000         0x0000ffa0         rw !x
eeprom           0x00810000         0x00010000         rw !x
fuse             0x00820000         0x00000006         rw !x
lock             0x00830000         0x00000400         rw !x
signature        0x00840000         0x00000400         rw !x
user_signatures  0x00850000         0x00000400         rw !x
*default*        0x00000000         0xffffffff

Linker script and memory map

LOAD C:/Program Files (x86)/Atmel/Studio/7.0/Packs/atmel/XMEGAA_DFP/1.1.68/gcc/dev/atxmega256a3bu/avrxmega6/crtatxmega256a3bu.o
LOAD src/ASF/common/components/display/st7565r/st7565r.o
LOAD src/ASF/common/services/clock/xmega/sysclk.o
LOAD src/ASF/common/services/gfx_mono/gfx_mono_c12832_a1z.o
LOAD src/ASF/common/services/gfx_mono/gfx_mono_framebuffer.o
LOAD src/ASF/common/services/gfx_mono/gfx_mono_generic.o
LOAD src/ASF/common/services/gfx_mono/gfx_mono_spinctrl.o
LOAD src/ASF/common/services/gfx_mono/gfx_mono_text.o
LOAD src/ASF/common/services/gfx_mono/sysfont.o
LOAD src/ASF/common/services/ioport/xmega/ioport_compat.o
LOAD src/ASF/common/services/spi/xmega_usart_spi/usart_spi.o
LOAD src/ASF/xmega/boards/xmega_a3bu_xplained/init.o
LOAD src/ASF/xmega/drivers/cpu/ccp.o
LOAD src/ASF/xmega/drivers/nvm/nvm.o
LOAD src/ASF/xmega/drivers/nvm/nvm_asm.o
LOAD src/ASF/xmega/drivers/usart/usart.o
LOAD src/example_spinctrl.o
START GROUP
LOAD c:/program files (x86)/atmel/studio/7.0/toolchain/avr8/avr8-gnu-toolchain/bin/../lib/gcc/avr/5.4.0/../../../../avr/lib/avrxmega6\libm.a
END GROUP
Address of section .BOOT set to 0x40000
START GROUP
LOAD c:/program files (x86)/atmel/studio/7.0/toolchain/avr8/avr8-gnu-toolchain/bin/../lib/gcc/avr/5.4.0/avrxmega6\libgcc.a
LOAD c:/program files (x86)/atmel/studio/7.0/toolchain/avr8/avr8-gnu-toolchain/bin/../lib/gcc/avr/5.4.0/../../../../avr/lib/avrxmega6\libm.a
LOAD c:/program files (x86)/atmel/studio/7.0/toolchain/avr8/avr8-gnu-toolchain/bin/../lib/gcc/avr/5.4.0/../../../../avr/lib/avrxmega6\libc.a
LOAD C:/Program Files (x86)/Atmel/Studio/7.0/Packs/atmel/XMEGAA_DFP/1.1.68/gcc/dev/atxmega256a3bu/avrxmega6\libatxmega256a3bu.a
END GROUP
                0x00100000                __TEXT_REGION_LENGTH__ = DEFINED (__TEXT_REGION_LENGTH__)?__TEXT_REGION_LENGTH__:0x100000
                0x0000ffa0                __DATA_REGION_LENGTH__ = DEFINED (__DATA_REGION_LENGTH__)?__DATA_REGION_LENGTH__:0xffa0
                0x00010000                __EEPROM_REGION_LENGTH__ = DEFINED (__EEPROM_REGION_LENGTH__)?__EEPROM_REGION_LENGTH__:0x10000
                [0x00000006]                __FUSE_REGION_LENGTH__ = DEFINED (__FUSE_REGION_LENGTH__)?__FUSE_REGION_LENGTH__:0x400
                0x00000400                __LOCK_REGION_LENGTH__ = DEFINED (__LOCK_REGION_LENGTH__)?__LOCK_REGION_LENGTH__:0x400
                0x00000400                __SIGNATURE_REGION_LENGTH__ = DEFINED (__SIGNATURE_REGION_LENGTH__)?__SIGNATURE_REGION_LENGTH__:0x400
                0x00000400                __USER_SIGNATURE_REGION_LENGTH__ = DEFINED (__USER_SIGNATURE_REGION_LENGTH__)?__USER_SIGNATURE_REGION_LENGTH__:0x400

.hash
 *(.hash)

.dynsym
 *(.dynsym)

.dynstr
 *(.dynstr)

.gnu.version
 *(.gnu.version)

.gnu.version_d
 *(.gnu.version_d)

.gnu.version_r
 *(.gnu.version_r)

.rel.init
 *(.rel.init)

.rela.init
 *(.rela.init)

.rel.text
 *(.rel.text)
 *(.rel.text.*)
 *(.rel.gnu.linkonce.t*)

.rela.text
 *(.rela.text)
 *(.rela.text.*)
 *(.rela.gnu.linkonce.t*)

.rel.fini
 *(.rel.fini)

.rela.fini
 *(.rela.fini)

.rel.rodata
 *(.rel.rodata)
 *(.rel.rodata.*)
 *(.rel.gnu.linkonce.r*)

.rela.rodata
 *(.rela.rodata)
 *(.rela.rodata.*)
 *(.rela.gnu.linkonce.r*)

.rel.data
 *(.rel.data)
 *(.rel.data.*)
 *(.rel.gnu.linkonce.d*)

.rela.data
 *(.rela.data)
 *(.rela.data.*)
 *(.rela.gnu.linkonce.d*)

.rel.ctors
 *(.rel.ctors)

.rela.ctors
 *(.rela.ctors)

.rel.dtors
 *(.rel.dtors)

.rela.dtors
 *(.rela.dtors)

.rel.got
 *(.rel.got)

.rela.got
 *(.rela.got)

.rel.bss
 *(.rel.bss)

.rela.bss
 *(.rela.bss)

.rel.plt
 *(.rel.plt)

.rela.plt
 *(.rela.plt)

.text           0x00000000     0x20ce
 *(.vectors)
 .vectors       0x00000000      0x1fc C:/Program Files (x86)/Atmel/Studio/7.0/Packs/atmel/XMEGAA_DFP/1.1.68/gcc/dev/atxmega256a3bu/avrxmega6/crtatxmega256a3bu.o
                0x00000000                __vector_default
                0x00000000                __vectors
 *(.vectors)
 *(.progmem.gcc*)
                0x000001fc                . = ALIGN (0x2)
                0x000001fc                __trampolines_start = .
 *(.trampolines)
 .trampolines   0x000001fc        0x0 linker stubs
 *(.trampolines*)
                0x000001fc                __trampolines_end = .
 *libprintf_flt.a:*(.progmem.data)
 *libc.a:*(.progmem.data)
 *(.progmem*)
 .progmem.data.indicator_data
                0x000001fc        0x4 src/ASF/common/services/gfx_mono/gfx_mono_spinctrl.o
                0x000001fc                indicator_data
 .progmem.data.spin_indicator_data
                0x00000200        0x4 src/ASF/common/services/gfx_mono/gfx_mono_spinctrl.o
                0x00000200                spin_indicator_data
 .progmem.data.sysfont_glyphs
                0x00000204      0x292 src/ASF/common/services/gfx_mono/sysfont.o
 .progmem.data.spinner_choice4
                0x00000496        0x9 src/example_spinctrl.o
                0x00000496                spinner_choice4
 .progmem.data.spinner_choice3
                0x0000049f        0x9 src/example_spinctrl.o
                0x0000049f                spinner_choice3
 .progmem.data.spinner_choice2
                0x000004a8        0x9 src/example_spinctrl.o
                0x000004a8                spinner_choice2
 .progmem.data.spinner_choice1
                0x000004b1        0x7 src/example_spinctrl.o
                0x000004b1                spinner_choice1
 .progmem.data.spinnertitle3
                0x000004b8        0xa src/example_spinctrl.o
                0x000004b8                spinnertitle3
 .progmem.data.spinnertitle2
                0x000004c2        0x9 src/example_spinctrl.o
                0x000004c2                spinnertitle2
 .progmem.data.spinnertitle
                0x000004cb        0x9 src/example_spinctrl.o
                0x000004cb                spinnertitle
                0x000004d4                . = ALIGN (0x2)
 *(.jumptables)
 *(.jumptables*)
 *(.lowtext)
 *(.lowtext*)
                0x000004d4                __ctors_start = .
 *(.ctors)
                0x000004d4                __ctors_end = .
                0x000004d4                __dtors_start = .
 *(.dtors)
                0x000004d4                __dtors_end = .
 SORT(*)(.ctors)
 SORT(*)(.dtors)
 *(.init0)
 .init0         0x000004d4        0x0 C:/Program Files (x86)/Atmel/Studio/7.0/Packs/atmel/XMEGAA_DFP/1.1.68/gcc/dev/atxmega256a3bu/avrxmega6/crtatxmega256a3bu.o
                0x000004d4                __init
 *(.init0)
 *(.init1)
 *(.init1)
 *(.init2)
 .init2         0x000004d4       0x10 C:/Program Files (x86)/Atmel/Studio/7.0/Packs/atmel/XMEGAA_DFP/1.1.68/gcc/dev/atxmega256a3bu/avrxmega6/crtatxmega256a3bu.o
 *(.init2)
 *(.init3)
 *(.init3)
 *(.init4)
 .init4         0x000004e4       0x1a c:/program files (x86)/atmel/studio/7.0/toolchain/avr8/avr8-gnu-toolchain/bin/../lib/gcc/avr/5.4.0/avrxmega6\libgcc.a(_copy_data.o)
                0x000004e4                __do_copy_data
 .init4         0x000004fe       0x10 c:/program files (x86)/atmel/studio/7.0/toolchain/avr8/avr8-gnu-toolchain/bin/../lib/gcc/avr/5.4.0/avrxmega6\libgcc.a(_clear_bss.o)
                0x000004fe                __do_clear_bss
 *(.init4)
 *(.init5)
 *(.init5)
 *(.init6)
 *(.init6)
 *(.init7)
 *(.init7)
 *(.init8)
 *(.init8)
 *(.init9)
 .init9         0x0000050e        0x8 C:/Program Files (x86)/Atmel/Studio/7.0/Packs/atmel/XMEGAA_DFP/1.1.68/gcc/dev/atxmega256a3bu/avrxmega6/crtatxmega256a3bu.o
 *(.init9)
 *(.text)
 .text          0x00000516        0x2 C:/Program Files (x86)/Atmel/Studio/7.0/Packs/atmel/XMEGAA_DFP/1.1.68/gcc/dev/atxmega256a3bu/avrxmega6/crtatxmega256a3bu.o
                0x00000516                __vector_38
                0x00000516                __vector_104
                0x00000516                __vector_22
                0x00000516                __vector_63
                0x00000516                __vector_28
                0x00000516                __vector_67
                0x00000516                __vector_1
                0x00000516                __vector_119
                0x00000516                __vector_32
                0x00000516                __vector_75
                0x00000516                __vector_71
                0x00000516                __vector_91
                0x00000516                __vector_34
                0x00000516                __vector_62
                0x00000516                __vector_77
                0x00000516                __vector_102
                0x00000516                __vector_24
                0x00000516                __vector_12
                0x00000516                __vector_55
                0x00000516                __vector_69
                0x00000516                __vector_81
                0x00000516                __vector_90
                0x00000516                __vector_46
                0x00000516                __bad_interrupt
                0x00000516                __vector_122
                0x00000516                __vector_72
                0x00000516                __vector_114
                0x00000516                __vector_6
                0x00000516                __vector_110
                0x00000516                __vector_31
                0x00000516                __vector_92
                0x00000516                __vector_35
                0x00000516                __vector_78
                0x00000516                __vector_74
                0x00000516                __vector_117
                0x00000516                __vector_39
                0x00000516                __vector_107
                0x00000516                __vector_3
                0x00000516                __vector_105
                0x00000516                __vector_98
                0x00000516                __vector_23
                0x00000516                __vector_68
                0x00000516                __vector_30
                0x00000516                __vector_73
                0x00000516                __vector_45
                0x00000516                __vector_25
                0x00000516                __vector_93
                0x00000516                __vector_61
                0x00000516                __vector_11
                0x00000516                __vector_54
                0x00000516                __vector_99
                0x00000516                __vector_13
                0x00000516                __vector_17
                0x00000516                __vector_19
                0x00000516                __vector_56
                0x00000516                __vector_7
                0x00000516                __vector_125
                0x00000516                __vector_49
                0x00000516                __vector_123
                0x00000516                __vector_41
                0x00000516                __vector_86
                0x00000516                __vector_100
                0x00000516                __vector_101
                0x00000516                __vector_64
                0x00000516                __vector_88
                0x00000516                __vector_109
                0x00000516                __vector_43
                0x00000516                __vector_27
                0x00000516                __vector_5
                0x00000516                __vector_113
                0x00000516                __vector_33
                0x00000516                __vector_76
                0x00000516                __vector_115
                0x00000516                __vector_47
                0x00000516                __vector_52
                0x00000516                __vector_37
                0x00000516                __vector_95
                0x00000516                __vector_103
                0x00000516                __vector_96
                0x00000516                __vector_89
                0x00000516                __vector_108
                0x00000516                __vector_4
                0x00000516                __vector_44
                0x00000516                __vector_82
                0x00000516                __vector_106
                0x00000516                __vector_118
                0x00000516                __vector_51
                0x00000516                __vector_9
                0x00000516                __vector_2
                0x00000516                __vector_21
                0x00000516                __vector_15
                0x00000516                __vector_66
                0x00000516                __vector_36
                0x00000516                __vector_79
                0x00000516                __vector_58
                0x00000516                __vector_70
                0x00000516                __vector_83
                0x00000516                __vector_29
                0x00000516                __vector_60
                0x00000516                __vector_121
                0x00000516                __vector_40
                0x00000516                __vector_85
                0x00000516                __vector_94
                0x00000516                __vector_126
                0x00000516                __vector_8
                0x00000516                __vector_26
                0x00000516                __vector_48
                0x00000516                __vector_124
                0x00000516                __vector_116
                0x00000516                __vector_112
                0x00000516                __vector_111
                0x00000516                __vector_80
                0x00000516                __vector_14
                0x00000516                __vector_84
                0x00000516                __vector_57
                0x00000516                __vector_53
                0x00000516                __vector_10
                0x00000516                __vector_50
                0x00000516                __vector_16
                0x00000516                __vector_59
                0x00000516                __vector_18
                0x00000516                __vector_97
                0x00000516                __vector_20
                0x00000516                __vector_42
                0x00000516                __vector_87
                0x00000516                __vector_65
                0x00000516                __vector_120
                0x00000518                . = ALIGN (0x2)
 *(.text.*)
 .text.__portable_avr_delay_cycles
                0x00000518       0x16 src/ASF/common/components/display/st7565r/st7565r.o
 .text.st7565r_init
                0x0000052e      0x388 src/ASF/common/components/display/st7565r/st7565r.o
                0x0000052e                st7565r_init
 .text.sysclk_init
                0x000008b6       0x72 src/ASF/common/services/clock/xmega/sysclk.o
                0x000008b6                sysclk_init
 .text.sysclk_enable_module
                0x00000928       0x2c src/ASF/common/services/clock/xmega/sysclk.o
                0x00000928                sysclk_enable_module
 .text.gfx_mono_st7565r_put_page
                0x00000954      0x1a6 src/ASF/common/services/gfx_mono/gfx_mono_c12832_a1z.o
                0x00000954                gfx_mono_st7565r_put_page
 .text.gfx_mono_st7565r_put_byte
                0x00000afa      0x14e src/ASF/common/services/gfx_mono/gfx_mono_c12832_a1z.o
                0x00000afa                gfx_mono_st7565r_put_byte
 .text.gfx_mono_st7565r_init
                0x00000c48       0x84 src/ASF/common/services/gfx_mono/gfx_mono_c12832_a1z.o
                0x00000c48                gfx_mono_st7565r_init
 .text.gfx_mono_st7565r_draw_pixel
                0x00000ccc       0x6c src/ASF/common/services/gfx_mono/gfx_mono_c12832_a1z.o
                0x00000ccc                gfx_mono_st7565r_draw_pixel
 .text.gfx_mono_st7565r_get_byte
                0x00000d38        0x4 src/ASF/common/services/gfx_mono/gfx_mono_c12832_a1z.o
                0x00000d38                gfx_mono_st7565r_get_byte
 .text.gfx_mono_set_framebuffer
                0x00000d3c        0xa src/ASF/common/services/gfx_mono/gfx_mono_framebuffer.o
                0x00000d3c                gfx_mono_set_framebuffer
 .text.gfx_mono_framebuffer_put_page
                0x00000d46       0x28 src/ASF/common/services/gfx_mono/gfx_mono_framebuffer.o
                0x00000d46                gfx_mono_framebuffer_put_page
 .text.gfx_mono_framebuffer_put_byte
                0x00000d6e       0x1c src/ASF/common/services/gfx_mono/gfx_mono_framebuffer.o
                0x00000d6e                gfx_mono_framebuffer_put_byte
 .text.gfx_mono_framebuffer_get_byte
                0x00000d8a       0x1c src/ASF/common/services/gfx_mono/gfx_mono_framebuffer.o
                0x00000d8a                gfx_mono_framebuffer_get_byte
 .text.gfx_mono_generic_draw_horizontal_line
                0x00000da6       0xc4 src/ASF/common/services/gfx_mono/gfx_mono_generic.o
                0x00000da6                gfx_mono_generic_draw_horizontal_line
 .text.gfx_mono_generic_draw_filled_rect
                0x00000e6a       0x34 src/ASF/common/services/gfx_mono/gfx_mono_generic.o
                0x00000e6a                gfx_mono_generic_draw_filled_rect
 .text.gfx_mono_generic_put_bitmap
                0x00000e9e       0xd2 src/ASF/common/services/gfx_mono/gfx_mono_generic.o
                0x00000e9e                gfx_mono_generic_put_bitmap
 .text.gfx_mono_spinctrl_draw_indicator
                0x00000f70       0x26 src/ASF/common/services/gfx_mono/gfx_mono_spinctrl.o
 .text.gfx_mono_spinctrl_draw_button
                0x00000f96       0xb8 src/ASF/common/services/gfx_mono/gfx_mono_spinctrl.o
 .text.gfx_mono_spinctrl_draw
                0x0000104e      0x118 src/ASF/common/services/gfx_mono/gfx_mono_spinctrl.o
                0x0000104e                gfx_mono_spinctrl_draw
 .text.gfx_mono_spinctrl_init
                0x00001166       0x3e src/ASF/common/services/gfx_mono/gfx_mono_spinctrl.o
                0x00001166                gfx_mono_spinctrl_init
 .text.gfx_mono_spinctrl_spincollection_init
                0x000011a4        0xe src/ASF/common/services/gfx_mono/gfx_mono_spinctrl.o
                0x000011a4                gfx_mono_spinctrl_spincollection_init
 .text.gfx_mono_spinctrl_spincollection_add_spinner
                0x000011b2       0x66 src/ASF/common/services/gfx_mono/gfx_mono_spinctrl.o
                0x000011b2                gfx_mono_spinctrl_spincollection_add_spinner
 .text.gfx_mono_spinctrl_spincollection_show
                0x00001218       0x58 src/ASF/common/services/gfx_mono/gfx_mono_spinctrl.o
                0x00001218                gfx_mono_spinctrl_spincollection_show
 .text.gfx_mono_draw_char
                0x00001270       0xba src/ASF/common/services/gfx_mono/gfx_mono_text.o
                0x00001270                gfx_mono_draw_char
 .text.gfx_mono_draw_string
                0x0000132a       0x52 src/ASF/common/services/gfx_mono/gfx_mono_text.o
                0x0000132a                gfx_mono_draw_string
 .text.gfx_mono_draw_progmem_string
                0x0000137c       0x5c src/ASF/common/services/gfx_mono/gfx_mono_text.o
                0x0000137c                gfx_mono_draw_progmem_string
 .text.gfx_mono_get_string_bounding_box
                0x000013d8       0x3e src/ASF/common/services/gfx_mono/gfx_mono_text.o
                0x000013d8                gfx_mono_get_string_bounding_box
 .text.ioport_configure_port_pin
                0x00001416       0x4e src/ASF/common/services/ioport/xmega/ioport_compat.o
                0x00001416                ioport_configure_port_pin
 .text.usart_spi_init
                0x00001464       0x5e src/ASF/common/services/spi/xmega_usart_spi/usart_spi.o
                0x00001464                usart_spi_init
 .text.usart_spi_setup_device
                0x000014c2       0x34 src/ASF/common/services/spi/xmega_usart_spi/usart_spi.o
                0x000014c2                usart_spi_setup_device
 .text.usart_spi_select_device
                0x000014f6       0x2c src/ASF/common/services/spi/xmega_usart_spi/usart_spi.o
                0x000014f6                usart_spi_select_device
 .text.usart_spi_deselect_device
                0x00001522       0x2c src/ASF/common/services/spi/xmega_usart_spi/usart_spi.o
                0x00001522                usart_spi_deselect_device
 .text.board_init
                0x0000154e       0x9e src/ASF/xmega/boards/xmega_a3bu_xplained/init.o
                0x0000154e                board_init
 .text.ccp_write_io
                0x000015ec        0xc src/ASF/xmega/drivers/cpu/ccp.o
                0x000015ec                ccp_write_io
 .text.usart_spi_set_baudrate
                0x000015f8       0x62 src/ASF/xmega/drivers/usart/usart.o
                0x000015f8                usart_spi_set_baudrate
 .text.usart_init_spi
                0x0000165a      0x3c8 src/ASF/xmega/drivers/usart/usart.o
                0x0000165a                usart_init_spi
 .text.main     0x00001a22       0xaa src/example_spinctrl.o
                0x00001a22                main
 .text.libgcc.div
                0x00001acc       0x44 c:/program files (x86)/atmel/studio/7.0/toolchain/avr8/avr8-gnu-toolchain/bin/../lib/gcc/avr/5.4.0/avrxmega6\libgcc.a(_udivmodsi4.o)
                0x00001acc                __udivmodsi4
 .text.avr-libc
                0x00001b10       0x6c c:/program files (x86)/atmel/studio/7.0/toolchain/avr8/avr8-gnu-toolchain/bin/../lib/gcc/avr/5.4.0/../../../../avr/lib/avrxmega6\libc.a(snprintf.o)
                0x00001b10                snprintf
 .text.avr-libc
                0x00001b7c      0x3ee c:/program files (x86)/atmel/studio/7.0/toolchain/avr8/avr8-gnu-toolchain/bin/../lib/gcc/avr/5.4.0/../../../../avr/lib/avrxmega6\libc.a(vfprintf_std.o)
                0x00001b7c                vfprintf
 .text.avr-libc
                0x00001f6a       0x16 c:/program files (x86)/atmel/studio/7.0/toolchain/avr8/avr8-gnu-toolchain/bin/../lib/gcc/avr/5.4.0/../../../../avr/lib/avrxmega6\libc.a(strnlen_P.o)
                0x00001f6a                strnlen_P
 .text.avr-libc
                0x00001f80       0x16 c:/program files (x86)/atmel/studio/7.0/toolchain/avr8/avr8-gnu-toolchain/bin/../lib/gcc/avr/5.4.0/../../../../avr/lib/avrxmega6\libc.a(strnlen.o)
                0x00001f80                strnlen
 .text.avr-libc
                0x00001f96       0x78 c:/program files (x86)/atmel/studio/7.0/toolchain/avr8/avr8-gnu-toolchain/bin/../lib/gcc/avr/5.4.0/../../../../avr/lib/avrxmega6\libc.a(fputc.o)
                0x00001f96                fputc
 .text.avr-libc
                0x0000200e       0xbc c:/program files (x86)/atmel/studio/7.0/toolchain/avr8/avr8-gnu-toolchain/bin/../lib/gcc/avr/5.4.0/../../../../avr/lib/avrxmega6\libc.a(ultoa_invert.o)
                0x0000200e                __ultoa_invert
                0x000020ca                . = ALIGN (0x2)
 *(.fini9)
 .fini9         0x000020ca        0x0 c:/program files (x86)/atmel/studio/7.0/toolchain/avr8/avr8-gnu-toolchain/bin/../lib/gcc/avr/5.4.0/avrxmega6\libgcc.a(_exit.o)
                0x000020ca                _exit
                0x000020ca                exit
 *(.fini9)
 *(.fini8)
 *(.fini8)
 *(.fini7)
 *(.fini7)
 *(.fini6)
 *(.fini6)
 *(.fini5)
 *(.fini5)
 *(.fini4)
 *(.fini4)
 *(.fini3)
 *(.fini3)
 *(.fini2)
 *(.fini2)
 *(.fini1)
 *(.fini1)
 *(.fini0)
 .fini0         0x000020ca        0x4 c:/program files (x86)/atmel/studio/7.0/toolchain/avr8/avr8-gnu-toolchain/bin/../lib/gcc/avr/5.4.0/avrxmega6\libgcc.a(_exit.o)
 *(.fini0)
                0x000020ce                _etext = .

.data           0x00802000       0x1c load address 0x000020ce
                0x00802000                PROVIDE (__data_start, .)
 *(.data)
 *(.data*)
 .data.gfx_mono_spinctrl_bitmap_indicator
                0x00802000        0x5 src/ASF/common/services/gfx_mono/gfx_mono_spinctrl.o
                0x00802000                gfx_mono_spinctrl_bitmap_indicator
 .data.gfx_mono_spinctrl_bitmap_spin_indicator
                0x00802005        0x5 src/ASF/common/services/gfx_mono/gfx_mono_spinctrl.o
                0x00802005                gfx_mono_spinctrl_bitmap_spin_indicator
 .data.sysfont  0x0080200a        0x7 src/ASF/common/services/gfx_mono/sysfont.o
                0x0080200a                sysfont
 .data.spinner_choicestrings
                0x00802011        0x8 src/example_spinctrl.o
                0x00802011                spinner_choicestrings
 *(.gnu.linkonce.d*)
 *(.rodata)
 *(.rodata*)
 .rodata.str1.1
                0x00802019        0x3 src/ASF/common/services/gfx_mono/gfx_mono_spinctrl.o
 *(.gnu.linkonce.r*)
                0x0080201c                . = ALIGN (0x2)
                0x0080201c                _edata = .
                0x0080201c                PROVIDE (__data_end, .)

.bss            0x0080201c      0x202
                0x0080201c                PROVIDE (__bss_start, .)
 *(.bss)
 *(.bss*)
 .bss.framebuffer
                0x0080201c      0x200 src/ASF/common/services/gfx_mono/gfx_mono_c12832_a1z.o
 .bss.fbpointer
                0x0080221c        0x2 src/ASF/common/services/gfx_mono/gfx_mono_framebuffer.o
 *(COMMON)
                0x0080221e                PROVIDE (__bss_end, .)
                0x000020ce                __data_load_start = LOADADDR (.data)
                0x000020ea                __data_load_end = (__data_load_start + SIZEOF (.data))

.noinit         0x0080221e        0x0
                [!provide]                PROVIDE (__noinit_start, .)
 *(.noinit*)
                [!provide]                PROVIDE (__noinit_end, .)
                0x0080221e                _end = .
                [!provide]                PROVIDE (__heap_start, .)

.eeprom         0x00810000        0x0
 *(.eeprom*)
                0x00810000                __eeprom_end = .

.fuse
 *(.fuse)
 *(.lfuse)
 *(.hfuse)
 *(.efuse)

.lock
 *(.lock*)

.signature
 *(.signature*)

.user_signatures
 *(.user_signatures*)

.stab
 *(.stab)

.stabstr
 *(.stabstr)

.stab.excl
 *(.stab.excl)

.stab.exclstr
 *(.stab.exclstr)

.stab.index
 *(.stab.index)

.stab.indexstr
 *(.stab.indexstr)

.comment        0x00000000       0x5c
 *(.comment)
 .comment       0x00000000       0x30 src/ASF/common/components/display/st7565r/st7565r.o
                                 0x31 (size before relaxing)
 .comment       0x00000030       0x31 src/ASF/common/services/clock/xmega/sysclk.o
 .comment       0x00000030       0x31 src/ASF/common/services/gfx_mono/gfx_mono_c12832_a1z.o
 .comment       0x00000030       0x31 src/ASF/common/services/gfx_mono/gfx_mono_framebuffer.o
 .comment       0x00000030       0x31 src/ASF/common/services/gfx_mono/gfx_mono_generic.o
 .comment       0x00000030       0x31 src/ASF/common/services/gfx_mono/gfx_mono_spinctrl.o
 .comment       0x00000030       0x31 src/ASF/common/services/gfx_mono/gfx_mono_text.o
 .comment       0x00000030       0x31 src/ASF/common/services/gfx_mono/sysfont.o
 .comment       0x00000030       0x31 src/ASF/common/services/ioport/xmega/ioport_compat.o
 .comment       0x00000030       0x31 src/ASF/common/services/spi/xmega_usart_spi/usart_spi.o
 .comment       0x00000030       0x31 src/ASF/xmega/boards/xmega_a3bu_xplained/init.o
 .comment       0x00000030       0x31 src/ASF/xmega/drivers/usart/usart.o
 .comment       0x00000030       0x31 src/example_spinctrl.o
 .comment       0x00000030       0x31 c:/program files (x86)/atmel/studio/7.0/toolchain/avr8/avr8-gnu-toolchain/bin/../lib/gcc/avr/5.4.0/../../../../avr/lib/avrxmega6\libc.a(snprintf.o)
 .comment       0x00000030       0x2c c:/program files (x86)/atmel/studio/7.0/toolchain/avr8/avr8-gnu-toolchain/bin/../lib/gcc/avr/5.4.0/../../../../avr/lib/avrxmega6\libc.a(vfprintf_std.o)
                                 0x2d (size before relaxing)
 .comment       0x0000005c       0x31 c:/program files (x86)/atmel/studio/7.0/toolchain/avr8/avr8-gnu-toolchain/bin/../lib/gcc/avr/5.4.0/../../../../avr/lib/avrxmega6\libc.a(fputc.o)

.note.gnu.avr.deviceinfo
                0x00000000       0x44
 .note.gnu.avr.deviceinfo
                0x00000000       0x44 C:/Program Files (x86)/Atmel/Studio/7.0/Packs/atmel/XMEGAA_DFP/1.1.68/gcc/dev/atxmega256a3bu/avrxmega6/crtatxmega256a3bu.o

.note.gnu.build-id
 *(.note.gnu.build-id)

.debug
 *(.debug)

.line
 *(.line)

.debug_srcinfo
 *(.debug_srcinfo)

.debug_sfnames
 *(.debug_sfnames)

.debug_aranges  0x00000000      0x350
 *(.debug_aranges)
 .debug_aranges
                0x00000000       0x28 src/ASF/common/components/display/st7565r/st7565r.o
 .debug_aranges
                0x00000028       0x40 src/ASF/common/services/clock/xmega/sysclk.o
 .debug_aranges
                0x00000068       0x60 src/ASF/common/services/gfx_mono/gfx_mono_c12832_a1z.o
 .debug_aranges
                0x000000c8       0x58 src/ASF/common/services/gfx_mono/gfx_mono_framebuffer.o
 .debug_aranges
                0x00000120       0x58 src/ASF/common/services/gfx_mono/gfx_mono_generic.o
 .debug_aranges
                0x00000178       0x60 src/ASF/common/services/gfx_mono/gfx_mono_spinctrl.o
 .debug_aranges
                0x000001d8       0x40 src/ASF/common/services/gfx_mono/gfx_mono_text.o
 .debug_aranges
                0x00000218       0x18 src/ASF/common/services/gfx_mono/sysfont.o
 .debug_aranges
                0x00000230       0x20 src/ASF/common/services/ioport/xmega/ioport_compat.o
 .debug_aranges
                0x00000250       0x48 src/ASF/common/services/spi/xmega_usart_spi/usart_spi.o
 .debug_aranges
                0x00000298       0x20 src/ASF/xmega/boards/xmega_a3bu_xplained/init.o
 .debug_aranges
                0x000002b8       0x20 src/ASF/xmega/drivers/cpu/ccp.o
 .debug_aranges
                0x000002d8       0x58 src/ASF/xmega/drivers/usart/usart.o
 .debug_aranges
                0x00000330       0x20 src/example_spinctrl.o

.debug_pubnames
 *(.debug_pubnames)

.debug_info     0x00000000     0xe173
 *(.debug_info .gnu.linkonce.wi.*)
 .debug_info    0x00000000     0x3379 C:/Program Files (x86)/Atmel/Studio/7.0/Packs/atmel/XMEGAA_DFP/1.1.68/gcc/dev/atxmega256a3bu/avrxmega6/crtatxmega256a3bu.o
 .debug_info    0x00003379     0x1945 src/ASF/common/components/display/st7565r/st7565r.o
 .debug_info    0x00004cbe      0x8ad src/ASF/common/services/clock/xmega/sysclk.o
 .debug_info    0x0000556b     0x1de2 src/ASF/common/services/gfx_mono/gfx_mono_c12832_a1z.o
 .debug_info    0x0000734d      0x487 src/ASF/common/services/gfx_mono/gfx_mono_framebuffer.o
 .debug_info    0x000077d4      0xc10 src/ASF/common/services/gfx_mono/gfx_mono_generic.o
 .debug_info    0x000083e4      0xd80 src/ASF/common/services/gfx_mono/gfx_mono_spinctrl.o
 .debug_info    0x00009164      0x71b src/ASF/common/services/gfx_mono/gfx_mono_text.o
 .debug_info    0x0000987f      0x1af src/ASF/common/services/gfx_mono/sysfont.o
 .debug_info    0x00009a2e      0x121 src/ASF/common/services/ioport/xmega/ioport_compat.o
 .debug_info    0x00009b4f      0xb7e src/ASF/common/services/spi/xmega_usart_spi/usart_spi.o
 .debug_info    0x0000a6cd      0x71c src/ASF/xmega/boards/xmega_a3bu_xplained/init.o
 .debug_info    0x0000ade9       0xa1 src/ASF/xmega/drivers/cpu/ccp.o
 .debug_info    0x0000ae8a     0x2ce5 src/ASF/xmega/drivers/usart/usart.o
 .debug_info    0x0000db6f      0x604 src/example_spinctrl.o

.debug_abbrev   0x00000000     0x4c38
 *(.debug_abbrev)
 .debug_abbrev  0x00000000     0x30c4 C:/Program Files (x86)/Atmel/Studio/7.0/Packs/atmel/XMEGAA_DFP/1.1.68/gcc/dev/atxmega256a3bu/avrxmega6/crtatxmega256a3bu.o
 .debug_abbrev  0x000030c4      0x2a0 src/ASF/common/components/display/st7565r/st7565r.o
 .debug_abbrev  0x00003364      0x24e src/ASF/common/services/clock/xmega/sysclk.o
 .debug_abbrev  0x000035b2      0x385 src/ASF/common/services/gfx_mono/gfx_mono_c12832_a1z.o
 .debug_abbrev  0x00003937      0x174 src/ASF/common/services/gfx_mono/gfx_mono_framebuffer.o
 .debug_abbrev  0x00003aab      0x1ac src/ASF/common/services/gfx_mono/gfx_mono_generic.o
 .debug_abbrev  0x00003c57      0x2ad src/ASF/common/services/gfx_mono/gfx_mono_spinctrl.o
 .debug_abbrev  0x00003f04      0x21c src/ASF/common/services/gfx_mono/gfx_mono_text.o
 .debug_abbrev  0x00004120       0xe2 src/ASF/common/services/gfx_mono/sysfont.o
 .debug_abbrev  0x00004202       0x95 src/ASF/common/services/ioport/xmega/ioport_compat.o
 .debug_abbrev  0x00004297      0x2d8 src/ASF/common/services/spi/xmega_usart_spi/usart_spi.o
 .debug_abbrev  0x0000456f      0x14a src/ASF/xmega/boards/xmega_a3bu_xplained/init.o
 .debug_abbrev  0x000046b9       0x14 src/ASF/xmega/drivers/cpu/ccp.o
 .debug_abbrev  0x000046cd      0x3f5 src/ASF/xmega/drivers/usart/usart.o
 .debug_abbrev  0x00004ac2      0x176 src/example_spinctrl.o

.debug_line     0x00000000     0x7db5
 *(.debug_line .debug_line.* .debug_line_end)
 .debug_line    0x00000000      0x39d C:/Program Files (x86)/Atmel/Studio/7.0/Packs/atmel/XMEGAA_DFP/1.1.68/gcc/dev/atxmega256a3bu/avrxmega6/crtatxmega256a3bu.o
 .debug_line    0x0000039d      0xac3 src/ASF/common/components/display/st7565r/st7565r.o
 .debug_line    0x00000e60      0x6b4 src/ASF/common/services/clock/xmega/sysclk.o
 .debug_line    0x00001514      0xda7 src/ASF/common/services/gfx_mono/gfx_mono_c12832_a1z.o
 .debug_line    0x000022bb      0x918 src/ASF/common/services/gfx_mono/gfx_mono_framebuffer.o
 .debug_line    0x00002bd3      0xc05 src/ASF/common/services/gfx_mono/gfx_mono_generic.o
 .debug_line    0x000037d8      0xcf7 src/ASF/common/services/gfx_mono/gfx_mono_spinctrl.o
 .debug_line    0x000044cf      0x9a2 src/ASF/common/services/gfx_mono/gfx_mono_text.o
 .debug_line    0x00004e71      0x7c2 src/ASF/common/services/gfx_mono/sysfont.o
 .debug_line    0x00005633      0x4b4 src/ASF/common/services/ioport/xmega/ioport_compat.o
 .debug_line    0x00005ae7      0x7d6 src/ASF/common/services/spi/xmega_usart_spi/usart_spi.o
 .debug_line    0x000062bd      0x4df src/ASF/xmega/boards/xmega_a3bu_xplained/init.o
 .debug_line    0x0000679c       0x6e src/ASF/xmega/drivers/cpu/ccp.o
 .debug_line    0x0000680a      0xc9d src/ASF/xmega/drivers/usart/usart.o
 .debug_line    0x000074a7      0x90e src/example_spinctrl.o

.debug_frame    0x00000000      0xa80
 *(.debug_frame)
 .debug_frame   0x00000000       0x68 src/ASF/common/components/display/st7565r/st7565r.o
 .debug_frame   0x00000068       0xa4 src/ASF/common/services/clock/xmega/sysclk.o
 .debug_frame   0x0000010c      0x1b4 src/ASF/common/services/gfx_mono/gfx_mono_c12832_a1z.o
 .debug_frame   0x000002c0       0xd0 src/ASF/common/services/gfx_mono/gfx_mono_framebuffer.o
 .debug_frame   0x00000390      0x214 src/ASF/common/services/gfx_mono/gfx_mono_generic.o
 .debug_frame   0x000005a4      0x178 src/ASF/common/services/gfx_mono/gfx_mono_spinctrl.o
 .debug_frame   0x0000071c      0x100 src/ASF/common/services/gfx_mono/gfx_mono_text.o
 .debug_frame   0x0000081c       0x30 src/ASF/common/services/ioport/xmega/ioport_compat.o
 .debug_frame   0x0000084c       0x90 src/ASF/common/services/spi/xmega_usart_spi/usart_spi.o
 .debug_frame   0x000008dc       0x24 src/ASF/xmega/boards/xmega_a3bu_xplained/init.o
 .debug_frame   0x00000900      0x14c src/ASF/xmega/drivers/usart/usart.o
 .debug_frame   0x00000a4c       0x34 src/example_spinctrl.o

.debug_str      0x00000000    0x31e48
 *(.debug_str)
 .debug_str     0x00000000     0x21e4 C:/Program Files (x86)/Atmel/Studio/7.0/Packs/atmel/XMEGAA_DFP/1.1.68/gcc/dev/atxmega256a3bu/avrxmega6/crtatxmega256a3bu.o
 .debug_str     0x000021e4    0x2b86c src/ASF/common/components/display/st7565r/st7565r.o
                              0x2c0a9 (size before relaxing)
 .debug_str     0x0002da50      0x3ce src/ASF/common/services/clock/xmega/sysclk.o
                              0x2aeb6 (size before relaxing)
 .debug_str     0x0002de1e      0xc05 src/ASF/common/services/gfx_mono/gfx_mono_c12832_a1z.o
                              0x2c9aa (size before relaxing)
 .debug_str     0x0002ea23       0xba src/ASF/common/services/gfx_mono/gfx_mono_framebuffer.o
                              0x2c5c5 (size before relaxing)
 .debug_str     0x0002eadd      0x225 src/ASF/common/services/gfx_mono/gfx_mono_generic.o
                              0x2c708 (size before relaxing)
 .debug_str     0x0002ed02     0x1ca9 src/ASF/common/services/gfx_mono/gfx_mono_spinctrl.o
                              0x2e203 (size before relaxing)
 .debug_str     0x000309ab      0x191 src/ASF/common/services/gfx_mono/gfx_mono_text.o
                              0x2c69c (size before relaxing)
 .debug_str     0x00030b3c       0x3d src/ASF/common/services/gfx_mono/sysfont.o
                              0x2d4f9 (size before relaxing)
 .debug_str     0x00030b79       0xab src/ASF/common/services/ioport/xmega/ioport_compat.o
                              0x28b8d (size before relaxing)
 .debug_str     0x00030c24      0x1d1 src/ASF/common/services/spi/xmega_usart_spi/usart_spi.o
                              0x2b67e (size before relaxing)
 .debug_str     0x00030df5       0x77 src/ASF/xmega/boards/xmega_a3bu_xplained/init.o
                              0x2a73e (size before relaxing)
 .debug_str     0x00030e6c      0xacb src/ASF/xmega/drivers/usart/usart.o
                              0x2c1c6 (size before relaxing)
 .debug_str     0x00031937      0x511 src/example_spinctrl.o
                              0x2e46a (size before relaxing)

.debug_loc      0x00000000     0x5fc5
 *(.debug_loc)
 .debug_loc     0x00000000      0x7c9 src/ASF/common/components/display/st7565r/st7565r.o
 .debug_loc     0x000007c9      0x329 src/ASF/common/services/clock/xmega/sysclk.o
 .debug_loc     0x00000af2     0x1382 src/ASF/common/services/gfx_mono/gfx_mono_c12832_a1z.o
 .debug_loc     0x00001e74      0x61c src/ASF/common/services/gfx_mono/gfx_mono_framebuffer.o
 .debug_loc     0x00002490     0x11c5 src/ASF/common/services/gfx_mono/gfx_mono_generic.o
 .debug_loc     0x00003655      0x99d src/ASF/common/services/gfx_mono/gfx_mono_spinctrl.o
 .debug_loc     0x00003ff2      0x9a2 src/ASF/common/services/gfx_mono/gfx_mono_text.o
 .debug_loc     0x00004994       0x66 src/ASF/common/services/ioport/xmega/ioport_compat.o
 .debug_loc     0x000049fa      0x56c src/ASF/common/services/spi/xmega_usart_spi/usart_spi.o
 .debug_loc     0x00004f66      0x203 src/ASF/xmega/boards/xmega_a3bu_xplained/init.o
 .debug_loc     0x00005169      0xe14 src/ASF/xmega/drivers/usart/usart.o
 .debug_loc     0x00005f7d       0x48 src/example_spinctrl.o

.debug_macinfo
 *(.debug_macinfo)

.debug_weaknames
 *(.debug_weaknames)

.debug_funcnames
 *(.debug_funcnames)

.debug_typenames
 *(.debug_typenames)

.debug_varnames
 *(.debug_varnames)

.debug_pubtypes
 *(.debug_pubtypes)

.debug_ranges   0x00000000      0x428
 *(.debug_ranges)
 .debug_ranges  0x00000000       0x18 src/ASF/common/components/display/st7565r/st7565r.o
 .debug_ranges  0x00000018       0x30 src/ASF/common/services/clock/xmega/sysclk.o
 .debug_ranges  0x00000048      0x188 src/ASF/common/services/gfx_mono/gfx_mono_c12832_a1z.o
 .debug_ranges  0x000001d0       0x48 src/ASF/common/services/gfx_mono/gfx_mono_framebuffer.o
 .debug_ranges  0x00000218       0x48 src/ASF/common/services/gfx_mono/gfx_mono_generic.o
 .debug_ranges  0x00000260       0x50 src/ASF/common/services/gfx_mono/gfx_mono_spinctrl.o
 .debug_ranges  0x000002b0       0x30 src/ASF/common/services/gfx_mono/gfx_mono_text.o
 .debug_ranges  0x000002e0       0x10 src/ASF/common/services/ioport/xmega/ioport_compat.o
 .debug_ranges  0x000002f0       0x98 src/ASF/common/services/spi/xmega_usart_spi/usart_spi.o
 .debug_ranges  0x00000388       0x10 src/ASF/xmega/boards/xmega_a3bu_xplained/init.o
 .debug_ranges  0x00000398       0x80 src/ASF/xmega/drivers/usart/usart.o
 .debug_ranges  0x00000418       0x10 src/example_spinctrl.o

.debug_macro    0x00000000     0xc124
 *(.debug_macro)
 .debug_macro   0x00000000      0x278 src/ASF/common/components/display/st7565r/st7565r.o
 .debug_macro   0x00000278      0xa9c src/ASF/common/components/display/st7565r/st7565r.o
 .debug_macro   0x00000d14       0x10 src/ASF/common/components/display/st7565r/st7565r.o
 .debug_macro   0x00000d24      0x1c9 src/ASF/common/components/display/st7565r/st7565r.o
 .debug_macro   0x00000eed      0x2fc src/ASF/common/components/display/st7565r/st7565r.o
 .debug_macro   0x000011e9       0x9e src/ASF/common/components/display/st7565r/st7565r.o
 .debug_macro   0x00001287     0x6271 src/ASF/common/components/display/st7565r/st7565r.o
 .debug_macro   0x000074f8       0x9a src/ASF/common/components/display/st7565r/st7565r.o
 .debug_macro   0x00007592       0xf1 src/ASF/common/components/display/st7565r/st7565r.o
 .debug_macro   0x00007683       0x34 src/ASF/common/components/display/st7565r/st7565r.o
 .debug_macro   0x000076b7       0x16 src/ASF/common/components/display/st7565r/st7565r.o
 .debug_macro   0x000076cd       0x18 src/ASF/common/components/display/st7565r/st7565r.o
 .debug_macro   0x000076e5       0x5e src/ASF/common/components/display/st7565r/st7565r.o
 .debug_macro   0x00007743       0x10 src/ASF/common/components/display/st7565r/st7565r.o
 .debug_macro   0x00007753       0x22 src/ASF/common/components/display/st7565r/st7565r.o
 .debug_macro   0x00007775      0x16d src/ASF/common/components/display/st7565r/st7565r.o
 .debug_macro   0x000078e2       0x1c src/ASF/common/components/display/st7565r/st7565r.o
 .debug_macro   0x000078fe       0x35 src/ASF/common/components/display/st7565r/st7565r.o
 .debug_macro   0x00007933       0x66 src/ASF/common/components/display/st7565r/st7565r.o
 .debug_macro   0x00007999      0x64b src/ASF/common/components/display/st7565r/st7565r.o
 .debug_macro   0x00007fe4       0x97 src/ASF/common/components/display/st7565r/st7565r.o
 .debug_macro   0x0000807b       0x17 src/ASF/common/components/display/st7565r/st7565r.o
 .debug_macro   0x00008092      0x250 src/ASF/common/components/display/st7565r/st7565r.o
 .debug_macro   0x000082e2       0x76 src/ASF/common/components/display/st7565r/st7565r.o
 .debug_macro   0x00008358       0x16 src/ASF/common/components/display/st7565r/st7565r.o
 .debug_macro   0x0000836e      0x6e3 src/ASF/common/components/display/st7565r/st7565r.o
 .debug_macro   0x00008a51       0x10 src/ASF/common/components/display/st7565r/st7565r.o
 .debug_macro   0x00008a61      0x175 src/ASF/common/components/display/st7565r/st7565r.o
 .debug_macro   0x00008bd6       0x40 src/ASF/common/components/display/st7565r/st7565r.o
 .debug_macro   0x00008c16       0x69 src/ASF/common/components/display/st7565r/st7565r.o
 .debug_macro   0x00008c7f       0x32 src/ASF/common/components/display/st7565r/st7565r.o
 .debug_macro   0x00008cb1       0xe4 src/ASF/common/components/display/st7565r/st7565r.o
 .debug_macro   0x00008d95       0x22 src/ASF/common/components/display/st7565r/st7565r.o
 .debug_macro   0x00008db7      0x2c6 src/ASF/common/components/display/st7565r/st7565r.o
 .debug_macro   0x0000907d      0x303 src/ASF/common/components/display/st7565r/st7565r.o
 .debug_macro   0x00009380       0x7d src/ASF/common/components/display/st7565r/st7565r.o
 .debug_macro   0x000093fd       0x2f src/ASF/common/components/display/st7565r/st7565r.o
 .debug_macro   0x0000942c      0x154 src/ASF/common/components/display/st7565r/st7565r.o
 .debug_macro   0x00009580       0x82 src/ASF/common/components/display/st7565r/st7565r.o
 .debug_macro   0x00009602      0x109 src/ASF/common/components/display/st7565r/st7565r.o
 .debug_macro   0x0000970b       0x28 src/ASF/common/components/display/st7565r/st7565r.o
 .debug_macro   0x00009733       0x23 src/ASF/common/components/display/st7565r/st7565r.o
 .debug_macro   0x00009756       0x3a src/ASF/common/components/display/st7565r/st7565r.o
 .debug_macro   0x00009790      0x100 src/ASF/common/components/display/st7565r/st7565r.o
 .debug_macro   0x00009890       0x34 src/ASF/common/components/display/st7565r/st7565r.o
 .debug_macro   0x000098c4       0x2e src/ASF/common/components/display/st7565r/st7565r.o
 .debug_macro   0x000098f2      0x1db src/ASF/common/services/clock/xmega/sysclk.o
 .debug_macro   0x00009acd       0x26 src/ASF/common/services/clock/xmega/sysclk.o
 .debug_macro   0x00009af3      0x2bc src/ASF/common/services/gfx_mono/gfx_mono_c12832_a1z.o
 .debug_macro   0x00009daf       0x7a src/ASF/common/services/gfx_mono/gfx_mono_c12832_a1z.o
 .debug_macro   0x00009e29       0x89 src/ASF/common/services/gfx_mono/gfx_mono_c12832_a1z.o
 .debug_macro   0x00009eb2      0x2b0 src/ASF/common/services/gfx_mono/gfx_mono_framebuffer.o
 .debug_macro   0x0000a162      0x302 src/ASF/common/services/gfx_mono/gfx_mono_framebuffer.o
 .debug_macro   0x0000a464      0x2b0 src/ASF/common/services/gfx_mono/gfx_mono_generic.o
 .debug_macro   0x0000a714      0x30d src/ASF/common/services/gfx_mono/gfx_mono_spinctrl.o
 .debug_macro   0x0000aa21       0x34 src/ASF/common/services/gfx_mono/gfx_mono_spinctrl.o
 .debug_macro   0x0000aa55       0x58 src/ASF/common/services/gfx_mono/gfx_mono_spinctrl.o
 .debug_macro   0x0000aaad       0x10 src/ASF/common/services/gfx_mono/gfx_mono_spinctrl.o
 .debug_macro   0x0000aabd       0xf2 src/ASF/common/services/gfx_mono/gfx_mono_spinctrl.o
 .debug_macro   0x0000abaf       0x46 src/ASF/common/services/gfx_mono/gfx_mono_spinctrl.o
 .debug_macro   0x0000abf5       0x39 src/ASF/common/services/gfx_mono/gfx_mono_spinctrl.o
 .debug_macro   0x0000ac2e      0x2d7 src/ASF/common/services/gfx_mono/gfx_mono_text.o
 .debug_macro   0x0000af05       0xaa src/ASF/common/services/gfx_mono/gfx_mono_text.o
 .debug_macro   0x0000afaf      0x2dd src/ASF/common/services/gfx_mono/sysfont.o
 .debug_macro   0x0000b28c       0x3a src/ASF/common/services/gfx_mono/sysfont.o
 .debug_macro   0x0000b2c6      0x195 src/ASF/common/services/ioport/xmega/ioport_compat.o
 .debug_macro   0x0000b45b      0x236 src/ASF/common/services/spi/xmega_usart_spi/usart_spi.o
 .debug_macro   0x0000b691      0x1b7 src/ASF/xmega/boards/xmega_a3bu_xplained/init.o
 .debug_macro   0x0000b848       0x10 src/ASF/xmega/boards/xmega_a3bu_xplained/init.o
 .debug_macro   0x0000b858      0x2c0 src/ASF/xmega/boards/xmega_a3bu_xplained/init.o
 .debug_macro   0x0000bb18      0x223 src/ASF/xmega/drivers/usart/usart.o
 .debug_macro   0x0000bd3b      0x353 src/example_spinctrl.o
 .debug_macro   0x0000c08e       0x34 src/example_spinctrl.o
 .debug_macro   0x0000c0c2       0x46 src/example_spinctrl.o
 .debug_macro   0x0000c108       0x1c src/example_spinctrl.o
OUTPUT(EXAMPLE_SPINCTRL1.elf elf32-avr)
LOAD linker stubs

.BOOT           0x00040000        0x0
